killed  E2E-X01 script text is read as page text — killed by "E2E-H01 the page's text is what a reader sees: no script or style, React's separators dropped, entities decoded"
killed  E2E-X02 React's text separators split a rendered value — killed by "E2E-H01 the page's text is what a reader sees: no script or style, React's separators dropped, entities decoded"
killed  E2E-X03 entities are not decoded — killed by "E2E-H01 the page's text is what a reader sees: no script or style, React's separators dropped, entities decoded"
killed  E2E-X04 a hex entity is read as decimal — killed by "E2E-H01 the page's text is what a reader sees: no script or style, React's separators dropped, entities decoded"
killed  E2E-X05 an unticked box is submitted — killed by "E2E-H02 a form submits what a browser would: hidden action fields, the selected option, the textarea, never an unticked box"
killed  E2E-X06 the selected option is ignored — killed by "E2E-H02 a form submits what a browser would: hidden action fields, the selected option, the textarea, never an unticked box"
killed  E2E-X07 a textarea is not submitted — killed by "E2E-H02 a form submits what a browser would: hidden action fields, the selected option, the textarea, never an unticked box"
killed  E2E-X08 a hidden field without a value is dropped — killed by "E2E-H02 a form submits what a browser would: hidden action fields, the selected option, the textarea, never an unticked box"
killed  E2E-X09 an ambiguous form match takes the first — killed by "E2E-H02 a form submits what a browser would: hidden action fields, the selected option, the textarea, never an unticked box"
killed  E2E-X10 a section runs on into the next record — killed by "E2E-H03 a record's section is found by its own label only"
killed  E2E-X11 a missing section is the whole page — killed by "E2E-H03 a record's section is found by its own label only"
killed  E2E-X12 a cleared cookie is kept — killed by "E2E-H04 the browser keeps the cookies it is given, drops a cleared one, and posts a form as multipart from its own origin, unfollowed"
killed  E2E-X13 an override is sent beside the form's own value — killed by "E2E-H04 the browser keeps the cookies it is given, drops a cleared one, and posts a form as multipart from its own origin, unfollowed"
killed  E2E-X14 a form is posted without its origin (Next refuses a cross-origin action) — killed by "E2E-H04 the browser keeps the cookies it is given, drops a cleared one, and posts a form as multipart from its own origin, unfollowed"
killed  E2E-X15 a redirect is followed, hiding where an action landed — killed by "E2E-H04 the browser keeps the cookies it is given, drops a cleared one, and posts a form as multipart from its own origin, unfollowed"
killed  E2E-X16 a value for a field the form does not have is sent anyway — killed by "E2E-H04 the browser keeps the cookies it is given, drops a cleared one, and posts a form as multipart from its own origin, unfollowed"
killed  E2E-X17 the session cookie is not sent back — killed by "E2E-H04 the browser keeps the cookies it is given, drops a cleared one, and posts a form as multipart from its own origin, unfollowed"

4 cases, all named: true; 17 mutants, 17 killed, 0 not killed
killed  E2E-S01 a lost capture loses its reason in the list — killed by "E2E-O01 a developer's list shows its own deployment's requests with each one's content state, and nothing else"
killed  E2E-S02 an ungranted request reads as expired content — killed by "E2E-O01 a developer's list shows its own deployment's requests with each one's content state, and nothing else"
killed  E2E-S03 content is loaded without being asked for — killed by "E2E-O02 the review page shows the record, then each panel's own answer: content on request, the feedback door, the judge door"
killed  E2E-S04 a refused list reads as not found, whatever the reason — killed by "E2E-O03 a viewer, another provider, a consumer-only account and a signed-out visitor see no request"
killed  E2E-S05 a consumer-only account gets a workspace chooser — killed by "E2E-O03 a viewer, another provider, a consumer-only account and a signed-out visitor see no request"
killed  E2E-S06 a metadata-only record shows an organization — killed by "E2E-O04 the grantor revokes: the same request reads as metadata only, with no organization or content offer"
killed  E2E-S07 an unavailable releases service reads as an empty list — killed by "E2E-R01 as the gateway composes LAB_RELEASES today, the page fails closed: no rows, no form, no success"
killed  E2E-S08 a rolled-back release still offers a rollback — killed by "E2E-R02 a guardrail breach is one D9 rollback the page shows from the records, with nothing left to propose"
killed  E2E-S09 a decided proposal still reads as pending — killed by "E2E-R03 an expand verdict → the administrator proposes at the shown fence → the operator approves → approved, with its evidence"
killed  E2E-S10 an inconclusive verdict offers an expansion — killed by "E2E-R04 an emergency rollback: the administrator proposes it, the operator approves it, the release rolls back once"
killed  E2E-S11 a viewer is offered the proposal forms — killed by "E2E-R05 unsafe proposals are refused with fixed copy: a viewer, another provider, a stale fence, a double click; a rejection changes nothing"
killed  E2E-S12 the form proposes at another fence than the page showed — killed by "E2E-R03 an expand verdict → the administrator proposes at the shown fence → the operator approves → approved, with its evidence"
killed  E2E-S13 an unavailable evaluation service reads as empty lists — killed by "E2E-E01 as the gateway composes LAB_EVALS today, the page fails closed: nothing listed, nothing to launch"
killed  E2E-S14 a launch does not land on its experiment — killed by "E2E-E02 a launch through the page's form lands on the experiment: its declared protocol and two queued runs"
killed  E2E-S15 a finished run offers a cancel — killed by "E2E-E03 progress and a cancel come from the records: a running run is cancelled once, a finished run offers none"
killed  E2E-S16 a stored report is shown as pending — killed by "E2E-E04 the comparison is B2's stored report as the view reads it: outcome, reasons, every estimate with its interval"
killed  E2E-S17 a viewer is offered the launch form — killed by "E2E-E05 a viewer, another provider and a consumer-only account see and launch nothing that is not theirs"
killed  E2E-S18 an unavailable pipeline service reads as empty lists — killed by "E2E-I01 as the gateway composes LAB_PIPELINES today: the annotations page reads, the training page fails closed"
killed  E2E-S19 a rejected import row loses its reason — killed by "E2E-I02 labels imported through the page's form: accepted rows listed as not ground truth, rejected rows with their reason"
killed  E2E-S20 an accepted import reads as ground truth — killed by "E2E-I03 an administrator assigns the reviewer, the developer accepts each label: an accepted import is still not ground truth"
killed  E2E-S21 an omitted label loses its reason — killed by "E2E-I04 a train-only export through the page's form: train samples in its lineage, the held-out label omitted with its reason"
killed  E2E-S22 a submitted manual run cannot be marked finished — killed by "E2E-I05 the manual bundle: prepared, submitted and finished from the training page; a returned checkpoint is never eligible without its held-out evaluation"
killed  E2E-S23 a checkpoint whose held-out evaluation is only queued reads as eligible — killed by "E2E-I05 the manual bundle: prepared, submitted and finished from the training page; a returned checkpoint is never eligible without its held-out evaluation"
killed  E2E-S24 a refused label read shows an empty page instead of its refusal — killed by "E2E-I06 a viewer, another provider and a consumer-only account neither see nor write this provider's labels"

stack: 20 cases named; 24 mutants, 24 killed, 0 not killed
exit 0
