..................................                                       [100%]
==================================== PASSES ====================================
=========================== short test summary info ============================
PASSED tests/integration/lab_rollout/test_mutants.py::test_the_lists_are_well_formed
PASSED tests/integration/lab_rollout/test_mutants.py::test_every_case_is_covered_by_a_mutant
PASSED tests/integration/lab_rollout/test_mutants.py::test_mutant_is_killed[xfail_is_a_pass]
PASSED tests/integration/lab_rollout/test_mutants.py::test_mutant_is_killed[not_run_is_a_pass]
PASSED tests/integration/lab_rollout/test_mutants.py::test_mutant_is_killed[required_cases_ignored]
PASSED tests/integration/lab_rollout/test_mutants.py::test_mutant_is_killed[harness_error_is_a_product_fail]
PASSED tests/integration/lab_rollout/test_mutants.py::test_mutant_is_killed[gate_is_the_best_status]
PASSED tests/integration/lab_rollout/test_mutants.py::test_mutant_is_killed[a_cell_over_every_scenario]
PASSED tests/integration/lab_rollout/test_mutants.py::test_mutant_is_killed[not_run_exits_zero]
PASSED tests/integration/lab_rollout/test_mutants.py::test_mutant_is_killed[no_stack_passes]
PASSED tests/integration/lab_rollout/test_mutants.py::test_mutant_is_killed[a_manifest_test_id_dropped]
PASSED tests/integration/lab_rollout/test_mutants.py::test_mutant_is_killed[k10_claimed_waiting]
PASSED tests/integration/lab_rollout/test_mutants.py::test_mutant_is_killed[k10_port_half_optional]
PASSED tests/integration/lab_rollout/test_mutants.py::test_mutant_is_killed[a_required_case_renamed]
PASSED tests/integration/lab_rollout/test_mutants.py::test_mutant_is_killed[another_namespace]
PASSED tests/integration/lab_rollout/test_mutants.py::test_mutant_is_killed[an_endpoint_on_a_service_port]
PASSED tests/integration/lab_rollout/test_mutants.py::test_mutant_is_killed[the_dead_port_is_an_endpoint]
PASSED tests/integration/lab_rollout/test_mutants.py::test_mutant_is_killed[not_run_without_the_rerun]
PASSED tests/integration/lab_rollout/test_mutants.py::test_mutant_is_killed[sub_cell_is_a_pass]
PASSED tests/integration/lab_rollout/test_mutants.py::test_mutant_is_killed[sub_cell_without_its_lane]
PASSED tests/integration/lab_rollout/test_mutants.py::test_mutant_is_killed[k09_breach_still_a_sub_cell]
PASSED tests/integration/lab_rollout/test_mutants.py::test_mutant_is_killed[k10_ui_still_a_sub_cell]
PASSED tests/integration/lab_rollout/test_mutants.py::test_mutant_is_killed[r222_in_scope_lane_excused]
PASSED tests/integration/lab_rollout/test_mutants.py::test_mutant_is_killed[r222_never_run_excused]
PASSED tests/integration/lab_rollout/test_mutants.py::test_mutant_is_killed[r222_any_reason_excuses]
PASSED tests/integration/lab_rollout/test_mutants.py::test_mutant_is_killed[r222_fail_excused_by_its_message]
PASSED tests/integration/lab_rollout/test_mutants.py::test_mutant_is_killed[r222_pass_is_open]
PASSED tests/integration/lab_rollout/test_mutants.py::test_mutant_is_killed[r222_sub_cells_ignored]
PASSED tests/integration/lab_rollout/test_mutants.py::test_mutant_is_killed[r222_gpu_in_scope]
PASSED tests/integration/lab_rollout/test_mutants.py::test_mutant_is_killed[r222_landed_wr_still_excused]
PASSED tests/integration/lab_rollout/test_mutants.py::test_mutant_is_killed[k10_plan_path_relative]
PASSED tests/integration/lab_rollout/test_mutants.py::test_mutant_is_killed[unbound_case_runs]
PASSED tests/integration/lab_rollout/test_mutants.py::test_the_runner_cannot_report_a_false_kill[self_no_op]
PASSED tests/integration/lab_rollout/test_mutants.py::test_the_runner_cannot_report_a_false_kill[self_missing_anchor]
34 passed, 55 deselected in 48.95s
