........................................................................ [ 62%]
...........................................                              [100%]
==================================== PASSES ====================================
=========================== short test summary info ============================
PASSED tests/l/control/test_mutants.py::test_the_list_is_well_formed
PASSED tests/l/control/test_mutants.py::test_every_case_is_covered_by_a_mutant
PASSED tests/l/control/test_mutants.py::test_mutant_is_killed[register_open_to_viewer]
PASSED tests/l/control/test_mutants.py::test_mutant_is_killed[register_row_of_another_provider]
PASSED tests/l/control/test_mutants.py::test_mutant_is_killed[register_model_of_another_provider]
PASSED tests/l/control/test_mutants.py::test_mutant_is_killed[runtime_by_tag]
PASSED tests/l/control/test_mutants.py::test_mutant_is_killed[runtime_any_image]
PASSED tests/l/control/test_mutants.py::test_mutant_is_killed[schema_unchecked]
PASSED tests/l/control/test_mutants.py::test_mutant_is_killed[dev_of_another_providers_serving]
PASSED tests/l/control/test_mutants.py::test_mutant_is_killed[dev_revision_of_any_provider]
PASSED tests/l/control/test_mutants.py::test_mutant_is_killed[dev_revision_of_any_environment]
PASSED tests/l/control/test_mutants.py::test_mutant_is_killed[smoke_skipped]
PASSED tests/l/control/test_mutants.py::test_mutant_is_killed[smoke_inverted]
PASSED tests/l/control/test_mutants.py::test_mutant_is_killed[key_before_validation]
PASSED tests/l/control/test_mutants.py::test_mutant_is_killed[key_for_draft]
PASSED tests/l/control/test_mutants.py::test_mutant_is_killed[price_unvalidated]
PASSED tests/l/control/test_mutants.py::test_mutant_is_killed[key_stores_the_secret]
PASSED tests/l/control/test_mutants.py::test_mutant_is_killed[proposal_by_developer]
PASSED tests/l/control/test_mutants.py::test_mutant_is_killed[history_open_to_viewer]
PASSED tests/l/control/test_mutants.py::test_mutant_is_killed[card_not_the_operators]
PASSED tests/l/control/test_mutants.py::test_mutant_is_killed[internal_card_on_public]
PASSED tests/l/control/test_mutants.py::test_mutant_is_killed[fund_new_operation_each_call]
PASSED tests/l/control/test_mutants.py::test_mutant_is_killed[operator_unnamed]
PASSED tests/l/control/test_mutants.py::test_mutant_is_killed[transition_without_cas]
PASSED tests/l/control/test_mutants.py::test_mutant_is_killed[transition_unattributed]
PASSED tests/l/control/test_mutants.py::test_mutant_is_killed[proposal_of_unvalidated]
PASSED tests/l/control/test_mutants.py::test_mutant_is_killed[proposal_retry_opens_a_second]
PASSED tests/l/control/test_mutants.py::test_mutant_is_killed[listing_without_cas]
PASSED tests/l/control/test_mutants.py::test_mutant_is_killed[publish_any_revision]
PASSED tests/l/control/test_mutants.py::test_mutant_is_killed[publish_retires_previous]
PASSED tests/l/control/test_mutants.py::test_mutant_is_killed[listing_overwritten]
PASSED tests/l/control/test_mutants.py::test_mutant_is_killed[rollback_to_any_version]
PASSED tests/l/control/test_mutants.py::test_mutant_is_killed[rollback_to_retired]
PASSED tests/l/control/test_mutants.py::test_mutant_is_killed[dev_wallet_opens_with_a_grant]
PASSED tests/l/control/test_mutants.py::test_mutant_is_killed[private_resolves_unvalidated]
PASSED tests/l/control/test_mutants.py::test_mutant_is_killed[models_unguarded]
PASSED tests/l/control/test_mutants.py::test_mutant_is_killed[deployments_unguarded]
PASSED tests/l/control/test_mutants.py::test_mutant_is_killed[proposals_unguarded]
PASSED tests/l/control/test_mutants.py::test_mutant_is_killed[register_role_after_lookup]
PASSED tests/l/control/test_mutants.py::test_mutant_is_killed[register_any_model_name]
PASSED tests/l/control/test_mutants.py::test_mutant_is_killed[register_slug_qualified_name]
PASSED tests/l/control/test_mutants.py::test_mutant_is_killed[register_any_weights]
PASSED tests/l/control/test_mutants.py::test_mutant_is_killed[register_keeps_base_runtime]
PASSED tests/l/control/test_mutants.py::test_mutant_is_killed[register_runtime_repinned_to_artifact]
PASSED tests/l/control/test_mutants.py::test_mutant_is_killed[register_image_digest_dropped]
PASSED tests/l/control/test_mutants.py::test_mutant_is_killed[model_shows_the_runtime_digest]
PASSED tests/l/control/test_mutants.py::test_mutant_is_killed[register_keeps_base_schema]
PASSED tests/l/control/test_mutants.py::test_mutant_is_killed[register_without_limits]
PASSED tests/l/control/test_mutants.py::test_mutant_is_killed[register_limits_invented]
PASSED tests/l/control/test_mutants.py::test_mutant_is_killed[register_dev_endpoint_misnamed]
PASSED tests/l/control/test_mutants.py::test_mutant_is_killed[smoke_failure_reads_passed]
PASSED tests/l/control/test_mutants.py::test_mutant_is_killed[draft_reads_passed]
PASSED tests/l/control/test_mutants.py::test_mutant_is_killed[retired_reads_active]
PASSED tests/l/control/test_mutants.py::test_mutant_is_killed[rate_card_dropped]
PASSED tests/l/control/test_mutants.py::test_mutant_is_killed[proposal_reads_approved_early]
PASSED tests/l/control/test_mutants.py::test_mutant_is_killed[approval_unread]
PASSED tests/l/control/test_mutants.py::test_mutant_is_killed[proposal_names_the_prod_revision]
PASSED tests/l/control/test_mutants.py::test_mutant_is_killed[provider_rollback_proposal]
PASSED tests/l/control/test_mutants.py::test_mutant_is_killed[proposal_to_another_endpoint]
PASSED tests/l/control/test_mutants.py::test_mutant_is_killed[serving_reads_the_first_version]
PASSED tests/l/control/test_mutants.py::test_mutant_is_killed[rollback_ignores_the_digest]
PASSED tests/l/control/test_mutants.py::test_mutant_is_killed[rollback_unfenced]
PASSED tests/l/control/test_mutants.py::test_mutant_is_killed[readyz_always_ready]
PASSED tests/l/control/test_mutants.py::test_mutant_is_killed[control_docs_served]
PASSED tests/l/control/test_mutants.py::test_mutant_is_killed[control_routes_unmounted]
PASSED tests/l/control/test_mutants.py::test_mutant_is_killed[lab_setting_waved_through]
PASSED tests/l/control/test_mutants.py::test_mutant_is_killed[servings_of_every_provider]
PASSED tests/l/control/test_mutants.py::test_mutant_is_killed[deployments_of_every_provider]
PASSED tests/l/control/test_mutants.py::test_mutant_is_killed[allocation_replayed_twice]
PASSED tests/l/control/test_mutants.py::test_mutant_is_killed[reject_unnamed]
PASSED tests/l/control/test_mutants.py::test_mutant_is_killed[reject_reason_dropped]
PASSED tests/l/control/test_mutants.py::test_mutant_is_killed[reject_any_state]
PASSED tests/l/control/test_mutants.py::test_mutant_is_killed[reject_without_reason]
PASSED tests/l/control/test_mutants.py::test_mutant_is_killed[rejected_stays_public]
PASSED tests/l/control/test_mutants.py::test_mutant_is_killed[reject_unaudited_start]
PASSED tests/l/control/test_mutants.py::test_mutant_is_killed[operator_bit_ignored]
PASSED tests/l/control/test_mutants.py::test_mutant_is_killed[operator_door_open]
PASSED tests/l/control/test_mutants.py::test_mutant_is_killed[operator_principal_claimed]
PASSED tests/l/control/test_mutants.py::test_mutant_is_killed[reject_anything]
PASSED tests/l/control/test_mutants.py::test_mutant_is_killed[rejection_undated]
PASSED tests/l/control/test_mutants.py::test_mutant_is_killed[reject_body_before_operator]
PASSED tests/l/control/test_mutants.py::test_mutant_is_killed[reject_reason_optional]
PASSED tests/l/control/test_mutants.py::test_mutant_is_killed[reject_unmounted]
PASSED tests/l/control/test_mutants.py::test_pg_mutant_is_killed[pg_register_open_to_viewer]
PASSED tests/l/control/test_mutants.py::test_pg_mutant_is_killed[pg_register_row_of_another_provider]
PASSED tests/l/control/test_mutants.py::test_pg_mutant_is_killed[pg_register_model_of_another_provider]
PASSED tests/l/control/test_mutants.py::test_pg_mutant_is_killed[pg_runtime_by_tag]
PASSED tests/l/control/test_mutants.py::test_pg_mutant_is_killed[pg_runtime_any_image]
PASSED tests/l/control/test_mutants.py::test_pg_mutant_is_killed[pg_schema_unchecked]
PASSED tests/l/control/test_mutants.py::test_pg_mutant_is_killed[pg_dev_of_another_providers_serving]
PASSED tests/l/control/test_mutants.py::test_pg_mutant_is_killed[pg_dev_revision_of_any_provider]
PASSED tests/l/control/test_mutants.py::test_pg_mutant_is_killed[pg_smoke_skipped]
PASSED tests/l/control/test_mutants.py::test_pg_mutant_is_killed[pg_smoke_inverted]
PASSED tests/l/control/test_mutants.py::test_pg_mutant_is_killed[pg_key_before_validation]
PASSED tests/l/control/test_mutants.py::test_pg_mutant_is_killed[pg_key_for_draft]
PASSED tests/l/control/test_mutants.py::test_pg_mutant_is_killed[pg_price_unvalidated]
PASSED tests/l/control/test_mutants.py::test_pg_mutant_is_killed[pg_key_stores_the_secret]
PASSED tests/l/control/test_mutants.py::test_pg_mutant_is_killed[pg_proposal_by_developer]
PASSED tests/l/control/test_mutants.py::test_pg_mutant_is_killed[pg_history_open_to_viewer]
PASSED tests/l/control/test_mutants.py::test_pg_mutant_is_killed[pg_card_not_the_operators]
PASSED tests/l/control/test_mutants.py::test_pg_mutant_is_killed[pg_internal_card_on_public]
PASSED tests/l/control/test_mutants.py::test_pg_mutant_is_killed[pg_fund_new_operation_each_call]
PASSED tests/l/control/test_mutants.py::test_pg_mutant_is_killed[pg_operator_unnamed]
PASSED tests/l/control/test_mutants.py::test_pg_mutant_is_killed[pg_readyz_always_ready]
PASSED tests/l/control/test_mutants.py::test_pg_mutant_is_killed[pg_control_docs_served]
PASSED tests/l/control/test_mutants.py::test_pg_mutant_is_killed[pg_control_routes_unmounted]
PASSED tests/l/control/test_mutants.py::test_pg_mutant_is_killed[pg_lab_setting_waved_through]
PASSED tests/l/control/test_mutants.py::test_pg_mutant_is_killed[pg_reject_unnamed]
PASSED tests/l/control/test_mutants.py::test_pg_mutant_is_killed[pg_reject_reason_dropped]
PASSED tests/l/control/test_mutants.py::test_pg_mutant_is_killed[pg_store_retired_read_public]
PASSED tests/l/control/test_mutants.py::test_pg_mutant_is_killed[pg_store_reason_dropped]
PASSED tests/l/control/test_mutants.py::test_pg_mutant_is_killed[pg_store_operator_bit_ignored]
PASSED tests/l/control/test_mutants.py::test_the_runner_cannot_report_a_false_kill[self_no_op]
PASSED tests/l/control/test_mutants.py::test_the_runner_cannot_report_a_false_kill[self_syntax]
PASSED tests/l/control/test_mutants.py::test_the_runner_cannot_report_a_false_kill[self_missing_anchor]
115 passed in 558.34s (0:09:18)
