..........................................                               [100%]
==================================== PASSES ====================================
=========================== short test summary info ============================
PASSED tests/integration/lab_improve/test_mutants.py::test_the_lists_are_well_formed
PASSED tests/integration/lab_improve/test_mutants.py::test_every_case_is_covered_by_a_mutant
PASSED tests/integration/lab_improve/test_mutants.py::test_mutant_is_killed[xfail_is_a_pass]
PASSED tests/integration/lab_improve/test_mutants.py::test_mutant_is_killed[not_run_is_a_pass]
PASSED tests/integration/lab_improve/test_mutants.py::test_mutant_is_killed[required_cases_ignored]
PASSED tests/integration/lab_improve/test_mutants.py::test_mutant_is_killed[harness_error_is_a_product_fail]
PASSED tests/integration/lab_improve/test_mutants.py::test_mutant_is_killed[gate_is_the_best_status]
PASSED tests/integration/lab_improve/test_mutants.py::test_mutant_is_killed[a_cell_over_every_scenario]
PASSED tests/integration/lab_improve/test_mutants.py::test_mutant_is_killed[not_run_exits_zero]
PASSED tests/integration/lab_improve/test_mutants.py::test_mutant_is_killed[no_stack_passes]
PASSED tests/integration/lab_improve/test_mutants.py::test_mutant_is_killed[a_manifest_test_id_dropped]
PASSED tests/integration/lab_improve/test_mutants.py::test_mutant_is_killed[a_merged_cell_waits]
PASSED tests/integration/lab_improve/test_mutants.py::test_mutant_is_killed[a_required_case_renamed]
PASSED tests/integration/lab_improve/test_mutants.py::test_mutant_is_killed[another_namespace]
PASSED tests/integration/lab_improve/test_mutants.py::test_mutant_is_killed[an_endpoint_on_a_service_port]
PASSED tests/integration/lab_improve/test_mutants.py::test_mutant_is_killed[the_teacher_on_the_protocol_port]
PASSED tests/integration/lab_improve/test_mutants.py::test_mutant_is_killed[a_spare_on_a_service_port]
PASSED tests/integration/lab_improve/test_mutants.py::test_mutant_is_killed[not_run_without_the_rerun]
PASSED tests/integration/lab_improve/test_mutants.py::test_mutant_is_killed[i07_fires_on_the_module]
PASSED tests/integration/lab_improve/test_mutants.py::test_mutant_is_killed[unbound_case_runs]
PASSED tests/integration/lab_improve/test_mutants.py::test_stack_mutant_is_killed[st_forged_truth_imported]
PASSED tests/integration/lab_improve/test_mutants.py::test_stack_mutant_is_killed[st_teacher_labels_imported]
PASSED tests/integration/lab_improve/test_mutants.py::test_stack_mutant_is_killed[st_export_ships_holdout]
PASSED tests/integration/lab_improve/test_mutants.py::test_stack_mutant_is_killed[st_teacher_sees_holdout]
PASSED tests/integration/lab_improve/test_mutants.py::test_stack_mutant_is_killed[st_second_teacher_intent]
PASSED tests/integration/lab_improve/test_mutants.py::test_stack_mutant_is_killed[st_budget_skips_not_stops]
PASSED tests/integration/lab_improve/test_mutants.py::test_stack_mutant_is_killed[st_bundle_carries_holdout]
PASSED tests/integration/lab_improve/test_mutants.py::test_stack_mutant_is_killed[st_eligible_without_holdout_run]
PASSED tests/integration/lab_improve/test_mutants.py::test_stack_mutant_is_killed[st_eligible_on_another_holdout]
PASSED tests/integration/lab_improve/test_mutants.py::test_stack_mutant_is_killed[st_submit_ignores_revocation]
PASSED tests/integration/lab_improve/test_mutants.py::test_stack_mutant_is_killed[st_ambiguous_not_reconciled]
PASSED tests/integration/lab_improve/test_mutants.py::test_stack_mutant_is_killed[st_timeout_is_a_refusal]
PASSED tests/integration/lab_improve/test_mutants.py::test_stack_mutant_is_killed[st_poll_settles_again]
PASSED tests/integration/lab_improve/test_mutants.py::test_stack_mutant_is_killed[st_manual_run_reserves]
PASSED tests/integration/lab_improve/test_mutants.py::test_stack_mutant_is_killed[st_digest_unchecked]
PASSED tests/integration/lab_improve/test_mutants.py::test_stack_mutant_is_killed[st_late_checkpoint_accepted]
PASSED tests/integration/lab_improve/test_mutants.py::test_stack_mutant_is_killed[st_redelivery_reevaluates]
PASSED tests/integration/lab_improve/test_mutants.py::test_stack_mutant_is_killed[st_corrections_dropped]
PASSED tests/integration/lab_improve/test_mutants.py::test_stack_mutant_is_killed[st_tombstones_ignored]
PASSED tests/integration/lab_improve/test_mutants.py::test_stack_mutant_is_killed[st_inferior_accepted]
PASSED tests/integration/lab_improve/test_mutants.py::test_the_runner_cannot_report_a_false_kill[self_no_op]
PASSED tests/integration/lab_improve/test_mutants.py::test_the_runner_cannot_report_a_false_kill[self_missing_anchor]
42 passed in 374.15s (0:06:14)
exit 0
