
Running 3 tests using 1 worker

  ✓  1 [chromium] › tests/e2e/journey.e2e.ts:223:5 › signup-verify-grant: a fresh individual verifies once and is granted 10,000 CREDIT exactly once (1.5s)
  ✓  2 [chromium] › tests/e2e/journey.e2e.ts:301:5 › text-sync: an external text request is answered and settled exactly once (1.1s)
  ✘  3 [chromium] › tests/e2e/journey.e2e.ts:397:5 › usage-balance: the console shows every request and the balance exactly as the ledger records them (649ms)


  1) [chromium] › tests/e2e/journey.e2e.ts:397:5 › usage-balance: the console shows every request and the balance exactly as the ledger records them 

    Error: expect(received).toBe(expected) // Object.is equality

    Expected: "9999.4592"
    Received: "10000"

      402 |   expect(books.jobs.length, "the journey made requests").toBeGreaterThanOrEqual(1);
      403 |   expect(books.conserved, "every charge = the admitted card x its usage; ledger = grant - charges").toEqual({ ok: true });
    > 404 |   expect(await figure(page, "Available")).toBe(exact(books.wallet!.available));
          |                                           ^
      405 |   expect(await figure(page, "Reserved")).toBe(exact(books.wallet!.reserved));
      406 |   expect(await figure(page, "Balance")).toBe(exact(books.wallet!.ledger));
      407 |   expect(exact(books.wallet!.ledger)).not.toBe("10000");
        at <worktree>/apps/app/tests/e2e/journey.e2e.ts:404:43

    Error Context: ../../../../../../../../../../..<scratchpad>/seam-fixture-port/playwright-artifacts/journey.e2e.ts-usage-balan-8b43f--as-the-ledger-records-them-chromium/error-context.md

  1 failed
    [chromium] › tests/e2e/journey.e2e.ts:397:5 › usage-balance: the console shows every request and the balance exactly as the ledger records them 
  2 passed (3.9s)
