tests/integration/app/test_e3a_runner.py::test_cells_are_exactly_the_manifests_e3a_test_ids
tests/integration/app/test_e3a_runner.py::test_every_check_is_a_journey_test_title
tests/integration/app/test_e3a_runner.py::test_all_green_is_pass_and_absent_or_skipped_is_never_pass
tests/integration/app/test_e3a_runner.py::test_cells_the_journey_does_not_exercise_are_never_pass
tests/integration/app/test_e3a_runner.py::test_delegated_cells_pass_only_on_the_e3c_final_reference
tests/integration/app/test_e3a_runner.py::test_the_cells_e3c_now_carries_pass_only_on_their_own_scenario_rows
tests/integration/app/test_e3a_runner.py::test_a_scenario_whose_rows_disagree_is_not_a_reference
tests/integration/app/test_e3a_runner.py::test_an_oracle_no_e3c_scenario_carries_is_not_run_even_with_the_reference
tests/integration/app/test_e3a_runner.py::test_the_runner_leaves_the_namespace_and_auth_uid_to_e3c
tests/integration/app/test_e3a_runner.py::test_a_failure_fails_its_cells_and_a_harness_error_is_invalid
tests/integration/app/test_e3a_runner.py::test_a_seam_is_detected_only_by_a_failing_guarded_check
tests/integration/app/test_e3a_runner.py::test_the_app_env_is_loopback_in_the_block_only
tests/integration/app/test_e3a_runner.py::test_the_app_env_states_its_environment
tests/integration/app/test_e3a_runner.py::test_an_app_that_never_answers_leaves_no_process
tests/integration/app/test_e3a_runner.py::test_teardown_counts_a_held_port_as_left_behind
tests/integration/app/test_e3a_runner.py::test_merged_lanes_follow_the_manifest_status
tests/integration/app/test_e3a_runner.py::test_edge_tokens_are_signed_expiring_and_postgrest_shaped
tests/integration/app/test_e3a_runner.py::test_edge_email_link_is_one_use_and_signin_needs_verification
tests/integration/app/test_e3a_runner.py::test_a_frozen_port_freezes_reads_only_and_per_user
tests/integration/app/test_e3a_runner.py::test_the_app_e2e_gate_runs_this_runner_and_takes_its_verdict
tests/integration/backend/e3c/test_e3c_runner.py::test_s12_a_missing_or_skipped_case_is_never_a_pass
tests/integration/backend/e3c/test_e3c_runner.py::test_s12_the_gate_is_the_worst_status_and_exits_as_e2c_does
tests/integration/backend/e3c/test_e3c_runner.py::test_s12_a_control_that_is_not_detected_fails_the_gate
tests/integration/backend/e3c/test_e3c_runner.py::test_s12_a_control_counts_over_the_case_it_guards_not_the_whole_scenario
tests/integration/backend/e3c/test_e3c_runner.py::test_s12_the_matrix_covers_the_brief_and_the_task
tests/integration/backend/e3c/test_e3c_runner.py::test_s12_scenario_modules_are_not_collected_by_the_default_suites
tests/integration/backend/e3c/test_e3c_runner.py::test_s12_every_fault_point_and_bypass_names_code_that_exists
tests/integration/backend/e3c/test_e3c_runner.py::test_s12_every_bypass_installs_on_this_tree[upload-local]
tests/integration/backend/e3c/test_e3c_runner.py::test_s12_every_bypass_installs_on_this_tree[expiry-recompute]
tests/integration/backend/e3c/test_e3c_runner.py::test_s12_every_bypass_installs_on_this_tree[revoke-ignored]
tests/integration/backend/e3c/test_e3c_runner.py::test_s12_every_bypass_installs_on_this_tree[tenant-blind]
tests/integration/backend/e3c/test_e3c_runner.py::test_s12_a_revert_control_tree_claims_this_checkouts_stack
tests/integration/backend/e3c/test_e3c_runner.py::test_s12_a_reverted_tree_that_does_not_start_is_invalid_not_a_detection
tests/integration/backend/e3c/test_e3c_runner.py::test_s12_the_admission_control_runs_the_pre_d10_door_on_the_owner_login
tests/integration/backend/e3c/test_e3c_runner.py::test_s12_a_control_writes_its_cases_apart_from_the_main_run
tests/integration/backend/e3c/test_e3c_runner.py::test_s12_the_namespace_is_the_reserved_block
tests/integration/backend/e3c/test_e3c_runner.py::test_s12_blocked_must_name_known_lanes[lanes0]
tests/integration/backend/e3c/test_e3c_runner.py::test_s12_blocked_must_name_known_lanes[lanes1]
tests/integration/backend/e3c/test_e3c_runner.py::test_s12_no_stack_blocks_every_scenario
tests/integration/backend/e3c/test_e3c_runner.py::test_nc_verify_repro__s12_a_required_case_that_did_not_run_keeps_the_gate_open
tests/integration/backend/e3c/test_e3c_runner.py::test_s12_a_scenario_missing_a_required_case_is_not_run
tests/integration/backend/e3c/test_e3c_runner.py::test_s12_the_manifest_is_exactly_what_the_scenario_modules_define
tests/integration/backend/e3c/test_e3c_runner.py::test_s12_a_revert_control_passes_only_when_the_reverted_tree_is_red[FAIL-PASS]
tests/integration/backend/e3c/test_e3c_runner.py::test_s12_a_revert_control_passes_only_when_the_reverted_tree_is_red[PASS-FAIL]
tests/integration/backend/e3c/test_e3c_runner.py::test_s12_a_revert_control_passes_only_when_the_reverted_tree_is_red[BLOCKED-BLOCKED]
tests/integration/backend/e3c/test_e3c_runner.py::test_s12_a_revert_control_passes_only_when_the_reverted_tree_is_red[NOT RUN-NOT RUN]
tests/integration/backend/e3c/test_e3c_runner.py::test_s12_a_revert_control_passes_only_when_the_reverted_tree_is_red[INVALID-INVALID]
tests/integration/backend/e3c/test_e3c_runner.py::test_s12_a_harness_error_is_invalid_not_a_product_fail[harness.HarnessError: docker compose up failed-INVALID]
tests/integration/backend/e3c/test_e3c_runner.py::test_s12_a_harness_error_is_invalid_not_a_product_fail[psycopg.OperationalError: database infrx_e3c_1_2 does not exist-INVALID]
tests/integration/backend/e3c/test_e3c_runner.py::test_s12_a_harness_error_is_invalid_not_a_product_fail[RuntimeError: [Errno 98] address already in use-INVALID]
tests/integration/backend/e3c/test_e3c_runner.py::test_s12_a_harness_error_is_invalid_not_a_product_fail[AssertionError: the gateway never reached its fault point in 60s-INVALID]
tests/integration/backend/e3c/test_e3c_runner.py::test_s12_a_harness_error_is_invalid_not_a_product_fail[AssertionError: executed before durable eligibility-FAIL]
tests/integration/backend/e3c/test_e3c_runner.py::test_s12_a_held_namespace_lock_blocks_the_run_and_touches_nothing
tests/integration/backend/e3c/test_e3c_runner.py::test_s12_a_fake_only_box_is_invalid_before_any_process_starts
tests/integration/backend/e3c/test_e3c_runner.py::test_s12_the_readiness_oracle_and_admission_point_follow_d10s_port
tests/integration/backend/e3c/test_e3c_runner.py::test_s12_a_barrier_holds_on_whichever_candidate_the_process_calls
tests/integration/backend/e3c/test_e3c_runner.py::test_s12_a_collector_that_cannot_run_is_blocked_not_passed
tests/integration/backend/e3c/test_e3c_runner.py::test_s12_the_dedicated_runtime_login_is_a_real_box_database
tests/integration/backend/e3c/test_e3c_runner.py::test_s12_the_cells_carry_their_04_oracles_and_revert_controls
tests/integration/backend/e3c/test_e3c_runner.py::test_s12_a_cell_scenario_passes_only_with_every_required_case[cap]
tests/integration/backend/e3c/test_e3c_runner.py::test_s12_a_cell_scenario_passes_only_with_every_required_case[fence]
tests/integration/backend/e3c/test_e3c_runner.py::test_s12_a_cell_scenario_passes_only_with_every_required_case[rate]
tests/integration/backend/e3c/test_e3c_runner.py::test_s12_every_sql_revert_applies_to_this_tree[nc-dur-fence]
tests/integration/backend/e3c/test_e3c_runner.py::test_s12_every_sql_revert_applies_to_this_tree[nc-dur-cap]
tests/integration/backend/e3c/test_e3c_runner.py::test_s12_every_sql_revert_applies_to_this_tree[nc-dur-cap-org]
tests/integration/backend/e3c/test_e3c_runner.py::test_s12_every_sql_revert_applies_to_this_tree[nc-dur-cap-key]
tests/integration/backend/e3c/test_e3c_runner.py::test_s12_every_sql_revert_applies_to_this_tree[nc-credit-rate]
tests/integration/backend/e3c/test_e3c_runner.py::test_s12_each_per_scope_cap_control_removes_only_its_own_comparison
tests/integration/backend/e3c/test_e3c_runner.py::test_s12_every_revert_control_has_a_tree_builder
tests/integration/backend/recovery/test_mutant_list_i3b.py::test_i3b_mutant_list_is_well_formed
tests/integration/backend/recovery/test_observe.py::test_i3b_ob01_every_label_is_a_closed_vocabulary_and_payload_never_leaves
tests/integration/backend/recovery/test_observe.py::test_i3b_ob02_a_tenant_is_its_hash_never_its_id
tests/integration/backend/recovery/test_observe.py::test_i3b_ob03_bad_numbers_are_dropped_and_counted
tests/integration/backend/recovery/test_observe.py::test_i3b_ob04_phase_names_are_e1bs_and_the_header_uses_the_same_ones
tests/integration/backend/recovery/test_observe.py::test_i3b_ob05_the_exposition_is_prometheus_text_that_round_trips
tests/integration/backend/recovery/test_observe.py::test_i3b_ob06_the_textfile_is_replaced_whole
tests/integration/backend/recovery/test_observe.py::test_i3b_ob07_metrics_answer_only_a_direct_loopback_peer
tests/integration/backend/recovery/test_observe.py::test_i3b_ob08_host_gauges_read_the_machine_and_fail_towards_the_alert
tests/integration/backend/recovery/test_observe.py::test_i3b_ob09_the_reaper_helper_counts_what_recover_returned
tests/integration/backend/recovery/test_observe.py::test_i3b_ob10_every_rule_and_panel_names_a_declared_metric
tests/integration/backend/recovery/test_observe.py::test_i3b_ob11_each_rule_fires_on_its_fault_and_nothing_fires_when_healthy
tests/integration/backend/recovery/test_observe.py::test_i3b_ob12_increase_rules_judge_nothing_first_and_count_a_reset_from_zero
tests/integration/backend/recovery/test_observe.py::test_i3b_ob13_the_evaluator_cli_reports_an_unreadable_source_as_an_alert
tests/integration/backend/recovery/test_observe.py::test_i3b_ob14_a_scrape_gap_then_recovery_fires_nothing_new
tests/integration/backend/recovery/test_observe.py::test_i3b_ob15_a_stale_or_empty_source_is_scrape_failed_not_silence
tests/integration/backend/recovery/test_observe.py::test_i3b_ob16_names_labels_mounts_and_buckets_are_pinned
tests/integration/backend/recovery/test_recovery.py::test_i3b_rc01_a_worker_lost_mid_attempt_loses_no_accepted_job
tests/integration/backend/recovery/test_recovery.py::test_i3b_rc02_an_engine_process_killed_mid_stream_costs_nothing_and_a_new_one_serves
tests/integration/backend/recovery/test_recovery.py::test_i3b_rc03_a_gateway_restart_leaves_the_job_to_the_worker_and_replays_its_identity
tests/integration/backend/recovery/test_recovery.py::test_i3b_rc04a_admission_and_a_claim_survive_a_postgresql_kill_under_pgjobstore
tests/integration/backend/recovery/test_recovery.py::test_i3b_rc04b_settlement_across_a_database_loss
tests/integration/backend/recovery/test_recovery.py::test_i3b_rc05_an_object_store_outage_during_preparation_is_retried_or_released
tests/integration/backend/recovery/test_recovery.py::test_i3b_rc05b_an_object_store_outage_on_minio_through_the_s3_adapter
tests/integration/backend/recovery/test_recovery.py::test_i3b_rc07_a_full_processing_cache_disk_fails_preparation_free_and_recovers
tests/integration/backend/recovery/test_recovery.py::test_i3b_rc06_losing_the_index_mid_operation_loses_no_accepted_job
tests/integration/backend/recovery/test_recovery.py::test_i3b_rc08_a_drain_releases_in_flight_work_to_the_store_and_keeps_the_queue
tests/integration/backend/recovery/test_recovery.py::test_i3b_rc08b_a_sigterm_drain_of_the_worker_process_finishes_its_attempt_and_exits_0
tests/integration/backend/recovery/test_recovery.py::test_i3b_rc00_each_pending_drill_names_its_pinned_owner_and_an_unknown_id_is_refused
tests/integration/backend/recovery/test_recovery.py::test_i3b_rc09_a_host_loss_takes_engine_index_and_worker_and_loses_no_accepted_job
tests/integration/backend/recovery/test_recovery.py::test_i3b_rc10_a_rollout_rollback_loses_no_job_and_restores_the_previous_runtime
tests/integration/backend/recovery/test_recovery.py::test_i3b_rc10b_a_rollback_whose_restored_runtime_is_not_ready_never_reloads_the_edge[8001]
tests/integration/backend/recovery/test_recovery.py::test_i3b_rc10b_a_rollback_whose_restored_runtime_is_not_ready_never_reloads_the_edge[8002]
tests/integration/backend/recovery/test_recovery.py::test_i3b_rc10c_a_gateway_that_answers_late_is_waited_for_and_the_edge_reloaded
tests/integration/backend/recovery/test_restore.py::test_i3b_bk00_the_plain_d_image_is_refused_by_name
tests/integration/backend/recovery/test_restore.py::test_i3b_bk01_a_backup_restores_every_row_privilege_and_policy
tests/integration/backend/recovery/test_restore.py::test_i3b_bk01b_detects_a_restore_that_lost_the_signup_trigger
tests/integration/backend/recovery/test_restore.py::test_i3b_bk01c_detects_a_restore_that_widened_browser_privileges
tests/integration/backend/recovery/test_restore.py::test_i3b_bk01d_detects_a_damaged_backup_and_restores_nothing
tests/integration/backend/recovery/test_restore.py::test_i3b_bk01e_a_a_non_empty_target_is_refused_before_any_write
tests/integration/backend/recovery/test_restore.py::test_i3b_bk01e_b_a_backup_is_never_restored_onto_its_own_source
tests/integration/backend/recovery/test_restore.py::test_i3b_bk01e_c_every_spelling_of_the_source_is_the_source[localhost]
tests/integration/backend/recovery/test_restore.py::test_i3b_bk01e_c_every_spelling_of_the_source_is_the_source[uri]
tests/integration/backend/recovery/test_restore.py::test_i3b_bk01e_c_every_spelling_of_the_source_is_the_source[omitted_port]
tests/integration/backend/recovery/test_restore.py::test_i3b_bk01e_c_every_spelling_of_the_source_is_the_source[hostaddr]
tests/integration/backend/recovery/test_restore.py::test_i3b_bk01e_c_every_spelling_of_the_source_is_the_source[environment]
tests/integration/backend/recovery/test_restore.py::test_i3b_bk01f_the_check_names_each_damaged_family[policies]
tests/integration/backend/recovery/test_restore.py::test_i3b_bk01f_the_check_names_each_damaged_family[columns]
tests/integration/backend/recovery/test_restore.py::test_i3b_bk01f_the_check_names_each_damaged_family[functions]
tests/integration/backend/recovery/test_restore.py::test_i3b_bk01f_the_check_names_each_damaged_family[indexes]
tests/integration/backend/recovery/test_restore.py::test_i3b_bk01f_the_check_names_each_damaged_family[default_acls]
tests/integration/backend/recovery/test_restore.py::test_i3b_bk01f_the_check_names_each_damaged_family[triggers]
tests/integration/backend/recovery/test_restore.py::test_i3b_bk01f_the_check_names_each_damaged_family[functions_config]
tests/integration/backend/recovery/test_restore.py::test_i3b_bk01f_the_check_names_each_damaged_family[rows]
tests/integration/backend/recovery/test_restore.py::test_i3b_bk01f_the_check_names_each_damaged_family[schemas]
tests/integration/backend/recovery/test_restore.py::test_i3b_bk01f_the_check_names_each_damaged_family[column_acls]
tests/integration/backend/recovery/test_restore.py::test_i3b_bk01f_the_check_names_each_damaged_family[column_acls_privilege]
tests/integration/backend/recovery/test_restore.py::test_i3b_bk01f_the_check_names_each_damaged_family[column_acls_grantopt]
tests/integration/backend/recovery/test_restore.py::test_i3b_bk01g_an_acl_is_compared_by_the_privileges_it_grants
tests/integration/backend/recovery/test_restore.py::test_i3b_rst_default_acls_outside_the_dumped_schemas_are_not_compared
tests/integration/backend/recovery/test_restore.py::test_i3b_bk01h_a_restored_job_results_keeps_its_rpcs_and_stays_owner_only
tests/integration/backend/recovery/test_restore.py::test_i3b_bk02_the_hosted_apply_rehearsal_backup_restore_migrate_and_roll_back
tests/integration/backend/recovery/test_restore.py::test_i3b_bk03_a_postgres_sigkill_keeps_what_committed_and_nothing_else
tests/integration/backend/recovery/test_restore.py::test_i3b_bk04_maintenance_refuses_every_admission_write_and_writes_nothing
tests/integration/backend/recovery/test_runbooks.py::test_i3b_rb01_every_alert_names_an_existing_runbook_section
tests/integration/backend/recovery/test_runbooks.py::test_i3b_rb02_restore_runs_the_drilled_tool_with_the_pinned_client
tests/integration/backend/recovery/test_runbooks.py::test_i3b_rb03_the_maintenance_statement_is_the_one_bk04_runs
tests/integration/backend/recovery/test_runbooks.py::test_i3b_rb08_rollback_step_4_runs_the_script_rc10_drives
tests/integration/backend/recovery/test_runbooks.py::test_i3b_rb04_every_bash_step_parses
tests/integration/backend/recovery/test_runbooks.py::test_i3b_rb05_every_link_between_runbooks_resolves_and_each_keeps_a_log
tests/integration/backend/recovery/test_runbooks.py::test_i3b_rb06_a_failed_client_never_re_raises_row_data
tests/integration/backend/recovery/test_runbooks.py::test_i3b_rb07_a_client_timeout_never_re_raises_its_argv
tests/integration/backend/recovery/test_runbooks.py::test_e4c_rb09_the_copy_is_seeded_with_hosted_s_own_applied_history
tests/integration/backend/recovery/test_runbooks.py::test_e4c_rb10_the_candidate_installs_the_credit_regime_with_the_p01_card
tests/integration/backend/recovery/test_runbooks.py::test_e4c_rb11_the_card_and_the_activation_follow_the_hosted_apply
tests/integration/backend/recovery/test_runbooks.py::test_e4c_rb12_every_way_back_after_the_activation_reverses_it_first
tests/integration/backend/recovery/test_runbooks.py::test_e4c_rb13_the_readme_window_activates_credit_before_the_credit_install
tests/integration/backend/test_certify.py::test_e4b_the_report_carries_both_heads_the_target_the_hashes_and_the_exit_rule
tests/integration/backend/test_certify.py::test_e4b_a_report_counts_for_one_clean_known_tree_or_it_fails
tests/integration/backend/test_certify.py::test_e4b_a_skip_or_pending_without_a_known_owner_is_a_failure
tests/integration/backend/test_certify.py::test_e4b_the_release_hashes_recompute_the_pinned_engine_options
tests/integration/backend/test_certify.py::test_e4b_the_recomputed_digest_comes_from_the_flags_not_from_the_record
tests/integration/backend/test_certify.py::test_e4b_the_backend_suite_splits_into_protocol_and_recovery_by_the_gates_rule
tests/integration/backend/test_certify.py::test_e4b_the_suite_halves_carry_pytests_own_exit_code
tests/integration/backend/test_certify.py::test_e4b_sop_parity_pairs_the_engine_with_its_baseline_and_fails_on_drift
tests/integration/backend/test_certify.py::test_e4b_the_deployed_cap_and_its_refusal_are_the_media_layers
tests/integration/backend/test_certify.py::test_e4b_parity_pairs_the_clips_within_the_cap_and_asks_admission_for_the_rest
tests/integration/backend/test_certify.py::test_e4b_admission_is_asked_as_bench_asks_and_only_its_code_and_param_are_kept
tests/integration/backend/test_certify.py::test_e4b_the_resume_drill_counts_a_run_that_was_not_interrupted_as_proving_nothing
tests/integration/backend/test_certify.py::test_e4b_the_ledger_reconciles_item_by_item_with_no_duplicate_accepted_item
tests/integration/backend/test_certify.py::test_e4b_an_item_the_interruption_cancelled_is_terminal_after_one_replay
tests/integration/backend/test_certify.py::test_e4b_the_dataset_drill_pends_on_the_owner_it_needs_and_passes_only_reconciled
tests/integration/backend/test_certify.py::test_e4b_the_dataset_drill_schedules_only_clips_within_the_deployed_cap
tests/integration/backend/test_certify.py::test_e4b_the_run_reads_the_deployed_cap_once_and_every_cell_judges_by_it
tests/integration/backend/test_certify.py::test_e4b_the_protocol_file_states_the_numbers_the_runner_applies
tests/integration/backend/test_certify.py::test_e4b_the_config_pin_names_every_setting_that_moved_past_its_evidence
tests/integration/backend/test_certify.py::test_e4b_the_declared_settings_are_the_serving_record_read_never_typed
tests/integration/backend/test_certify.py::test_e4b_the_deployed_engine_is_judged_from_the_box_inventory
tests/integration/backend/test_certify.py::test_e4b_app_and_lab_servers_of_this_repository_fail_the_preconditions
tests/integration/backend/test_certify.py::test_e4b_an_envelope_rung_judges_the_duration_cap_apart_from_its_failures
tests/integration/backend/test_certify.py::test_e4c_the_p18_limits_are_the_runners_and_request_latency_p95_is_judged
tests/integration/backend/test_certify.py::test_e4b_a_box_rung_is_sized_to_hold_enough_short_clips_for_its_ttft_p95
tests/integration/backend/test_certify.py::test_e4b_an_unanswered_attempt_is_a_failure_whatever_its_cause
tests/integration/backend/test_certify.py::test_e4b_the_supported_rate_is_the_highest_rung_climbing_from_the_lowest
tests/integration/backend/test_certify.py::test_e4b_the_soak_judges_memory_the_reconciler_and_latency_from_its_samples
tests/integration/backend/test_certify.py::test_e4b_overload_refusals_are_429_with_retry_guidance_and_never_5xx
tests/integration/backend/test_certify.py::test_e4b_scrape_reads_the_series_the_soak_judges
tests/integration/backend/test_certify.py::test_e4b_the_load_cells_run_the_declared_shapes_and_pend_where_they_cannot_judge
tests/integration/backend/test_certify.py::test_e4b_each_client_run_is_bounded_by_its_own_schedule_never_a_flat_hour
tests/integration/backend/test_certify.py::test_e4b_a_runner_error_is_a_recorded_failure_and_the_report_is_still_written
tests/integration/backend/test_certify.py::test_e4b_a_host_without_git_writes_a_report_that_fails_its_identity
tests/integration/backend/test_certify.py::test_e4b_a_checkout_without_git_is_the_named_release_and_the_report_says_so
tests/integration/backend/test_certify.py::test_e4b_the_box_report_is_tied_to_the_build_the_gateway_serves
tests/integration/backend/test_certify.py::test_e4b_only_a_box_run_with_its_preconditions_met_is_a_measurement
tests/integration/backend/test_certify.py::test_e4b_each_stated_client_rule_holds_one_assertion_each
tests/integration/backend/test_certify.py::test_e4b_a_box_run_names_its_release_and_reads_its_metrics
tests/integration/backend/test_certify.py::test_e1c_a_remote_cell_runs_under_its_own_profile_and_the_key_inventory
tests/integration/backend/test_certify.py::test_e1c_a_remote_run_without_its_profile_or_inventory_is_blocked_never_pass
tests/integration/backend/test_certify.py::test_e1c_a_rung_whose_bench_summary_is_not_valid_fails
tests/integration/backend/test_certify.py::test_e1c_the_soak_and_overload_cells_fail_when_bench_calls_them_invalid
tests/integration/backend/test_certify.py::test_cw_a_reused_workdir_never_lends_a_refused_cell_its_old_outputs
tests/integration/backend/test_certify.py::test_e4c_the_box_supports_only_the_declared_rate_and_soaks_at_p18s_fixed_rate
tests/integration/backend/test_certify.py::test_e4c_the_overload_burst_is_p4_and_enters_through_the_public_edge_or_is_blocked
tests/integration/backend/test_certify.py::test_e4c_the_committed_edge_profile_is_the_burst_certify_runs_once_frozen
tests/integration/backend/test_certify.py::test_e4c_an_overload_profile_with_no_edge_host_is_blocked_never_a_crash
tests/integration/backend/test_certify.py::test_e4c_any_remote_burst_without_an_edge_profile_is_blocked_not_run
tests/integration/backend/test_drills.py::test_e3b_dr01_acceptance_crash_after_commit_retries_to_one_identity[fake]
tests/integration/backend/test_drills.py::test_e3b_dr01_acceptance_crash_after_commit_retries_to_one_identity[postgres]
tests/integration/backend/test_drills.py::test_e3b_dr02_a_refused_admission_leaves_nothing_behind[fake]
tests/integration/backend/test_drills.py::test_e3b_dr02_a_refused_admission_leaves_nothing_behind[postgres]
tests/integration/backend/test_drills.py::test_e3b_dr03_a_lost_preparation_worker_is_redispatched_and_fenced[fake]
tests/integration/backend/test_drills.py::test_e3b_dr03_a_lost_preparation_worker_is_redispatched_and_fenced[postgres]
tests/integration/backend/test_drills.py::test_e3b_dr04_a_claim_whose_answer_was_lost_is_requeued_once[fake]
tests/integration/backend/test_drills.py::test_e3b_dr04_a_claim_whose_answer_was_lost_is_requeued_once[postgres]
tests/integration/backend/test_drills.py::test_e3b_dr05_a_stale_generation_cannot_append[fake]
tests/integration/backend/test_drills.py::test_e3b_dr05_a_stale_generation_cannot_append[postgres]
tests/integration/backend/test_drills.py::test_e3b_dr06_a_worker_lost_after_publication_is_never_regenerated[fake]
tests/integration/backend/test_drills.py::test_e3b_dr06_a_worker_lost_after_publication_is_never_regenerated[postgres]
tests/integration/backend/test_drills.py::test_e3b_dr07_a_duplicate_settlement_settles_once[fake]
tests/integration/backend/test_drills.py::test_e3b_dr07_a_duplicate_settlement_settles_once[postgres]
tests/integration/backend/test_drills.py::test_e3b_dr08_a_foreign_tenant_cannot_read_cancel_or_see_a_result[fake]
tests/integration/backend/test_drills.py::test_e3b_dr08_a_foreign_tenant_cannot_read_cancel_or_see_a_result[postgres]
tests/integration/backend/test_drills.py::test_e3b_dr09_cancellation_beats_a_late_completion[fake]
tests/integration/backend/test_drills.py::test_e3b_dr09_cancellation_beats_a_late_completion[postgres]
tests/integration/backend/test_drills.py::test_e3b_dr10_journal_backpressure_refuses_an_oversized_event_whole[fake]
tests/integration/backend/test_drills.py::test_e3b_dr10_journal_backpressure_refuses_an_oversized_event_whole[postgres]
tests/integration/backend/test_drills.py::test_e3b_dr01c_a_credit_admission_replays_to_one_identity_and_one_credit_hold[fake]
tests/integration/backend/test_drills.py::test_e3b_dr01c_a_credit_admission_replays_to_one_identity_and_one_credit_hold[postgres]
tests/integration/backend/test_drills.py::test_e3b_dr02c_a_refused_credit_admission_leaves_nothing_behind[fake]
tests/integration/backend/test_drills.py::test_e3b_dr02c_a_refused_credit_admission_leaves_nothing_behind[postgres]
tests/integration/backend/test_drills.py::test_e3b_dr07c_a_credit_settlement_settles_once_on_the_credit_wallet
tests/integration/backend/test_drills.py::test_e3b_db06_detects_a_missing_durable_acceptance_on_the_real_store
tests/integration/backend/test_drills.py::test_e3b_db07_detects_a_stale_fence_on_the_real_store
tests/integration/backend/test_drills.py::test_e3b_db11_detects_a_stale_append_on_the_real_journal
tests/integration/backend/test_drills.py::test_e3b_db08b_detects_a_usd_hold_beside_the_credit_one
tests/integration/backend/test_drills.py::test_e3b_db08_detects_a_credit_hold_on_the_usd_books
tests/integration/backend/test_drills.py::test_e3b_db12_detects_a_credit_hold_left_held_beside_its_debit
tests/integration/backend/test_drills.py::test_e3b_db14_detects_a_credit_debit_truncated_instead_of_rounded
tests/integration/backend/test_drills.py::test_e3b_db13_detects_a_credit_debit_at_the_active_card
tests/integration/backend/test_drills.py::test_e3b_dr11_a_client_that_disconnects_mid_generation_cancels_and_leaves_nothing_running
tests/integration/backend/test_drills.py::test_e3b_dr12_a_full_valkey_index_refuses_without_writing
tests/integration/backend/test_drills.py::test_e3b_dr13_losing_the_queue_index_loses_no_accepted_job
tests/integration/backend/test_drills.py::test_e3b_db10_detects_an_outbox_acknowledgment_that_does_not_land
tests/integration/backend/test_drills.py::test_e3b_dr14_malformed_media_is_a_typed_refusal_not_a_crash
tests/integration/backend/test_drills.py::test_e3b_dr15_internal_media_urls_are_refused_before_any_connection
tests/integration/backend/test_drills.py::test_e3b_dr16_pilot_refuses_the_legacy_shared_key
tests/integration/backend/test_drills.py::test_e3b_dr17_the_pilot_serves_chat_and_jobs_only_through_the_mounted_routers
tests/integration/backend/test_e4b_mutants.py::test_the_e4b_list_is_well_formed
tests/integration/backend/test_e4b_mutants.py::test_every_e4b_case_is_covered_by_a_mutant
tests/integration/backend/test_e4b_mutants.py::test_e4b_mutant_is_killed[untyped_skip_accepted]
tests/integration/backend/test_e4b_mutants.py::test_e4b_mutant_is_killed[interruption_unchecked]
tests/integration/backend/test_e4b_mutants.py::test_e4b_mutant_is_killed[duplicate_job_unchecked]
tests/integration/backend/test_endpoint_doc.py::test_e4b_the_endpoint_doc_is_what_the_code_generates
tests/integration/backend/test_endpoint_doc.py::test_e4b_a_regeneration_keeps_the_verification_log
tests/integration/backend/test_endpoint_doc.py::test_e4b_every_mounted_route_has_one_description_and_every_description_a_route
tests/integration/backend/test_endpoint_doc.py::test_e4b_the_error_catalogue_is_complete_and_only_public
tests/integration/backend/test_endpoint_doc.py::test_e4b_the_examples_call_only_mounted_routes_with_the_headers_the_contract_needs
tests/integration/backend/test_endpoint_doc.py::test_e4b_the_release_decision_links_resolve_to_files_and_sections
tests/integration/backend/test_endpoint_doc.py::test_e4b_every_status_the_prose_cites_is_the_one_the_code_answers
tests/integration/backend/test_endpoint_doc.py::test_e4b_the_prose_names_the_cause_the_auth_and_the_headers_the_modules_implement
tests/integration/backend/test_endpoint_doc.py::test_e4b_every_success_status_the_prose_cites_is_the_one_its_route_answers
tests/integration/backend/test_endpoint_doc.py::test_e4b_the_model_table_says_whether_the_published_release_is_the_measured_pin
tests/integration/backend/test_journey.py::test_backend_journey[text-sync]
tests/integration/backend/test_journey.py::test_backend_journey[text-sse]
tests/integration/backend/test_journey.py::test_backend_journey[text-async]
tests/integration/backend/test_journey.py::test_backend_journey[video_url-sync]
tests/integration/backend/test_journey.py::test_backend_journey[video_url-sse]
tests/integration/backend/test_journey.py::test_backend_journey[video_url-async]
tests/integration/backend/test_journey.py::test_backend_journey[video_upload-sync]
tests/integration/backend/test_journey.py::test_backend_journey[video_upload-sse]
tests/integration/backend/test_journey.py::test_backend_journey[video_upload-async]
tests/integration/backend/test_journey.py::test_backend_journey__dataset_client_resume
tests/integration/backend/test_journey.py::test_two_tenants_are_provisioned_with_their_own_resolved_wallets_and_pins
tests/integration/backend/test_journey.py::test_e3b_db09_detects_a_signup_grant_that_is_not_unique
tests/integration/backend/test_journey.py::test_an_unknown_pending_id_is_refused
tests/integration/backend/test_journey.py::test_postgrest_refuses_anon_on_the_tenant_tables
tests/integration/backend/test_journey.py::test_postgrest_service_role_reads_every_tenant
tests/integration/backend/test_journey.py::test_postgrest_member_session_is_nobody_on_the_pinned_pairing
tests/integration/backend/test_schema.py::test_e3b_db01_the_schema_refuses_every_duplicate_settlement
tests/integration/backend/test_schema.py::test_e3b_db02_the_schema_refuses_foreign_result_access
tests/integration/backend/test_schema.py::test_e3b_db03_detects_a_missing_settlement_guard
tests/integration/backend/test_schema.py::test_e3b_db04_detects_a_missing_one_usage_debit_rule
tests/integration/backend/test_schema.py::test_e3b_db05_detects_a_browser_grant_on_a_pilot_relation
tests/integration/backend/test_stage.py::test_pending_cases_are_counted_by_their_unblocking_id_and_never_as_passes
tests/integration/backend/test_stage.py::test_an_expected_failure_is_not_pending_even_if_it_says_so
tests/integration/backend/test_stage.py::test_a_failure_a_plain_skip_or_an_empty_run_fails_the_stage
tests/integration/backend/test_stage.py::test_only_a_fully_run_suite_passes
tests/integration/backend/test_stage.py::test_the_backend_stage_reports_the_summary_of_what_its_suite_produced
tests/integration/backend/test_stage.py::test_a_drill_pends_only_on_the_stubs_it_drives
tests/integration/backend/test_stage.py::test_a_drill_driving_a_stub_pends_on_its_owner_before_building_a_store
tests/integration/backend/test_stage.py::test_no_pending_id_names_a_merged_task_unless_it_is_a_named_residual
tests/integration/backend/test_stage.py::test_a_pending_id_naming_a_merged_task_fails_the_stage
tests/integration/backend/test_stage.py::test_e3b_cases_pend_only_on_an_owner_reference_never_on_a_merged_task
tests/integration/backend/test_stage.py::test_a_live_defect_is_refused_outside_this_processs_clones
tests/integration/lab_evaluate/test_e6l_runner.py::test_e6l_the_matrix_carries_the_manifest_test_ids_and_the_brief_cases
tests/integration/lab_evaluate/test_e6l_runner.py::test_e6l_r222_accepts_only_a_not_run_out_of_local_scope
tests/integration/lab_evaluate/test_e6l_runner.py::test_e6l_the_required_cases_are_exactly_what_the_scenario_modules_define
tests/integration/lab_evaluate/test_e6l_runner.py::test_e6l_a_skip_is_never_a_pass_and_names_its_kind
tests/integration/lab_evaluate/test_e6l_runner.py::test_e6l_a_scenario_missing_a_required_case_is_not_run
tests/integration/lab_evaluate/test_e6l_runner.py::test_e6l_a_harness_error_is_invalid_not_a_product_fail[psycopg.OperationalError: connection refused-INVALID]
tests/integration/lab_evaluate/test_e6l_runner.py::test_e6l_a_harness_error_is_invalid_not_a_product_fail[RuntimeError: [Errno 98] address already in use-INVALID]
tests/integration/lab_evaluate/test_e6l_runner.py::test_e6l_a_harness_error_is_invalid_not_a_product_fail[AssertionError: a leaked family-FAIL]
tests/integration/lab_evaluate/test_e6l_runner.py::test_e6l_the_gate_and_the_cells_are_the_worst_status_and_exit_as_e2c_does
tests/integration/lab_evaluate/test_e6l_runner.py::test_e6l_no_stack_blocks_every_scenario
tests/integration/lab_evaluate/test_e6l_runner.py::test_e6l_the_namespace_is_the_reserved_block
tests/integration/lab_evaluate/test_e6l_runner.py::test_e6l_a_not_run_case_names_its_lanes_and_the_exact_rerun
tests/integration/lab_evaluate/test_mutants.py::test_the_lists_are_well_formed
tests/integration/lab_evaluate/test_mutants.py::test_every_case_is_covered_by_a_mutant
tests/integration/lab_evaluate/test_mutants.py::test_mutant_is_killed[not_run_is_a_pass]
tests/integration/lab_evaluate/test_mutants.py::test_stack_mutant_is_killed[NOTSET]
tests/integration/lab_evaluate/test_mutants.py::test_the_runner_cannot_report_a_false_kill[self_no_op]
tests/integration/lab_evaluate/test_mutants.py::test_the_runner_cannot_report_a_false_kill[self_missing_anchor]
tests/integration/lab_improve/test_e7l_runner.py::test_e7l_the_matrix_carries_the_manifest_test_ids_and_the_brief_cases
tests/integration/lab_improve/test_e7l_runner.py::test_e7l_the_required_cases_are_exactly_what_the_scenario_modules_define
tests/integration/lab_improve/test_e7l_runner.py::test_e7l_a_skip_is_never_a_pass_and_names_its_kind
tests/integration/lab_improve/test_e7l_runner.py::test_e7l_a_scenario_missing_a_required_case_is_not_run
tests/integration/lab_improve/test_e7l_runner.py::test_e7l_a_harness_error_is_invalid_not_a_product_fail[psycopg.OperationalError: connection refused-INVALID]
tests/integration/lab_improve/test_e7l_runner.py::test_e7l_a_harness_error_is_invalid_not_a_product_fail[OSError: address already in use: the protocol server did not start on 57365-INVALID]
tests/integration/lab_improve/test_e7l_runner.py::test_e7l_a_harness_error_is_invalid_not_a_product_fail[AssertionError: 0-E7L-1 missing transitive revocation-FAIL]
tests/integration/lab_improve/test_e7l_runner.py::test_e7l_the_gate_and_the_cells_are_the_worst_status_and_exit_as_e2c_does
tests/integration/lab_improve/test_e7l_runner.py::test_e7l_no_stack_blocks_every_scenario
tests/integration/lab_improve/test_e7l_runner.py::test_e7l_the_namespace_is_the_reserved_block
tests/integration/lab_improve/test_e7l_runner.py::test_e7l_a_not_run_case_names_its_lanes_and_the_exact_rerun
tests/integration/lab_improve/test_e7l_runner.py::test_e7l_the_i07_tripwire_fires_on_a_worker_pass_not_the_module
tests/integration/lab_improve/test_mutants.py::test_the_lists_are_well_formed
tests/integration/lab_improve/test_mutants.py::test_every_case_is_covered_by_a_mutant
tests/integration/lab_improve/test_mutants.py::test_mutant_is_killed[not_run_is_a_pass]
tests/integration/lab_improve/test_mutants.py::test_mutant_is_killed[unbound_case_runs]
tests/integration/lab_improve/test_mutants.py::test_stack_mutant_is_killed[NOTSET]
tests/integration/lab_improve/test_mutants.py::test_the_runner_cannot_report_a_false_kill[self_no_op]
tests/integration/lab_improve/test_mutants.py::test_the_runner_cannot_report_a_false_kill[self_missing_anchor]
tests/integration/lab_local/test_lab_local_runner.py::test_lab_local_every_deployment_switch_is_on_in_the_composition
tests/integration/lab_local/test_lab_local_runner.py::test_lab_local_a_skip_is_never_a_pass_and_names_its_kind
tests/integration/lab_local/test_lab_local_runner.py::test_lab_local_a_scenario_missing_a_required_case_is_not_run
tests/integration/lab_local/test_lab_local_runner.py::test_lab_local_a_harness_error_is_invalid_not_a_product_fail
tests/integration/lab_local/test_lab_local_runner.py::test_lab_local_the_gate_is_the_worst_stage_and_exits_as_e2c_does
tests/integration/lab_local/test_lab_local_runner.py::test_lab_local_no_stack_blocks_every_stage
tests/integration/lab_local/test_lab_local_runner.py::test_lab_local_a_pytest_stage_with_a_skip_or_no_case_is_blocked_not_passed
tests/integration/lab_local/test_lab_local_runner.py::test_lab_local_the_e4_subset_is_the_composition_lanes_regression
tests/integration/lab_local/test_lab_local_runner.py::test_lab_local_a_key_pinned_journey_is_not_run_with_its_owners_exact_rerun
tests/integration/lab_local/test_lab_local_runner.py::test_lab_local_the_required_cases_are_what_the_scenario_module_defines
tests/integration/lab_local/test_lab_local_runner.py::test_lab_local_the_key_is_tasklocal_in_the_lab_band_and_the_block_is_e3ls_lock
tests/integration/lab_local/test_lab_local_runner.py::test_lab_local_the_lab_web_gets_lab_jsons_names_and_no_service_key
tests/integration/lab_local/test_lab_local_runner.py::test_lab_local_pending_roles_are_proven_to_refuse_by_name
tests/integration/lab_local/test_lab_local_runner.py::test_lab_local_a_journey_passes_only_when_every_case_ran_and_passed
tests/integration/lab_local/test_lab_local_runner.py::test_lab_local_the_control_factory_runs_on_its_own_login_never_the_owner
tests/integration/lab_local/test_mutants.py::test_the_lists_are_well_formed
tests/integration/lab_local/test_mutants.py::test_every_case_is_covered_by_a_mutant
tests/integration/lab_local/test_mutants.py::test_mutant_is_killed[a_switch_left_off]
tests/integration/lab_local/test_mutants.py::test_mutant_is_killed[not_run_is_a_pass]
tests/integration/lab_local/test_mutants.py::test_stack_mutant_is_killed[NOTSET]
tests/integration/lab_local/test_mutants.py::test_the_runner_cannot_report_a_false_kill[self_no_op]
tests/integration/lab_local/test_mutants.py::test_the_runner_cannot_report_a_false_kill[self_missing_anchor]
tests/integration/lab_observe/test_e5l_runner.py::test_e5l_the_matrix_carries_the_manifest_test_ids_and_the_brief_cases
tests/integration/lab_observe/test_e5l_runner.py::test_e5l_the_required_cases_are_exactly_what_the_scenario_modules_define
tests/integration/lab_observe/test_e5l_runner.py::test_e5l_a_scenarios_declared_lanes_are_the_lanes_its_not_run_case_names
tests/integration/lab_observe/test_e5l_runner.py::test_e5l_every_unbound_case_is_not_run_without_touching_a_stack
tests/integration/lab_observe/test_e5l_runner.py::test_e5l_a_skip_is_never_a_pass_and_names_its_kind
tests/integration/lab_observe/test_e5l_runner.py::test_e5l_a_scenario_missing_a_required_case_is_not_run
tests/integration/lab_observe/test_e5l_runner.py::test_e5l_a_harness_error_is_invalid_not_a_product_fail[psycopg.OperationalError: connection refused-INVALID]
tests/integration/lab_observe/test_e5l_runner.py::test_e5l_a_harness_error_is_invalid_not_a_product_fail[RuntimeError: [Errno 98] address already in use-INVALID]
tests/integration/lab_observe/test_e5l_runner.py::test_e5l_a_harness_error_is_invalid_not_a_product_fail[AssertionError: expired content reached the judge-FAIL]
tests/integration/lab_observe/test_e5l_runner.py::test_e5l_the_gate_and_the_cells_are_the_worst_status_and_exit_as_e2c_does
tests/integration/lab_observe/test_e5l_runner.py::test_e5l_no_stack_blocks_every_scenario
tests/integration/lab_observe/test_e5l_runner.py::test_e5l_the_namespace_is_the_reserved_block_and_the_judge_fake_port_is_free_in_it
tests/integration/lab_observe/test_e5l_runner.py::test_e5l_a_not_run_case_names_its_lanes_and_the_exact_rerun
tests/integration/lab_observe/test_e5l_runner.py::test_e5l_the_judge_is_labelled_a_dry_run_never_a_live_run
tests/integration/lab_observe/test_e5l_runner.py::test_e5l_a_compose_project_override_moves_only_the_compose_names
tests/integration/lab_observe/test_e5l_runner.py::test_e5l_the_ui_cell_passes_only_a_green_e2e_suite_and_names_its_uncomposed_ports
tests/integration/lab_observe/test_i2l_obs.py::test_i2l_obs__every_observe_unit_is_off_until_its_role_env_file_exists
tests/integration/lab_observe/test_i2l_obs.py::test_i2l_obs__no_app_unit_links_to_an_observe_unit_or_the_reverse
tests/integration/lab_observe/test_i2l_obs.py::test_i2l_obs__each_unit_is_bounded_least_privilege_and_its_own
tests/integration/lab_observe/test_i2l_obs.py::test_i2l_obs__the_judge_worker_runs_its_role_and_drains
tests/integration/lab_observe/test_i2l_obs.py::test_i2l_obs__the_trace_gauges_run_on_a_timer_from_the_shipped_exporter
tests/integration/lab_observe/test_i2l_obs.py::test_i2l_obs__secret_names_only_and_every_name_a_unit_reads_is_declared
tests/integration/lab_observe/test_i2l_obs.py::test_i2l_obs__storage_grants_are_object_prefixes_under_the_trace_root_never_a_bucket
tests/integration/lab_observe/test_i2l_obs.py::test_i2l_obs__judge_egress_is_the_local_fake_and_a_zero_budget_until_p10
tests/integration/lab_observe/test_i2l_obs.py::test_i2l_obs__the_alarms_are_t3s_rules_with_runbook_anchors_and_no_name_clash
tests/integration/lab_observe/test_i2l_obs.py::test_i2l_obs__the_exporter_writes_t3s_gauges_and_a_failure_is_up_0_never_silence
tests/integration/lab_observe/test_i2l_obs.py::test_i2l_obs__an_exporter_that_wrote_up_0_fires_an_alarm_through_the_evaluator
tests/integration/lab_observe/test_i2l_obs.py::test_i2l_obs__no_two_lab_worker_units_share_a_health_port
tests/integration/lab_observe/test_i2l_obs.py::test_i2l_obs__the_pinned_monitor_copy_holds_the_lab_files_and_an_old_pin_keeps_app_alerts
tests/integration/lab_observe/test_mutants.py::test_the_lists_are_well_formed
tests/integration/lab_observe/test_mutants.py::test_known_failures_name_real_cases_and_no_mutant
tests/integration/lab_observe/test_mutants.py::test_every_case_is_covered_by_a_mutant
tests/integration/lab_observe/test_mutants.py::test_mutant_is_killed[judge_runs_another_role]
tests/integration/lab_observe/test_mutants.py::test_mutant_is_killed[not_run_is_a_pass]
tests/integration/lab_observe/test_mutants.py::test_mutant_is_killed[unbound_case_runs]
tests/integration/lab_observe/test_mutants.py::test_stack_mutant_is_killed[NOTSET]
tests/integration/lab_observe/test_mutants.py::test_the_runner_cannot_report_a_false_kill[self_no_op]
tests/integration/lab_observe/test_mutants.py::test_the_runner_cannot_report_a_false_kill[self_missing_anchor]
tests/integration/lab_operate/test_e3l_runner.py::test_e3l_the_matrix_carries_the_manifest_test_ids_and_the_brief_cases
tests/integration/lab_operate/test_e3l_runner.py::test_e3l_the_required_cases_are_exactly_what_the_scenario_modules_define
tests/integration/lab_operate/test_e3l_runner.py::test_e3l_a_skip_is_never_a_pass_and_names_its_kind
tests/integration/lab_operate/test_e3l_runner.py::test_e3l_a_scenario_missing_a_required_case_is_not_run
tests/integration/lab_operate/test_e3l_runner.py::test_e3l_a_harness_error_is_invalid_not_a_product_fail[psycopg.OperationalError: connection refused-INVALID]
tests/integration/lab_operate/test_e3l_runner.py::test_e3l_a_harness_error_is_invalid_not_a_product_fail[RuntimeError: [Errno 98] address already in use-INVALID]
tests/integration/lab_operate/test_e3l_runner.py::test_e3l_a_harness_error_is_invalid_not_a_product_fail[AssertionError: a_reads_b_health allowed-FAIL]
tests/integration/lab_operate/test_e3l_runner.py::test_e3l_the_gate_and_the_cells_are_the_worst_status_and_exit_as_e2c_does
tests/integration/lab_operate/test_e3l_runner.py::test_e3l_no_stack_blocks_every_scenario
tests/integration/lab_operate/test_e3l_runner.py::test_e3l_the_namespace_is_the_reserved_block
tests/integration/lab_operate/test_e3l_runner.py::test_e3l_a_not_run_case_names_its_lanes_and_the_exact_rerun
tests/integration/lab_operate/test_mutants.py::test_the_lists_are_well_formed
tests/integration/lab_operate/test_mutants.py::test_every_case_is_covered_by_a_mutant
tests/integration/lab_operate/test_mutants.py::test_mutant_is_killed[not_run_is_a_pass]
tests/integration/lab_operate/test_mutants.py::test_mutant_is_killed[gate_is_the_best_status]
tests/integration/lab_operate/test_mutants.py::test_stack_mutant_is_killed[NOTSET]
tests/integration/lab_operate/test_mutants.py::test_the_runner_cannot_report_a_false_kill[self_no_op]
tests/integration/lab_operate/test_mutants.py::test_the_runner_cannot_report_a_false_kill[self_missing_anchor]
tests/integration/lab_rollout/test_e8l_runner.py::test_e8l_the_matrix_carries_the_manifest_test_ids_and_the_brief_cases
tests/integration/lab_rollout/test_e8l_runner.py::test_e8l_the_required_cases_are_exactly_what_the_scenario_modules_define
tests/integration/lab_rollout/test_e8l_runner.py::test_e8l_a_skip_is_never_a_pass_and_names_its_kind
tests/integration/lab_rollout/test_e8l_runner.py::test_e8l_a_scenario_missing_a_required_case_is_not_run
tests/integration/lab_rollout/test_e8l_runner.py::test_e8l_a_harness_error_is_invalid_not_a_product_fail[psycopg.OperationalError: connection refused-INVALID]
tests/integration/lab_rollout/test_e8l_runner.py::test_e8l_a_harness_error_is_invalid_not_a_product_fail[RuntimeError: [Errno 98] address already in use-INVALID]
tests/integration/lab_rollout/test_e8l_runner.py::test_e8l_a_harness_error_is_invalid_not_a_product_fail[AssertionError: a leaked family-FAIL]
tests/integration/lab_rollout/test_e8l_runner.py::test_e8l_the_gate_and_the_cells_are_the_worst_status_and_exit_as_e2c_does
tests/integration/lab_rollout/test_e8l_runner.py::test_e8l_no_stack_blocks_every_scenario
tests/integration/lab_rollout/test_e8l_runner.py::test_e8l_the_namespace_is_the_reserved_block
tests/integration/lab_rollout/test_e8l_runner.py::test_e8l_a_not_run_case_names_its_lanes_and_the_exact_rerun
tests/integration/lab_rollout/test_e8l_runner.py::test_e8l_k09s_breach_half_is_bound_and_no_longer_a_sub_cell
tests/integration/lab_rollout/test_e8l_runner.py::test_e8l_a_sub_cell_is_not_run_naming_its_lanes_and_its_parents_rerun
tests/integration/lab_rollout/test_e8l_runner.py::test_e8l_k10s_composed_ui_journey_is_a_not_run_sub_cell_with_its_rerun
tests/integration/lab_rollout/test_e8l_runner.py::test_e8l_k10s_plan_path_handed_to_the_worker_is_absolute
tests/integration/lab_rollout/test_e8l_runner.py::test_e8l_r222_accepts_only_a_not_run_out_of_local_scope
tests/integration/lab_rollout/test_mutants.py::test_the_lists_are_well_formed
tests/integration/lab_rollout/test_mutants.py::test_every_case_is_covered_by_a_mutant
tests/integration/lab_rollout/test_mutants.py::test_mutant_is_killed[not_run_is_a_pass]
tests/integration/lab_rollout/test_mutants.py::test_mutant_is_killed[unbound_case_runs]
tests/integration/lab_rollout/test_mutants.py::test_stack_mutant_is_killed[NOTSET]
tests/integration/lab_rollout/test_mutants.py::test_the_runner_cannot_report_a_false_kill[self_no_op]
tests/integration/lab_rollout/test_mutants.py::test_the_runner_cannot_report_a_false_kill[self_missing_anchor]
tests/integration/ops/test_create_test_user.py::test_tu01_a_new_user_is_created_confirmed_and_granted_once
tests/integration/ops/test_create_test_user.py::test_tu02_an_existing_user_is_confirmed_and_repassworded_and_the_grant_is_idempotent
tests/integration/ops/test_create_test_user.py::test_tu03_the_grant_flag_off_is_reported_and_is_not_a_failure
tests/integration/ops/test_create_test_user.py::test_tu04_an_unauthorized_key_stops_at_the_first_call
tests/integration/ops/test_create_test_user.py::test_tu05_dry_run_calls_nothing
tests/integration/ops/test_create_test_user.py::test_tu06_secrets_never_reach_the_output
tests/integration/ops/test_create_test_user.py::test_tu07_bad_input_exits_2_and_calls_nothing[email]
tests/integration/ops/test_create_test_user.py::test_tu07_bad_input_exits_2_and_calls_nothing[password]
tests/integration/ops/test_create_test_user.py::test_tu07_bad_input_exits_2_and_calls_nothing[password-env]
tests/integration/ops/test_create_test_user.py::test_tu07_bad_input_exits_2_and_calls_nothing[key]
tests/integration/ops/test_create_test_user.py::test_tu07_bad_input_exits_2_and_calls_nothing[url]
tests/integration/ops/test_create_test_user.py::test_tu07_bad_input_exits_2_and_calls_nothing[plain-http-remote]
tests/integration/ops/test_create_test_user.py::test_tu07_bad_input_exits_2_and_calls_nothing[key-cr]
tests/integration/ops/test_create_test_user.py::test_tu07_bad_input_exits_2_and_calls_nothing[key-lf]
tests/integration/ops/test_create_test_user.py::test_tu08_a_redirect_is_never_followed_with_the_key
tests/integration/ops/test_create_test_user.py::test_tu09_an_unconfirmed_user_is_refused_before_the_grant
tests/integration/ops/test_create_test_user.py::test_tu10_a_held_grant_is_unavailable_and_exits_3
tests/integration/ops/test_create_test_user.py::test_tu12_every_call_gives_up_after_5_s
tests/integration/ops/test_create_test_user.py::test_tu13_a_failed_wallet_read_is_a_failure_not_a_zero
tests/integration/ops/test_create_test_user.py::test_tu14_an_existing_address_is_refused_untouched_without_reset_existing
tests/integration/ops/test_create_test_user.py::test_tu15_a_non_http_answer_is_a_refusal_not_a_traceback
tests/integration/ops/test_create_test_user.py::test_tu11_the_real_grant_through_postgrest_on_app_c0
tests/integration/ops/test_i3_operations.py::test_i3_ops01_links_anchors_bash_and_log
tests/integration/ops/test_i3_operations.py::test_i3_ops02_migration_numbering_is_contiguous_and_the_tool_accepts_the_tree
tests/integration/ops/test_i3_operations.py::test_i3_ops03_every_cutover_step_names_its_check_and_abort
tests/integration/ops/test_i3_operations.py::test_i3_ops04_the_app_rule_names_a_section_merges_and_fires
tests/integration/ops/test_i3_operations.py::test_i3_ops05_the_canary_app_probe_writes_up_only_for_a_production_identity[200-{"commit":"aaaaaaaaaaaaaaaaaaaaaaaaaaaaaaaaaaaaaaaa","builtAt":"unknown","deployment":"dpl_X","environment":"production","apiOrigin":"https://api.example.test"}-1]
tests/integration/ops/test_i3_operations.py::test_i3_ops05_the_canary_app_probe_writes_up_only_for_a_production_identity[200-{"commit":"unknown","environment":"production"}-0]
tests/integration/ops/test_i3_operations.py::test_i3_ops05_the_canary_app_probe_writes_up_only_for_a_production_identity[200-{"commit":"aaaaaaaaaaaaaaaaaaaaaaaaaaaaaaaaaaaaaaaa","environment":"preview"}-0]
tests/integration/ops/test_i3_operations.py::test_i3_ops05_the_canary_app_probe_writes_up_only_for_a_production_identity[500--0]
tests/integration/ops/test_i3_operations.py::test_i3_ops06_the_scenario_register_names_real_tests_or_a_reason
tests/integration/ops/test_i3_operations.py::test_i3_ops07_the_release_runbook_states_the_same_migration_rule
tests/integration/ops/test_i3_rollback.py::test_i3_rb01_compatible_at_the_applied_migration
tests/integration/ops/test_i3_rollback.py::test_i3_rb02_a_newer_migration_than_hosted_is_refused
tests/integration/ops/test_i3_rollback.py::test_i3_rb03_a_pre_identity_tree_is_refused
tests/integration/ops/test_i3_rollback.py::test_i3_rb04_a_contract_newer_than_the_running_gateway_is_refused
tests/integration/ops/test_i3_rollback.py::test_i3_rb05_malformed_inputs_are_refused[args0-2]
tests/integration/ops/test_i3_rollback.py::test_i3_rb05_malformed_inputs_are_refused[args1-2]
tests/integration/ops/test_i3_rollback.py::test_i3_rb05_malformed_inputs_are_refused[args2-2]
tests/integration/ops/test_i3_rollback.py::test_i3_rb05_malformed_inputs_are_refused[args3-2]
tests/integration/ops/test_i3_rollback.py::test_i3_rb05_malformed_inputs_are_refused[args4-2]
tests/integration/ops/test_i3_rollback.py::test_i3_rb05_malformed_inputs_are_refused[args5-1]
tests/integration/ops/test_i3_rollback.py::test_i3_rb05_malformed_inputs_are_refused[args6-1]
tests/integration/ops/test_i3_rollback.py::test_i3_rb06_the_comparison_mutants_are_caught[newest == applied or (newest < applied and proven)-newest < applied and proven-0003-0]
tests/integration/ops/test_i3_rollback.py::test_i3_rb06_the_comparison_mutants_are_caught[newest == applied or (newest < applied and proven)-newest <= applied-0009-1]
tests/integration/ops/test_i3_rollback.py::test_i3_rb09_the_contract_needs_the_same_major[app0-gateway0-True]
tests/integration/ops/test_i3_rollback.py::test_i3_rb09_the_contract_needs_the_same_major[app1-gateway1-True]
tests/integration/ops/test_i3_rollback.py::test_i3_rb09_the_contract_needs_the_same_major[app2-gateway2-False]
tests/integration/ops/test_i3_rollback.py::test_i3_rb09_the_contract_needs_the_same_major[app3-gateway3-False]
tests/integration/ops/test_i3_rollback.py::test_i3_rb09_the_contract_needs_the_same_major[app4-gateway4-False]
tests/integration/ops/test_i3_rollback.py::test_i3_rb09_the_contract_needs_the_same_major[app5-gateway5-False]
tests/integration/ops/test_i3_rollback.py::test_i3_rb07_this_repository_judges_itself
tests/integration/ops/test_i3_rollback.py::test_i3_rb08_hosted_ahead_of_the_tree_needs_a_schema_proof
tests/integration/ops/test_runbook_reversal.py::test_runbook3_rv01_every_restore_onto_legacy_usd_reverses_w7f_first
tests/integration/ops/test_runbook_reversal.py::test_runbook3_rv02_every_reinstall_is_followed_by_the_runtime_login_step
tests/integration/ops/test_runbook_reversal.py::test_runbook3_rv03_the_reversal_drains_before_anything_stops_the_worker
tests/integration/test_fake_vllm.py::test_the_exported_engine_conformance_suite_passes_over_http
tests/integration/test_fake_vllm.py::test_every_fault_mode_04_requires_is_implemented
tests/integration/test_fake_vllm.py::test_a_stall_is_declared_not_slept_and_moves_only_the_injected_clock
tests/integration/test_fake_vllm.py::test_a_midstream_stall_delivers_a_delta_and_then_no_usage
tests/integration/test_fake_vllm.py::test_an_abrupt_exit_tears_the_connection_and_is_not_a_domain_error
tests/integration/test_fake_vllm.py::test_a_stream_without_its_terminator_is_a_failure_not_a_success
tests/integration/test_fake_vllm.py::test_malformed_and_missing_usage_never_become_authoritative_tokens
tests/integration/test_fake_vllm.py::test_split_reasoning_delimiters_never_appear_whole_in_one_chunk
tests/integration/test_fake_vllm.py::test_cancellation_is_keyed_by_job_and_leaves_other_jobs_alone
tests/integration/test_fake_vllm.py::test_a_cancel_that_arrives_after_the_first_delta_bills_only_what_was_produced
tests/integration/test_fake_vllm.py::test_an_unknown_fault_is_a_4xx_not_a_500
tests/integration/test_fake_vllm.py::test_chunk_ids_and_created_are_seedable
tests/integration/test_fake_vllm.py::test_a_per_request_fault_precedence_is_header_then_body_then_default
tests/integration/test_fake_vllm.py::test_health_and_drain_and_the_non_stream_path_answer
tests/integration/test_fake_vllm.py::test_killing_the_engine_process_is_a_transport_failure_and_it_restarts
tests/integration/test_fake_vllm.py::test_the_server_log_is_never_left_behind_in_the_temp_directory
tests/integration/test_fake_vllm.py::test_canary_intentional_failure_is_detected
tests/integration/test_harness.py::test_every_port_is_inside_the_range_tasklocal_grants_this_task[e2]
tests/integration/test_harness.py::test_every_port_is_inside_the_range_tasklocal_grants_this_task[e3b2]
tests/integration/test_harness.py::test_every_port_is_inside_the_range_tasklocal_grants_this_task[e3c]
tests/integration/test_harness.py::test_every_port_is_inside_the_range_tasklocal_grants_this_task[e3l]
tests/integration/test_harness.py::test_every_port_is_inside_the_range_tasklocal_grants_this_task[e4b]
tests/integration/test_harness.py::test_every_port_is_inside_the_range_tasklocal_grants_this_task[e5l]
tests/integration/test_harness.py::test_every_port_is_inside_the_range_tasklocal_grants_this_task[e6l]
tests/integration/test_harness.py::test_every_port_is_inside_the_range_tasklocal_grants_this_task[e7l]
tests/integration/test_harness.py::test_every_port_is_inside_the_range_tasklocal_grants_this_task[e8l]
tests/integration/test_harness.py::test_a_namespace_block_overlaps_no_other_reservation[e2]
tests/integration/test_harness.py::test_a_namespace_block_overlaps_no_other_reservation[e3b2]
tests/integration/test_harness.py::test_a_namespace_block_overlaps_no_other_reservation[e3c]
tests/integration/test_harness.py::test_a_namespace_block_overlaps_no_other_reservation[e3l]
tests/integration/test_harness.py::test_a_namespace_block_overlaps_no_other_reservation[e4b]
tests/integration/test_harness.py::test_a_namespace_block_overlaps_no_other_reservation[e5l]
tests/integration/test_harness.py::test_a_namespace_block_overlaps_no_other_reservation[e6l]
tests/integration/test_harness.py::test_a_namespace_block_overlaps_no_other_reservation[e7l]
tests/integration/test_harness.py::test_a_namespace_block_overlaps_no_other_reservation[e8l]
tests/integration/test_harness.py::test_the_compose_file_publishes_exactly_those_ports_on_loopback[e2]
tests/integration/test_harness.py::test_the_compose_file_publishes_exactly_those_ports_on_loopback[e3b2]
tests/integration/test_harness.py::test_the_compose_file_publishes_exactly_those_ports_on_loopback[e3c]
tests/integration/test_harness.py::test_the_compose_file_publishes_exactly_those_ports_on_loopback[e3l]
tests/integration/test_harness.py::test_the_compose_file_publishes_exactly_those_ports_on_loopback[e4b]
tests/integration/test_harness.py::test_the_compose_file_publishes_exactly_those_ports_on_loopback[e5l]
tests/integration/test_harness.py::test_the_compose_file_publishes_exactly_those_ports_on_loopback[e6l]
tests/integration/test_harness.py::test_the_compose_file_publishes_exactly_those_ports_on_loopback[e7l]
tests/integration/test_harness.py::test_the_compose_file_publishes_exactly_those_ports_on_loopback[e8l]
tests/integration/test_harness.py::test_every_image_is_pinned_by_digest
tests/integration/test_harness.py::test_every_container_is_named_in_the_namespace_and_volumes_are_project_scoped[e2]
tests/integration/test_harness.py::test_every_container_is_named_in_the_namespace_and_volumes_are_project_scoped[e3b2]
tests/integration/test_harness.py::test_every_container_is_named_in_the_namespace_and_volumes_are_project_scoped[e3c]
tests/integration/test_harness.py::test_every_container_is_named_in_the_namespace_and_volumes_are_project_scoped[e3l]
tests/integration/test_harness.py::test_every_container_is_named_in_the_namespace_and_volumes_are_project_scoped[e4b]
tests/integration/test_harness.py::test_every_container_is_named_in_the_namespace_and_volumes_are_project_scoped[e5l]
tests/integration/test_harness.py::test_every_container_is_named_in_the_namespace_and_volumes_are_project_scoped[e6l]
tests/integration/test_harness.py::test_every_container_is_named_in_the_namespace_and_volumes_are_project_scoped[e7l]
tests/integration/test_harness.py::test_every_container_is_named_in_the_namespace_and_volumes_are_project_scoped[e8l]
tests/integration/test_harness.py::test_every_container_helper_is_namespace_checked
tests/integration/test_harness.py::test_a_destructive_helper_refuses_anything_outside_the_namespace
tests/integration/test_harness.py::test_nothing_in_this_directory_points_at_production
tests/integration/test_harness.py::test_the_movable_clock_cannot_exist_in_a_deployed_database
tests/integration/test_harness.py::test_the_migration_set_is_the_console_one_and_is_read_in_filename_order
tests/integration/test_harness.py::test_the_role_matrix_covers_every_role_and_every_expectation_kind
tests/integration/test_harness.py::test_every_legacy_test_id_occurs_in_the_document_it_is_attributed_to
tests/integration/test_harness.py::test_namespacing_actually_resolves_the_collisions_it_exists_for
tests/integration/test_harness.py::test_no_namespaced_id_is_issued_twice_and_all_four_namespaces_are_used
tests/integration/test_harness.py::test_canary_intentional_failure_is_detected_in_the_guard_suite
tests/integration/test_lab_package_isolation.py::test_every_packages_runner_identity_case_passes_when_all_five_are_collected_together
tests/integration/test_lab_package_isolation.py::test_each_package_alone_still_passes_its_own_case
tests/integration/test_preflight.py::test_the_environment_manifest_is_self_consistent
tests/integration/test_preflight.py::test_missing_docker_is_blocked_with_exit_3
tests/integration/test_preflight.py::test_the_gate_stops_at_a_blocked_preflight
tests/integration/test_preflight.py::test_a_missing_tool_or_image_blocks_and_a_complete_host_passes
tests/integration/test_preflight.py::test_a_busy_namespace_port_is_blocked
tests/integration/test_preflight.py::test_a_foreign_listener_on_the_q_valkey_port_blocks_consumer_local
tests/integration/test_preflight.py::test_a_port_lingering_in_time_wait_is_not_busy
tests/integration/test_preflight.py::test_an_ephemeral_port_overlap_is_a_risk_not_a_block
tests/integration/test_preflight.py::test_an_invalid_certify_profile_exits_4[group-missing]
tests/integration/test_preflight.py::test_an_invalid_certify_profile_exits_4[group-empty]
tests/integration/test_preflight.py::test_an_invalid_certify_profile_exits_4[literal-secret]
tests/integration/test_preflight.py::test_an_invalid_certify_profile_exits_4[not-an-object]
tests/integration/test_preflight.py::test_a_valid_certify_profile_is_accepted
tests/integration/test_preflight.py::test_a_live_certify_never_starts_from_the_wrapper
tests/integration/test_preflight.py::test_a_remote_certify_flag_in_any_spelling_never_starts_a_run[target-alone]
tests/integration/test_preflight.py::test_a_remote_certify_flag_in_any_spelling_never_starts_a_run[target-equals]
tests/integration/test_preflight.py::test_a_remote_certify_flag_in_any_spelling_never_starts_a_run[target-abbreviated]
tests/integration/test_preflight.py::test_a_remote_certify_flag_in_any_spelling_never_starts_a_run[box-and-target-abbreviated]
tests/integration/test_preflight.py::test_a_local_certify_run_is_started
tests/integration/test_preflight.py::test_junit_counts_keep_xfails_apart_from_skips
tests/integration/test_preflight.py::test_a_pytest_stage_that_skipped_is_not_a_pass[pass]
tests/integration/test_preflight.py::test_a_pytest_stage_that_skipped_is_not_a_pass[skip-is-blocked]
tests/integration/test_preflight.py::test_a_pytest_stage_that_skipped_is_not_a_pass[fail]
tests/integration/test_preflight.py::test_a_pytest_stage_that_skipped_is_not_a_pass[quarantine-is-blocked]
tests/integration/test_preflight.py::test_a_pytest_stage_that_skipped_is_not_a_pass[setup-error-is-fail]
tests/integration/test_preflight.py::test_a_pytest_stage_that_skipped_is_not_a_pass[empty-parametrization-is-not-a-case]
tests/integration/test_preflight.py::test_a_pytest_stage_that_skipped_is_not_a_pass[empty-parametrization-hides-no-skip]
tests/integration/test_preflight.py::test_a_pytest_stage_that_skipped_is_not_a_pass[empty-parametrization-alone-is-blocked]
tests/integration/test_preflight.py::test_a_pytest_stage_that_crashed_without_a_report_fails
tests/integration/test_preflight.py::test_a_runner_stage_passes_only_when_every_case_ran[clean]
tests/integration/test_preflight.py::test_a_runner_stage_passes_only_when_every_case_ran[skips-are-blocked]
tests/integration/test_preflight.py::test_a_runner_stage_passes_only_when_every_case_ran[pending]
tests/integration/test_preflight.py::test_a_runner_stage_passes_only_when_every_case_ran[fail]
tests/integration/test_preflight.py::test_a_runner_stage_passes_only_when_every_case_ran[no-report]
tests/integration/test_preflight.py::test_the_e3c_stage_takes_the_runners_verdict_only_when_it_is_consistent[pass]
tests/integration/test_preflight.py::test_the_e3c_stage_takes_the_runners_verdict_only_when_it_is_consistent[fail]
tests/integration/test_preflight.py::test_the_e3c_stage_takes_the_runners_verdict_only_when_it_is_consistent[blocked]
tests/integration/test_preflight.py::test_the_e3c_stage_takes_the_runners_verdict_only_when_it_is_consistent[contradiction]
tests/integration/test_preflight.py::test_the_e3c_stage_takes_the_runners_verdict_only_when_it_is_consistent[no-verdict]
tests/integration/test_preflight.py::test_the_e3c_stage_takes_the_runners_verdict_only_when_it_is_consistent[unknown]
tests/integration/test_preflight.py::test_an_absent_e3c_runner_is_not_run
tests/integration/test_preflight.py::test_the_worst_stage_decides_the_gate
tests/integration/test_preflight.py::test_a_deliberately_broken_seam_fails_the_gate[expiry]
tests/integration/test_preflight.py::test_a_deliberately_broken_seam_fails_the_gate[readiness]
tests/integration/test_preflight.py::test_an_image_that_is_not_local_is_blocked_and_never_pulled
tests/integration/test_preflight.py::test_a_tool_at_the_wrong_version_is_blocked
tests/integration/test_preflight.py::test_a_host_that_is_not_linux_is_blocked
tests/integration/test_preflight.py::test_a_container_left_in_the_namespace_is_blocked
tests/integration/test_preflight.py::test_the_s3_endpoint_starts_from_the_local_pin_and_is_removed
tests/integration/test_preflight.py::test_an_s3_endpoint_that_cannot_start_is_blocked
tests/integration/test_preflight.py::test_a_green_consumer_local_composition_passes_on_its_own_namespace
tests/integration/test_preflight.py::test_the_d_mutant_case_is_not_run_until_its_copies_inherit_the_task
tests/integration/test_preflight.py::test_a_consumer_local_without_the_stack_is_blocked_and_still_runs_layer_1
tests/integration/test_preflight.py::test_a_consumer_local_without_its_s3_endpoint_is_blocked_and_sets_none
tests/integration/test_preflight.py::test_the_s3_endpoint_is_removed_when_a_suite_is_interrupted
tests/integration/test_preflight.py::test_each_gate_has_a_make_target_that_runs_its_wrapper[consumer-local-GATE_ARGS=--break-seam expiry-tests/integration/consumer-local.sh --break-seam expiry]
tests/integration/test_preflight.py::test_each_gate_has_a_make_target_that_runs_its_wrapper[backend-certify-GATE_ARGS=--validate-only-tests/integration/backend-certify.sh --validate-only]
tests/integration/test_preflight.py::test_each_gate_has_a_make_target_that_runs_its_wrapper[app-e2e-GATE_ARGS=-tests/integration/app-e2e.sh]
tests/integration/test_preflight.py::test_each_gate_has_a_make_target_that_runs_its_wrapper[backend-local-E3C_ARGS=--scale tiny-apps/infrx-api/.venv/bin/python tests/integration/backend/e3c/runner.py --out "${E3C_OUT:-${TMPDIR:-/tmp}/infrx-e3c}" --scale tiny]
tests/integration/test_run.py::test_the_exit_code_maps_pass_pending_and_fail_and_never_confuses_them
tests/integration/test_run.py::test_the_json_report_carries_every_stage_and_its_status
tests/integration/test_run.py::test_preflight_reports_pending_when_docker_is_unusable_and_never_pass
tests/integration/test_run.py::test_preflight_fails_on_a_foreign_resource_and_touches_nothing
tests/integration/test_run.py::test_preflight_turns_a_harness_error_into_a_reported_failure
tests/integration/test_run.py::test_preflight_fails_on_a_busy_task_local_port
tests/integration/test_run.py::test_preflight_fails_on_an_orphaned_fake_server_this_harness_owns
tests/integration/test_run.py::test_preflight_skips_cleanly_for_layer_one
tests/integration/test_run.py::test_preflight_passes_and_records_the_checkout_it_owns
tests/integration/test_run.py::test_a_provisioning_failure_is_pending_and_never_a_pass
tests/integration/test_run.py::test_services_reports_the_database_it_provisioned
tests/integration/test_run.py::test_an_undetected_canary_fails_the_run
tests/integration/test_run.py::test_a_canary_that_fails_without_naming_itself_also_fails_the_run
tests/integration/test_run.py::test_a_detected_and_named_canary_passes
tests/integration/test_run.py::test_the_needle_is_searched_in_the_whole_output_not_the_tail
tests/integration/test_run.py::test_counts_are_parsed_from_the_runner_output_not_typed
tests/integration/test_run.py::test_a_failing_suite_fails_the_run
tests/integration/test_run.py::test_a_failing_role_matrix_row_fails_the_rls_stage_and_the_run
tests/integration/test_run.py::test_a_suite_that_reports_no_tests_at_all_fails_the_run
tests/integration/test_run.py::test_teardown_is_reported_and_its_failure_is_a_failure
tests/integration/test_run.py::test_teardown_runs_even_when_a_stage_raises
tests/integration/test_run.py::test_up_and_down_refuse_while_anything_foreign_exists_and_call_no_compose
tests/integration/test_run.py::test_down_records_ids_and_fails_if_anything_of_ours_survives
tests/integration/test_run.py::test_down_succeeds_and_returns_what_it_removed
tests/integration/test_run.py::test_a_bind_failure_is_retried_once_and_then_refused
tests/integration/test_run.py::test_compose_always_carries_the_checkout_label_value
tests/integration/test_run.py::test_docker_available_reports_why_not_rather_than_raising
tests/integration/test_run.py::test_busy_ports_finds_a_listener_on_a_task_local_port
tests/integration/test_run.py::test_apply_migrations_refuses_a_database_that_is_not_fresh
tests/integration/test_run.py::test_the_fake_server_binds_loopback_unless_explicitly_allowed
tests/integration/test_run.py::test_sigterm_tears_down_and_orphans_no_fake_server
tests/integration/test_run.py::test_a_real_orphaned_fake_server_is_found_by_its_command_line
tests/integration/test_run.py::test_the_ps_orphan_parser_reads_a_pid_and_a_whole_command_line
tests/integration/test_run.py::test_provision_database_refuses_a_container_outside_the_namespace
tests/integration/test_run.py::test_the_verdict_reads_pytests_own_summary_and_not_the_exit_code
tests/integration/test_run.py::test_the_mutation_stage_and_the_cli_count_the_verdict_the_same_way
tests/integration/test_run.py::test_provision_database_statements_are_the_ones_r_a_requires
tests/integration/test_run.py::test_canary_intentional_failure_is_detected_in_the_orchestration_suite
tests/integration/test_run.py::test_the_mutation_stage_runs_every_list_through_one_runner
tests/integration/test_run.py::test_every_mutant_anchor_occurs_as_declared_on_the_checkout
tests/integration/test_run.py::test_a_suite_that_outlives_its_budget_is_a_failed_run_not_a_traceback
tests/integration/test_run.py::test_a_mutant_whose_cases_are_red_unmutated_is_baseline_red
tests/integration/test_run.py::test_a_baseline_is_reused_only_for_the_same_suite_selector_and_copy_kind
tests/integration/test_run.py::test_a_mutant_run_keeps_its_litter_private_and_never_touches_foreign_temp_files
tests/integration/test_run.py::test_a_d_mode_recovery_run_keeps_the_parents_tmpdir_for_the_pgharness_lock
tests/integration/test_run.py::test_a_suite_that_timed_out_fails_the_suites_stage_and_the_run
tests/integration/test_run.py::test_the_report_names_its_tree_its_namespace_and_each_stages_duration
tests/integration/test_run.py::test_the_report_records_the_tree_at_the_start_and_at_the_end
tests/integration/test_run.py::test_the_make_targets_run_m1l2s_s3_cases_on_this_stacks_minio
tests/integration/test_run.py::test_an_unexpected_skip_in_api_test_fails_the_suites_stage
tests/integration/test_run.py::test_a_red_make_target_names_its_failures_and_its_skips
tests/integration/test_run.py::test_a_suite_under_the_api_tree_runs_against_a_copied_infrx
tests/integration/test_run.py::test_layer_three_suites_leave_out_the_backend_suite_its_own_stage_ran
tests/integration/test_services.py::test_the_console_migrations_applied_to_a_supabase_compatible_database
tests/integration/test_services.py::test_the_signup_trigger_and_not_the_harness_created_the_tenants
tests/integration/test_services.py::test_balances_are_exact_decimals
tests/integration/test_services.py::test_exactly_the_seeded_ids_are_in_the_database_recomputed_from_the_seed
tests/integration/test_services.py::test_the_role_matrix_holds_for_every_role
tests/integration/test_services.py::test_the_role_matrix_has_a_row_for_every_relation_and_security_definer_function
tests/integration/test_services.py::test_a_live_grant_inversion_fails_its_matrix_row
tests/integration/test_services.py::test_a_check_that_should_fail_does_fail
tests/integration/test_services.py::test_the_shared_clock_moves_the_function_every_durable_decision_reads
tests/integration/test_services.py::test_only_the_legacy_claim_form_authenticates_on_the_pinned_image
tests/integration/test_services.py::test_valkey_accepts_namespaced_keys_and_the_suite_cleans_up_after_itself
tests/integration/test_services.py::test_trace_projection_schema_is_applied_once_and_idempotently
tests/integration/test_services.py::test_clickhouse_answers_ddl_and_a_round_trip_in_its_own_database
tests/integration/test_services.py::test_object_storage_is_tenant_prefixed_and_refuses_an_unsigned_read
tests/integration/test_services.py::test_a_paused_container_hangs_the_client_and_recovers_when_unpaused
tests/integration/test_services.py::test_killing_a_container_is_survivable_and_the_harness_puts_it_back
tests/integration/test_services.py::test_a_network_partition_is_distinguishable_from_a_dead_process
tests/integration/test_services.py::test_cleanup_is_scoped_and_refuses_a_container_it_did_not_create
tests/integration/test_services.py::test_the_prefix_alone_is_not_enough_to_be_touchable
tests/integration/test_services.py::test_a_stack_labelled_for_another_checkout_is_refused_not_destroyed
tests/integration/test_services.py::test_an_unlabelled_volume_with_our_name_is_refused_not_deleted
tests/integration/test_services.py::test_an_unlabelled_network_with_our_name_is_refused_not_removed
tests/integration/test_services.py::test_the_target_database_is_a_template_copy_owned_by_postgres
tests/integration/test_services.py::test_both_jwt_claim_forms_are_set_for_an_impersonated_principal
tests/integration/test_services.py::test_a_matrix_that_authenticates_nobody_fails
tests/integration/test_services.py::test_canary_intentional_failure_is_detected_in_the_service_suite

681 tests collected in 2.07s
