FF                                                                       [100%]
=================================== FAILURES ===================================
______ test_stack_mutant_is_killed[st_releases_route_drops_the_proposals] ______

mutant = Mutant(name='st_releases_route_drops_the_proposals', invariant="the releases answer carries the provider's proposals (...ovider))}', new='"proposals": []}', cases=('test_k10_the_releases_ui_over_the_real_route',), dies_by=(), occurrences=1)

    @pytest.mark.parametrize("mutant", SELECTED_STACK, ids=[m.name for m in SELECTED_STACK])
    def test_stack_mutant_is_killed(mutant):
        """On a kept e8l stack (runner.py --keep); a visible skip without one."""
        why = mutation_list.claim_the_kept_stack()
        if why:
            pytest.skip(f"NOT RUN: {why}")
        result = mutation_list.run_mutant(mutant)
>       assert result.killed, f"{mutant.name} is {result.outcome}: {result.detail}"
E       AssertionError: st_releases_route_drops_the_proposals is broken_runner: pristine baseline: the unmutated tree fails the list's own cases (pytest exit 1): ['../../tests/integration/lab_rollout/scenarios_route.py::test_k10_the_releases_ui_over_the_real_route']
E       assert False
E        +  where False = Result(outcome=<Outcome.broken_runner: 'broken_runner'>, detail="pristine baseline: the unmutated tree fails the list'...est exit 1): ['../../tests/integration/lab_rollout/scenarios_route.py::test_k10_the_releases_ui_over_the_real_route']").killed

tests/integration/lab_rollout/test_mutants.py:85: AssertionError
___________ test_stack_mutant_is_killed[st_records_verdict_dropped] ____________

mutant = Mutant(name='st_records_verdict_dropped', invariant="the page's verdict is D9's latest decision", file='infrx/gateway/... else {', cases=('test_k10_the_composed_releases_route_proposes_and_the_operator_decides',), dies_by=(), occurrences=1)

    @pytest.mark.parametrize("mutant", SELECTED_STACK, ids=[m.name for m in SELECTED_STACK])
    def test_stack_mutant_is_killed(mutant):
        """On a kept e8l stack (runner.py --keep); a visible skip without one."""
        why = mutation_list.claim_the_kept_stack()
        if why:
            pytest.skip(f"NOT RUN: {why}")
        result = mutation_list.run_mutant(mutant)
>       assert result.killed, f"{mutant.name} is {result.outcome}: {result.detail}"
E       AssertionError: st_records_verdict_dropped is broken_runner: pristine baseline: the unmutated tree fails the list's own cases (pytest exit 1): ['../../tests/integration/lab_rollout/scenarios_route.py::test_k10_the_releases_ui_over_the_real_route']
E       assert False
E        +  where False = Result(outcome=<Outcome.broken_runner: 'broken_runner'>, detail="pristine baseline: the unmutated tree fails the list'...est exit 1): ['../../tests/integration/lab_rollout/scenarios_route.py::test_k10_the_releases_ui_over_the_real_route']").killed

tests/integration/lab_rollout/test_mutants.py:85: AssertionError
=========================== short test summary info ============================
FAILED tests/integration/lab_rollout/test_mutants.py::test_stack_mutant_is_killed[st_releases_route_drops_the_proposals]
FAILED tests/integration/lab_rollout/test_mutants.py::test_stack_mutant_is_killed[st_records_verdict_dropped]
2 failed, 80 deselected in 71.31s (0:01:11)
