....................                                                     [100%]
==================================== PASSES ====================================
=========================== short test summary info ============================
PASSED tests/integration/lab_observe/test_mutants.py::test_stack_mutant_is_killed[st_capture_on_in_the_box]
PASSED tests/integration/lab_observe/test_mutants.py::test_stack_mutant_is_killed[st_ship_without_pins]
PASSED tests/integration/lab_observe/test_mutants.py::test_stack_mutant_is_killed[st_find_of_any_org]
PASSED tests/integration/lab_observe/test_mutants.py::test_stack_mutant_is_killed[st_feedback_ack_before_commit_status]
PASSED tests/integration/lab_observe/test_mutants.py::test_stack_mutant_is_killed[st_first_grant_version]
PASSED tests/integration/lab_observe/test_mutants.py::test_stack_mutant_is_killed[st_judge_in_any_mode]
PASSED tests/integration/lab_observe/test_mutants.py::test_stack_mutant_is_killed[st_judge_sends_one_sample]
PASSED tests/integration/lab_observe/test_mutants.py::test_stack_mutant_is_killed[st_no_recheck_before_egress]
PASSED tests/integration/lab_observe/test_mutants.py::test_stack_mutant_is_killed[st_judge_reads_the_raw_projection]
PASSED tests/integration/lab_observe/test_mutants.py::test_stack_mutant_is_killed[st_deleted_request_found]
PASSED tests/integration/lab_observe/test_mutants.py::test_stack_mutant_is_killed[st_sweep_keeps_objects]
PASSED tests/integration/lab_observe/test_mutants.py::test_stack_mutant_is_killed[st_failed_insert_acked]
PASSED tests/integration/lab_observe/test_mutants.py::test_stack_mutant_is_killed[st_timeout_is_a_failure]
PASSED tests/integration/lab_observe/test_mutants.py::test_stack_mutant_is_killed[st_claim_window_ignored]
PASSED tests/integration/lab_observe/test_mutants.py::test_stack_mutant_is_killed[st_worker_never_restarted]
PASSED tests/integration/lab_observe/test_mutants.py::test_stack_mutant_is_killed[st_route_content_without_a_grant]
PASSED tests/integration/lab_observe/test_mutants.py::test_stack_mutant_is_killed[st_route_shows_a_deleted_request]
PASSED tests/integration/lab_observe/test_mutants.py::test_stack_mutant_is_killed[st_pg_reserve_another_payer]
PASSED tests/integration/lab_observe/test_mutants.py::test_stack_mutant_is_killed[st_j3_limited_results_calibrate]
PASSED tests/integration/lab_observe/test_mutants.py::test_stack_mutant_is_killed[st_traces_route_ignores_deletion]
20 passed, 65 deselected in 400.17s (0:06:40)
