
Running 19 tests using 1 worker

  ✓   1 [chromium] › tests/e2e/journey.e2e.ts:223:5 › signup-verify-grant: a fresh individual verifies once and is granted 10,000 CREDIT exactly once (1.5s)
  ✓   2 [chromium] › tests/e2e/journey.e2e.ts:270:5 › signin-claim: signing in runs A2's first-login grant claim (answered replayed, no second grant) (500ms)
  ✓   3 [chromium] › tests/e2e/journey.e2e.ts:282:5 › create-key: the individual creates a key in the App; its plaintext is shown once (1.1s)
  ✓   4 [chromium] › tests/e2e/journey.e2e.ts:301:5 › text-sync: an external text request is answered and settled exactly once (302ms)
  ✓   5 [chromium] › tests/e2e/journey.e2e.ts:315:5 › sse-stream: an external streamed request sends identity, deltas, usage and [DONE] (289ms)
  ✓   6 [chromium] › tests/e2e/journey.e2e.ts:339:5 › async-poll: an external async job is accepted, polled to its end and its result read (385ms)
  ✓   7 [chromium] › tests/e2e/journey.e2e.ts:355:5 › video-upload: an uploaded finite video is processed as an async job and its result read (454ms)
  ✓   8 [chromium] › tests/e2e/journey.e2e.ts:384:5 › retry: the same request retried with its idempotency key is replayed, never charged twice (178ms)
  ✓   9 [chromium] › tests/e2e/journey.e2e.ts:397:5 › usage-balance: the console shows every request and the balance exactly as the ledger records them (659ms)
  ✓  10 [chromium] › tests/e2e/journey.e2e.ts:419:5 › refresh: a reload and an expiring session mid-journey keep the individual's exact state (12.7s)
  ✓  11 [chromium] › tests/e2e/journey.e2e.ts:439:5 › request-detail: the owner reads a request's detail, charge and result from Usage (647ms)
  ✓  12 [chromium] › tests/e2e/journey.e2e.ts:451:5 › accounting-uncertainty: usage the engine did not report is held for reconciliation, never shown as a charge (952ms)
  ✓  13 [chromium] › tests/e2e/journey.e2e.ts:477:5 › rate-rejection: past the per-key active job cap the next request is refused 429 and admits nothing; the rest settle once after a worker replacement (1.5s)
  ✓  14 [chromium] › tests/e2e/journey.e2e.ts:506:5 › low-funds: with almost nothing left the API refuses 402 and admits nothing; the console says so exactly (1.4s)
  ✘  15 [chromium] › tests/e2e/journey.e2e.ts:528:5 › provider-route-denial: provider and operator routes are not served to a consumer (878ms)
  -  16 [chromium] › tests/e2e/journey.e2e.ts:540:5 › operator-controls: operator actions are reachable only by an operator, with a reason, once
  ✓  17 [chromium] › tests/e2e/journey.e2e.ts:549:5 › isolation: a second individual gets their own one grant and sees none of the first's requests, keys or results (1.7s)
  ✓  18 [chromium] › tests/e2e/journey.e2e.ts:589:5 › expired-result: past its persisted expiry a result is gone (410), its metadata kept (49ms)
  ✓  19 [chromium] › tests/e2e/journey.e2e.ts:606:5 › revoke-key: a key revoked in the App fails admission within the revocation bound (38.9s)


  1) [chromium] › tests/e2e/journey.e2e.ts:528:5 › provider-route-denial: provider and operator routes are not served to a consumer 

    Error: provider routes a consumer reached

    expect(received).toEqual(expected) // deep equality

    - Expected  - 1
    + Received  + 3

    - Array []
    + Array [
    +   "/traces (200)",
    + ]

      535 |     if (reply?.status() !== 404 && landed === route) served.push(`${route} (${reply?.status()})`);
      536 |   }
    > 537 |   expect(served, "provider routes a consumer reached").toEqual([]);
          |                                                        ^
      538 | });
      539 |
      540 | test("operator-controls: operator actions are reachable only by an operator, with a reason, once", async () => {
        at <worktree>/apps/app/tests/e2e/journey.e2e.ts:537:56

    Error Context: ../../../../../../../../../../..<scratchpad>/after/playwright-artifacts/journey.e2e.ts-provider-ro-befe5-re-not-served-to-a-consumer-chromium/error-context.md

  1 failed
    [chromium] › tests/e2e/journey.e2e.ts:528:5 › provider-route-denial: provider and operator routes are not served to a consumer 
  1 skipped
  17 passed (1.1m)
