TAP version 13
# (node:3921340) [MODULE_TYPELESS_PACKAGE_JSON] Warning: Module type of file://<worktree>/apps/lab/tests/l/ui/stack.test.ts is not specified and it doesn't parse as CommonJS.
# Reparsing as ES module because module syntax was detected. This incurs a performance overhead.
# To eliminate this warning, add "type": "module" to <worktree>/apps/lab/package.json.
# (Use `node --trace-warnings ...` to show where the warning was created)
# <worktree>/apps/infrx-api/.venv/lib/python3.12/site-packages/fastapi/testclient.py:1: StarletteDeprecationWarning: Using `httpx` with `starlette.testclient` is deprecated; install `httpx2` instead.
#   from starlette.testclient import TestClient as TestClient  \# noqa
# Subtest: L4-S01..S03 the journeys J01/J02 through the HTTP adapter on the real control service (L3 over PgControlStore)
    # Subtest: S01 (J01) register → dev smoke → publish proposal → operator approval → App discovery → operator rollback
    not ok 1 - S01 (J01) register → dev smoke → publish proposal → operator approval → App discovery → operator rollback
      ---
      duration_ms: 921.431253
      type: 'test'
      location: '<worktree>/apps/lab/tests/l/ui/stack.test.ts:50:11'
      failureType: 'testCodeFailure'
      error: |-
        a rollback is the operator's, never a provider proposal
        + actual - expected
        
        + 'conflict'
        - 'invalid'
        
      code: 'ERR_ASSERTION'
      name: 'AssertionError'
      expected: 'invalid'
      actual: 'conflict'
      operator: 'strictEqual'
      stack: |-
        j01 (file://<worktree>/apps/lab/tests/l/ui/journeys.ts:59:10)
        process.processTicksAndRejections (node:internal/process/task_queues:103:5)
        async Test.run (node:internal/test_runner/test:1054:7)
        async TestContext.<anonymous> (file://<worktree>/apps/lab/tests/l/ui/stack.test.ts:50:3)
        async Test.run (node:internal/test_runner/test:1054:7)
        async startSubtestAfterBootstrap (node:internal/test_runner/harness:296:3)
      ...
    # Subtest: S02 (J02) the unauthorized variants
    not ok 2 - S02 (J02) the unauthorized variants
      ---
      duration_ms: 153.837813
      type: 'test'
      location: '<worktree>/apps/lab/tests/l/ui/stack.test.ts:51:11'
      failureType: 'testCodeFailure'
      error: |-
        only over one of its imported digests
        + actual - expected
        
        + 'conflict'
        - 'invalid'
        
      code: 'ERR_ASSERTION'
      name: 'AssertionError'
      expected: 'invalid'
      actual: 'conflict'
      operator: 'strictEqual'
      stack: |-
        j02 (file://<worktree>/apps/lab/tests/l/ui/journeys.ts:77:10)
        process.processTicksAndRejections (node:internal/process/task_queues:103:5)
        async Test.run (node:internal/test_runner/test:1054:7)
        async TestContext.<anonymous> (file://<worktree>/apps/lab/tests/l/ui/stack.test.ts:51:3)
        async Test.run (node:internal/test_runner/test:1054:7)
        async startSubtestAfterBootstrap (node:internal/test_runner/harness:296:3)
      ...
    # Subtest: S03 a consumer-only session is refused by the control service itself
    ok 3 - S03 a consumer-only session is refused by the control service itself
      ---
      duration_ms: 20.16827
      type: 'test'
      ...
    1..3
not ok 1 - L4-S01..S03 the journeys J01/J02 through the HTTP adapter on the real control service (L3 over PgControlStore)
  ---
  duration_ms: 5175.355404
  type: 'test'
  location: '<worktree>/apps/lab/tests/l/ui/stack.test.ts:33:1'
  failureType: 'subtestsFailed'
  error: '2 subtests failed'
  code: 'ERR_TEST_FAILURE'
  ...
# Traceback (most recent call last):
#   File "/home/rey/.local/share/uv/python/cpython-3.12.13-linux-x86_64-gnu/lib/python3.12/asyncio/runners.py", line 118, in run
#     return self._loop.run_until_complete(task)
#            ^^^^^^^^^^^^^^^^^^^^^^^^^^^^^^^^^^^
#   File "/home/rey/.local/share/uv/python/cpython-3.12.13-linux-x86_64-gnu/lib/python3.12/asyncio/base_events.py", line 691, in run_until_complete
#     return future.result()
#            ^^^^^^^^^^^^^^^
#   File "<worktree>/apps/lab/tests/l/ui/backend.py", line 102, in serve
#     await task
# asyncio.exceptions.CancelledError
# During handling of the above exception, another exception occurred:
# Traceback (most recent call last):
#   File "<worktree>/apps/lab/tests/l/ui/backend.py", line 111, in <module>
#     main()
#   File "<worktree>/apps/lab/tests/l/ui/backend.py", line 104, in main
#     asyncio.run(serve())
#   File "/home/rey/.local/share/uv/python/cpython-3.12.13-linux-x86_64-gnu/lib/python3.12/asyncio/runners.py", line 195, in run
#     return runner.run(main)
#            ^^^^^^^^^^^^^^^^
#   File "/home/rey/.local/share/uv/python/cpython-3.12.13-linux-x86_64-gnu/lib/python3.12/asyncio/runners.py", line 123, in run
#     raise KeyboardInterrupt()
# KeyboardInterrupt
1..1
# tests 4
# suites 0
# pass 1
# fail 3
# cancelled 0
# skipped 0
# todo 0
# duration_ms 6138.114152
