TAP version 13
# (node:3915790) [MODULE_TYPELESS_PACKAGE_JSON] Warning: Module type of file://<worktree>/apps/lab/tests/l/ui/stack.test.ts is not specified and it doesn't parse as CommonJS.
# Reparsing as ES module because module syntax was detected. This incurs a performance overhead.
# To eliminate this warning, add "type": "module" to <worktree>/apps/lab/package.json.
# (Use `node --trace-warnings ...` to show where the warning was created)
# <worktree>/apps/infrx-api/.venv/lib/python3.12/site-packages/fastapi/testclient.py:1: StarletteDeprecationWarning: Using `httpx` with `starlette.testclient` is deprecated; install `httpx2` instead.
#   from starlette.testclient import TestClient as TestClient  \# noqa
# Subtest: L4-S01..S03 the journeys J01/J02 through the HTTP adapter on the real control service (L3 over PgControlStore)
    # Subtest: S01 (J01) register → dev smoke → publish proposal → operator approval → App discovery → operator rollback
    ok 1 - S01 (J01) register → dev smoke → publish proposal → operator approval → App discovery → operator rollback
      ---
      duration_ms: 1303.971567
      type: 'test'
      ...
    # Subtest: S02 (J02) the unauthorized variants
    ok 2 - S02 (J02) the unauthorized variants
      ---
      duration_ms: 1567.850982
      type: 'test'
      ...
    # Subtest: S03 a consumer-only session is refused by the control service itself
    ok 3 - S03 a consumer-only session is refused by the control service itself
      ---
      duration_ms: 18.868365
      type: 'test'
      ...
    1..3
ok 1 - L4-S01..S03 the journeys J01/J02 through the HTTP adapter on the real control service (L3 over PgControlStore)
  ---
  duration_ms: 7094.604248
  type: 'test'
  ...
# Traceback (most recent call last):
#   File "/home/rey/.local/share/uv/python/cpython-3.12.13-linux-x86_64-gnu/lib/python3.12/asyncio/runners.py", line 118, in run
#     return self._loop.run_until_complete(task)
#            ^^^^^^^^^^^^^^^^^^^^^^^^^^^^^^^^^^^
#   File "/home/rey/.local/share/uv/python/cpython-3.12.13-linux-x86_64-gnu/lib/python3.12/asyncio/base_events.py", line 691, in run_until_complete
#     return future.result()
#            ^^^^^^^^^^^^^^^
#   File "<worktree>/apps/lab/tests/l/ui/backend.py", line 102, in serve
#     await task
# asyncio.exceptions.CancelledError
# During handling of the above exception, another exception occurred:
# Traceback (most recent call last):
#   File "<worktree>/apps/lab/tests/l/ui/backend.py", line 111, in <module>
#     main()
#   File "<worktree>/apps/lab/tests/l/ui/backend.py", line 104, in main
#     asyncio.run(serve())
#   File "/home/rey/.local/share/uv/python/cpython-3.12.13-linux-x86_64-gnu/lib/python3.12/asyncio/runners.py", line 195, in run
#     return runner.run(main)
#            ^^^^^^^^^^^^^^^^
#   File "/home/rey/.local/share/uv/python/cpython-3.12.13-linux-x86_64-gnu/lib/python3.12/asyncio/runners.py", line 123, in run
#     raise KeyboardInterrupt()
# KeyboardInterrupt
1..1
# tests 4
# suites 0
# pass 4
# fail 0
# cancelled 0
# skipped 0
# todo 0
# duration_ms 8107.202391

real	0m8.141s
user	0m2.700s
sys	0m0.265s
