== stand-in: infrx_i3b_dry_hosted = 0001-0002 + HOSTED_SEED
NOTICE:  database "infrx_i3b_dry_hosted" does not exist, skipping
== A3 (02:21:13) - 1 lines from infra/runbooks/restore.md
{"dumped_at": "2026-09-23T02:21:13+00:00", "schemas": ["public"], "auth_tables": ["auth.users"], "server_version": "17.6"}
7bf6bcb3319adc7043485020f68b3ac0dce059e0530935877f0adef73c00d129  project.dump
0275ee47349841627c3b8fc5ac9f1f365befd66a5fb2dfad9d676ddc3e8033ba  auth.dump
d1d9cb85461fd6788a6555f7476ebc5a6e5e6fb33f36a2a1389ee4ae6a77a8cc  meta.json
-- A3 done in 1.165594222 s
== A4 (02:21:14) - 8 lines from infra/runbooks/restore.md
8e4668bd91437a67efdd9e9fc33e1c319d342d06073cd7021d984b78f0609fdf
 pg_terminate_backend 
----------------------
 t
 t
(2 rows)

CREATE DATABASE
-- A4 done in 11.692558838 s
== A5 (02:21:26) - 1 lines from infra/runbooks/restore.md
restored
-- A5 done in 1.698969138 s
== A6 (02:21:28) - 1 lines from infra/runbooks/restore.md
{
  "equal": true,
  "problems": []
}
-- A6 done in .252765258 s
== A7 (02:21:28) - 18 lines from infra/runbooks/restore.md
CREATE SCHEMA
CREATE FUNCTION
COMMENT
CREATE FUNCTION
CREATE TABLE
CREATE INDEX
CREATE TRIGGER
CREATE TABLE
CREATE FUNCTION
CREATE TRIGGER
CREATE TABLE
CREATE INDEX
CREATE INDEX
CREATE TABLE
CREATE INDEX
CREATE INDEX
CREATE TABLE
CREATE INDEX
CREATE INDEX
CREATE INDEX
CREATE INDEX
CREATE INDEX
CREATE INDEX
CREATE FUNCTION
CREATE TRIGGER
CREATE FUNCTION
CREATE TRIGGER
CREATE TABLE
CREATE INDEX
CREATE INDEX
CREATE TABLE
CREATE INDEX
CREATE FUNCTION
CREATE TRIGGER
CREATE TABLE
CREATE TABLE
CREATE INDEX
CREATE TABLE
CREATE INDEX
CREATE INDEX
CREATE TABLE
CREATE FUNCTION
CREATE TRIGGER
CREATE INDEX
CREATE INDEX
CREATE INDEX
CREATE INDEX
CREATE TABLE
CREATE INDEX
CREATE INDEX
CREATE INDEX
CREATE INDEX
CREATE TABLE
CREATE INDEX
CREATE FUNCTION
CREATE TRIGGER
CREATE TABLE
CREATE TABLE
CREATE INDEX
CREATE TABLE
CREATE INDEX
CREATE TABLE
CREATE TABLE
CREATE TABLE
CREATE INDEX
CREATE TABLE
CREATE TABLE
CREATE INDEX
CREATE TRIGGER
ALTER TABLE
ALTER TABLE
ALTER TABLE
ALTER TABLE
CREATE INDEX
CREATE INDEX
ALTER TABLE
ALTER TABLE
CREATE INDEX
CREATE TRIGGER
CREATE FUNCTION
CREATE TRIGGER
ALTER TABLE
ALTER TABLE
ALTER TABLE
CREATE FUNCTION
CREATE TRIGGER
CREATE FUNCTION
 extend_model_limits 
---------------------
                   4
(1 row)

ALTER TABLE
ALTER TABLE
ALTER TABLE
ALTER TABLE
ALTER TABLE
ALTER TABLE
ALTER TABLE
ALTER TABLE
ALTER TABLE
CREATE FUNCTION
DO
INSERT 0 4
CREATE VIEW
COMMENT
REVOKE
REVOKE
REVOKE
REVOKE
GRANT
GRANT
GRANT
GRANT
DO
ALTER DEFAULT PRIVILEGES
ALTER DEFAULT PRIVILEGES
REVOKE
REVOKE
REVOKE
REVOKE
REVOKE
REVOKE
REVOKE
REVOKE
REVOKE
GRANT
GRANT
ALTER TABLE
ALTER TABLE
ALTER TABLE
ALTER TABLE
ALTER TABLE
ALTER TABLE
ALTER TABLE
ALTER TABLE
ALTER TABLE
ALTER TABLE
ALTER TABLE
ALTER TABLE
ALTER TABLE
ALTER TABLE
ALTER TABLE
ALTER TABLE
ALTER TABLE
ALTER TABLE
ALTER TABLE
ALTER TABLE
ALTER TABLE
REVOKE
GRANT
GRANT
GRANT
GRANT
GRANT
GRANT
GRANT
GRANT
GRANT
GRANT
GRANT
CREATE FUNCTION
DO
REVOKE
REVOKE
REVOKE
REVOKE
REVOKE
REVOKE
REVOKE
GRANT
GRANT
CREATE FUNCTION
REVOKE
GRANT
CREATE FUNCTION
CREATE FUNCTION
REVOKE
REVOKE
GRANT
GRANT
ALTER TABLE
ALTER TABLE
ALTER TABLE
ALTER TABLE
ALTER TABLE
ALTER TABLE
CREATE VIEW
CREATE VIEW
CREATE VIEW
CREATE VIEW
CREATE VIEW
CREATE VIEW
CREATE VIEW
CREATE VIEW
CREATE VIEW
CREATE VIEW
REVOKE
GRANT
CREATE FUNCTION
REVOKE
GRANT
COMMENT
CREATE FUNCTION
CREATE FUNCTION
REVOKE
REVOKE
GRANT
GRANT
CREATE TABLE
INSERT 0 3
CREATE FUNCTION
CREATE TABLE
CREATE INDEX
CREATE INDEX
CREATE INDEX
CREATE FUNCTION
CREATE TRIGGER
CREATE TABLE
CREATE INDEX
CREATE INDEX
CREATE INDEX
CREATE TRIGGER
CREATE FUNCTION
CREATE TRIGGER
CREATE TABLE
CREATE TRIGGER
ALTER TABLE
ALTER TABLE
DO
CREATE FUNCTION
CREATE TRIGGER
CREATE FUNCTION
CREATE TRIGGER
CREATE TABLE
CREATE INDEX
CREATE INDEX
CREATE FUNCTION
CREATE TRIGGER
ALTER TABLE
DO
CREATE VIEW
ALTER TABLE
ALTER TABLE
ALTER TABLE
ALTER TABLE
ALTER TABLE
REVOKE
REVOKE
GRANT
GRANT
REVOKE
REVOKE
REVOKE
REVOKE
REVOKE
REVOKE
DO
CREATE FUNCTION
REVOKE
GRANT
COMMENT
CREATE TABLE
CREATE TABLE
CREATE INDEX
CREATE INDEX
CREATE FUNCTION
CREATE TRIGGER
DO
ALTER TABLE
DO
CREATE TABLE
CREATE TABLE
CREATE TABLE
CREATE TABLE
CREATE FUNCTION
CREATE TRIGGER
CREATE TABLE
CREATE INDEX
CREATE TABLE
CREATE TABLE
DO
DO
DO
GRANT
GRANT
REVOKE
REVOKE
CREATE FUNCTION
REVOKE
GRANT
COMMENT
CREATE VIEW
CREATE VIEW
CREATE VIEW
CREATE FUNCTION
CREATE FUNCTION
REVOKE
GRANT
REVOKE
REVOKE
GRANT
GRANT
DO
CREATE INDEX
CREATE FUNCTION
ALTER TABLE
DO
CREATE INDEX
CREATE FUNCTION
CREATE TRIGGER
CREATE FUNCTION
CREATE FUNCTION
CREATE FUNCTION
CREATE FUNCTION
CREATE FUNCTION
CREATE FUNCTION
CREATE FUNCTION
DO
REVOKE
BEGIN
SET
 input_usd_per_m | output_usd_per_m 
-----------------+------------------
        0.100000 |         0.300000
(1 row)

                  id                  |                org_id                | revoked_at 
--------------------------------------+--------------------------------------+------------
 0b000000-0000-4000-8000-000000000001 | fcd535dc-d2c0-45ce-af0e-5d774b12febf | 
(1 row)

UPDATE 1
INSERT 0 1
ROLLBACK
         name         | enabled 
----------------------+---------
 credit_admission     | f
 legacy_usd_admission | t
 signup_grant         | f
(3 rows)

 org_id | ledger_total | ledger_sum | reserved_total | active_holds | ledger_drift | reserved_drift 
--------+--------------+------------+----------------+--------------+--------------+----------------
(0 rows)

-- A7 done in .937373496 s
== A9 (02:21:29) - 3 lines from infra/runbooks/restore.md
infrx-i3b-restore
backup removed
-- A9 done in .327461146 s
== dry run complete: A3-A9 exit 0
