tests/integration/lab_improve/test_mutants.py::test_the_lists_are_well_formed
tests/integration/lab_improve/test_mutants.py::test_every_case_is_covered_by_a_mutant
tests/integration/lab_improve/test_mutants.py::test_mutant_is_killed[xfail_is_a_pass]
tests/integration/lab_improve/test_mutants.py::test_mutant_is_killed[not_run_is_a_pass]
tests/integration/lab_improve/test_mutants.py::test_mutant_is_killed[required_cases_ignored]
tests/integration/lab_improve/test_mutants.py::test_mutant_is_killed[harness_error_is_a_product_fail]
tests/integration/lab_improve/test_mutants.py::test_mutant_is_killed[gate_is_the_best_status]
tests/integration/lab_improve/test_mutants.py::test_mutant_is_killed[a_cell_over_every_scenario]
tests/integration/lab_improve/test_mutants.py::test_mutant_is_killed[not_run_exits_zero]
tests/integration/lab_improve/test_mutants.py::test_mutant_is_killed[no_stack_passes]
tests/integration/lab_improve/test_mutants.py::test_mutant_is_killed[a_manifest_test_id_dropped]
tests/integration/lab_improve/test_mutants.py::test_mutant_is_killed[a_merged_cell_waits]
tests/integration/lab_improve/test_mutants.py::test_mutant_is_killed[a_required_case_renamed]
tests/integration/lab_improve/test_mutants.py::test_mutant_is_killed[another_namespace]
tests/integration/lab_improve/test_mutants.py::test_mutant_is_killed[an_endpoint_on_a_service_port]
tests/integration/lab_improve/test_mutants.py::test_mutant_is_killed[the_teacher_on_the_protocol_port]
tests/integration/lab_improve/test_mutants.py::test_mutant_is_killed[a_spare_on_a_service_port]
tests/integration/lab_improve/test_mutants.py::test_mutant_is_killed[not_run_without_the_rerun]
tests/integration/lab_improve/test_mutants.py::test_mutant_is_killed[i07_fires_on_the_module]
tests/integration/lab_improve/test_mutants.py::test_mutant_is_killed[unbound_case_runs]
tests/integration/lab_improve/test_mutants.py::test_stack_mutant_is_killed[st_forged_truth_imported]
tests/integration/lab_improve/test_mutants.py::test_stack_mutant_is_killed[st_teacher_labels_imported]
tests/integration/lab_improve/test_mutants.py::test_stack_mutant_is_killed[st_export_ships_holdout]
tests/integration/lab_improve/test_mutants.py::test_stack_mutant_is_killed[st_teacher_sees_holdout]
tests/integration/lab_improve/test_mutants.py::test_stack_mutant_is_killed[st_second_teacher_intent]
tests/integration/lab_improve/test_mutants.py::test_stack_mutant_is_killed[st_budget_skips_not_stops]
tests/integration/lab_improve/test_mutants.py::test_stack_mutant_is_killed[st_bundle_carries_holdout]
tests/integration/lab_improve/test_mutants.py::test_stack_mutant_is_killed[st_eligible_without_holdout_run]
tests/integration/lab_improve/test_mutants.py::test_stack_mutant_is_killed[st_submit_ignores_revocation]
tests/integration/lab_improve/test_mutants.py::test_stack_mutant_is_killed[st_ambiguous_not_reconciled]
tests/integration/lab_improve/test_mutants.py::test_stack_mutant_is_killed[st_timeout_is_a_refusal]
tests/integration/lab_improve/test_mutants.py::test_stack_mutant_is_killed[st_poll_settles_again]
tests/integration/lab_improve/test_mutants.py::test_stack_mutant_is_killed[st_manual_run_reserves]
tests/integration/lab_improve/test_mutants.py::test_stack_mutant_is_killed[st_digest_unchecked]
tests/integration/lab_improve/test_mutants.py::test_stack_mutant_is_killed[st_late_checkpoint_accepted]
tests/integration/lab_improve/test_mutants.py::test_stack_mutant_is_killed[st_redelivery_reevaluates]
tests/integration/lab_improve/test_mutants.py::test_stack_mutant_is_killed[st_corrections_dropped]
tests/integration/lab_improve/test_mutants.py::test_stack_mutant_is_killed[st_tombstones_ignored]
tests/integration/lab_improve/test_mutants.py::test_stack_mutant_is_killed[st_inferior_accepted]
tests/integration/lab_improve/test_mutants.py::test_the_runner_cannot_report_a_false_kill[self_no_op]
tests/integration/lab_improve/test_mutants.py::test_the_runner_cannot_report_a_false_kill[self_missing_anchor]

41 tests collected in 0.09s
