killed       CB-ID  by "A2-CB-03 a verified callback claims the grant ONCE, for the server-verified user, never an id from the URL"
killed       CB-NOCLAIM  by "A2-CB-03 a verified callback claims the grant ONCE, for the server-verified user, never an id from the URL"
killed       CB-BLOCK  by "A2-CB-06 a claim that fails or throws does not block sign-in: the user lands on onboarding to retry"
killed       CB-REFLECT  by "A2-CB-01 a link error is a fixed code; the provider's description is never reflected into the page"
killed       CB-FAILED-EXCHANGE  by "A2-CB-05 an expired or reused code is the expired-link state and claims nothing"
killed       CB-NO-SESSION  by "A2-CB-07 a session that cannot be read after the exchange is an invalid link and claims nothing"
killed       NEXT-BACKSLASH  by "A2-CB-08 recovery goes to set-a-new-password; a safe next is kept and an unsafe one is dropped"
killed       GRANT-REPLAY-FIRST  by "A2-GRANT-01 granted and replayed are both credited, with the exact amount; only the first is `first`"
killed       GRANT-INEXACT  by "A2-GRANT-03 an error, no row, an unknown status or an inexact amount is unavailable, never a guessed credit"
killed       GRANT-ERROR  by "A2-GRANT-03 an error, no row, an unknown status or an inexact amount is unavailable, never a guessed credit"
killed       GRANT-HELD  by "A2-GRANT-02 every denial is its own state; none of them is credited"
killed       GRANT-NO-SESSION  by "A2-GRANT-04 the onboarding action claims for the session user only; no session claims nothing"
killed       BAL-ZERO  by "A2-BAL-02 no wallet yet is `not_issued`, stated explicitly, never shown as a confirmed zero balance"
killed       BAL-UNIT  by "A2-BAL-03 a failed, empty, wrong-unit or inexact read is unavailable, never a zero or a float"
killed       BAL-FLOAT  by "A2-BAL-03 a failed, empty, wrong-unit or inexact read is unavailable, never a zero or a float"
killed       ENUM-USER  by "A2-ENUM-01 wrong password and unknown address read identically"
killed       ENUM-SIGNUP  by "A2-ENUM-02 signing up with an address that already has an account looks exactly like a new signup"
killed       ENUM-429  by "A2-ENUM-03 rate limits, expired links and outages are actionable codes; the raw server message never is the copy"
killed       NOTICE-REFLECT  by "A2-NOTICE-01 the login page shows only known notices; anything else in ?error= is ignored"
killed       BUNDLE-ADMIN  by "A2-BUNDLE-01 no client component reaches the service-role client, however indirectly"
killed       ROUTE-NOCLAIM  by "A2-CB-09 the callback route delegates to the tested flow and claims through the grant port"
killed       COPY-RAW  by "A2-COPY-02 no auth page makes a retention, ZDR or 120-second claim, or prechecks a data-use permission"
killed       A11Y-ALERT  by "A2-A11Y-01 every auth input has a label, and every error region is announced"
killed       EMAIL-SENT  by "A2-ENUM-04 resend and reset read an unknown address as sent, and report rate limits and outages truthfully"
killed       EMAIL-ENUM  by "A2-ENUM-04 resend and reset read an unknown address as sent, and report rate limits and outages truthfully"
killed       WELCOME-ZERO  by "A2-BAL-04 the /welcome read: exact balance, not issued, or unavailable — a failed or thrown read is never a confirmed zero"
killed       WELCOME-THROW  by "A2-BAL-04 the /welcome read: exact balance, not issued, or unavailable — a failed or thrown read is never a confirmed zero"
killed       WELCOME-PAGE-FLOAT  by "A2-WIRE-04 /welcome shows the balance only from welcomeWallet's `available` answer, through displayCredit, never a float"
killed       WELCOME-PAGE-BYPASS  by "A2-WIRE-04 /welcome shows the balance only from welcomeWallet's `available` answer, through displayCredit, never a float"
killed       SIGNIN-NOCLAIM  by "A2-SIGNIN-01 sign-in claims the grant once; only a replayed grant continues to next, every other outcome lands on /welcome"
killed       SIGNIN-STRANDED  by "A2-SIGNIN-01 sign-in claims the grant once; only a replayed grant continues to next, every other outcome lands on /welcome"
killed       LOGIN-NOCLAIM  by "A2-WIRE-01 sign-in claims the grant through afterSignIn and goes where it says"
killed       SIGNUP-FORM-BYPASS  by "A2-WIRE-02 signup, resend and reset go through the tested requests with the live auth client, and nothing bypasses them"
killed       VERIFY-DIRECT  by "A2-EMAIL-01 signup, resend and reset send one request each, with links through /auth/callback, and settle without enumeration"
killed       SIGNUP-NOREDIRECT  by "A2-EMAIL-01 signup, resend and reset send one request each, with links through /auth/callback, and settle without enumeration"
killed       RESET-NEXT  by "A2-EMAIL-01 signup, resend and reset send one request each, with links through /auth/callback, and settle without enumeration"
killed       RESET-FORM-BYPASS  by "A2-WIRE-02 signup, resend and reset go through the tested requests with the live auth client, and nothing bypasses them"
killed       RESEND-NOCOOLDOWN  by "A2-WIRE-03 resend cools down for 60 s, and an expired reset session offers a new link"
killed       RESET-EXPIRED  by "A2-WIRE-03 resend cools down for 60 s, and an expired reset session offers a new link"
killed       SIGNUP-FOCUS  by "A2-A11Y-02 after signup, focus moves to the 'Check your email' heading"
killed       GRANT-RPC-NAME  by "A2-GRANT-05 the grant call matches A1's function (0015) and grant.ts sends it and reads its error"
killed       GRANT-RPC-ARG  by "A2-GRANT-05 the grant call matches A1's function (0015) and grant.ts sends it and reads its error"
killed       GRANT-WIRE-NAME  by "A2-GRANT-05 the grant call matches A1's function (0015) and grant.ts sends it and reads its error"
killed       GRANT-ERROR-DROPPED  by "A2-GRANT-05 the grant call matches A1's function (0015) and grant.ts sends it and reads its error"
killed       SIGNUP-EXISTS-SHOWN  by "A2-EMAIL-01 signup, resend and reset send one request each, with links through /auth/callback, and settle without enumeration"
killed       MW-POST  by "A2-MW-02 a signed-in server action POST to /login or /signup passes through (the sign-in claim runs)"

46/46 mutants killed by a declared case.
