baseline: 136 cases pass unmutated, 31 fail (C2/C3 operations this task does not implement); 183 mutants, 4 at a time

killed   ARG-01         buildPlan validates its own arguments, because it is exported [+31 collateral]
killed   ARG-02         buildPlan validates its own arguments, because it is exported [+32 collateral]
killed   AUDIT-01       adminAudit filters by target organization and pages like every other list [+32 collateral]
killed   C0-AUTH-01     the auth answer: a user, signed out, or unavailable - an outage is never 'signed out' [+32 collateral]
killed   C0-BAL-01      a balance that is not exactly this wallet's is not a balance (never a zero) [+31 collateral]
killed   C0-BAL-02      a balance that is not exactly this wallet's is not a balance (never a zero) [+31 collateral]
killed   C0-BAL-03      a balance that is not exactly this wallet's is not a balance (never a zero) [+31 collateral]
killed   C0-BAL-04      a balance that is not exactly this wallet's is not a balance (never a zero) [+31 collateral]
killed   C0-BAL-05      reads.balance: a failed or empty summary is unavailable with fixed text, never a zero [+32 collateral]
killed   C0-CTX-01      a failed wallet read is unavailable, never onboarding (which would offer a second grant) [+32 collateral]
killed   C0-CTX-02      a port that drops the owner predicate cannot hand over another individual's wallet [+31 collateral]
killed   C0-CTX-03      signed out and unverified are typed states that read nothing [+32 collateral]
killed   C0-CTX-04      the PostgREST executor sends the plan: relation, named columns, filters, keyset, tenant last [+31 collateral]
killed   C0-LEDGER-01   a ledger cursor minted for one account is refused for another [+31 collateral]
killed   C0-LEDGER-02   keys: this personal organization's key metadata only, never a hash [+31 collateral]
killed   C0-LEDGER-03   a ledger row that is not CREDIT, or of an unknown kind, fails the page instead of rendering [+31 collateral]
killed   C0-LEDGER-04   a port failure on the ledger is dependency_unavailable; a limit over 100 is invalid_request [+31 collateral]
killed   C0-PGRST-01    the PostgREST executor sends the plan: relation, named columns, filters, keyset, tenant last [+31 collateral]
killed   C0-PGRST-02    the PostgREST executor sends the plan: relation, named columns, filters, keyset, tenant last [+32 collateral]
killed   C0-PGRST-03    the PostgREST executor refuses what it cannot send, and turns an error into a port failure [+31 collateral]
killed   C0-PGRST-04    the PostgREST executor refuses what it cannot send, and turns an error into a port failure [+31 collateral]
killed   C0-PGRST-05    the PostgREST executor refuses what it cannot send, and turns an error into a port failure [+31 collateral]
killed   C0-REQ-01      requests: exact charge in the row's own unit; unsettled is null, never a zero [+31 collateral]
killed   C0-REQ-02      requests: the result state comes from the DB's persisted expiry, in contract order [+31 collateral]
killed   C0-REQ-03      requests: the result state comes from the DB's persisted expiry, in contract order [+31 collateral]
killed   C0-REQ-04      requests: pages resume from the DB's cursor, including at the 100-row cap [+31 collateral]
killed   C0-REQ-05      requests: a row whose unit contradicts its regime, or half a usage report, fails the page [+31 collateral]
killed   C0-REQ-06      request detail: a malformed id is not_found without a query; an unknown one is not_found [+31 collateral]
killed   C0-RPC-01      result: the owned body through the D10 RPC; typed refusals keep a fixed message [+31 collateral]
killed   C0-RPC-02      reads.balance: a failed or empty summary is unavailable with fixed text, never a zero [+32 collateral]
killed   C0-SES-01      consumerSession: an auth outage is unavailable, never signed out [+31 collateral]
killed   C0-SES-02      consumerSession: a configuration or client failure is unavailable, never onboarding or signed out [+31 collateral]
killed   C0-SES-03      consumerSession: a configuration or client failure is unavailable, never onboarding or signed out [+31 collateral]
killed   C0-SES-04      consumerSession: signed out, unverified and onboarding carry no reads; a ready account does [+31 collateral]
killed   C0-SHELL-01    the console shell: an operator without a consumer wallet reaches /admin, not /onboarding [+31 collateral]
killed   C0-SHELL-02    the console shell: an operator without a consumer wallet reaches /admin, not /onboarding [+31 collateral]
killed   C0-SHELL-03    the console shell: sign-in, verification, readiness and outages [+31 collateral]
killed   C0-SHELL-04    the console shell: sign-in, verification, readiness and outages [+31 collateral]
killed   C0-SHELL-05    the console shell: sign-in, verification, readiness and outages [+31 collateral]
killed   C0-USD-01      legacy USD is its own statement: none is null, history is exact USD, never CREDIT [+31 collateral]
killed   C0-USD-02      legacy USD is its own statement: none is null, history is exact USD, never CREDIT [+31 collateral]
killed   C3A-DB-01      key create: a failed write shows fixed text (never the DB's) and says what to do if it committed [+31 collateral]
killed   C3A-DB-02      key create: a failed write shows fixed text (never the DB's) and says what to do if it committed [+31 collateral]
killed   C3A-KEY-01     key create: a smuggled org, role, audience, amount or unknown field is refused before any write [+31 collateral]
killed   C3A-KEY-02     key create: minted server-side for the context's own org and user, secret once, hash stored [+34 collateral]
killed   C3A-KEY-03     key create: only a ready, unsuspended individual may mint a key [+31 collateral]
killed   C3A-KEY-04     key create: only a ready, unsuspended individual may mint a key [+32 collateral]
killed   C3A-KEY-05     key create: name and capture validation (capture is not offered to consumers) [+31 collateral]
killed   C3A-KEY-06     key create: a replay under the same idempotency key never mints twice and never shows a secret [+32 collateral]
killed   C3A-KEY-07     key create: a replay under the same idempotency key never mints twice and never shows a secret [+32 collateral]
killed   C3A-KEY-08     key create: an idempotency key is per individual and per payload [+31 collateral]
killed   C3A-KEY-09     key create: an idempotency key is per individual and per payload [+31 collateral]
killed   C3A-KEY-10     key create: a failed write shows fixed text (never the DB's) and says what to do if it committed [+31 collateral]
killed   C3A-KEY-11     key create: name and capture validation (capture is not offered to consumers) [+31 collateral]
killed   C3A-OP-01      operator: authority, reason and idempotency key are required; the actor is the session [+32 collateral]
killed   C3A-OP-02      operator: authority, reason and idempotency key are required; the actor is the session [+31 collateral]
killed   C3A-OP-03      operator: authority, reason and idempotency key are required; the actor is the session [+31 collateral]
killed   C3A-OP-04      operator: authority, reason and idempotency key are required; the actor is the session [+31 collateral]
killed   C3A-OP-05      operator: no deployed port is an explicit unavailable state, never a silent success [+32 collateral]
killed   C3A-ORIGIN-01  same-origin: a mutation needs an Origin naming this host [+31 collateral]
killed   C3A-ORIGIN-02  same-origin: a mutation needs an Origin naming this host [+31 collateral]
killed   C3A-REV-01     key revoke: tenant-scoped, idempotent, and allowed while suspended [+31 collateral]
killed   C3A-REV-02     key revoke: tenant-scoped, idempotent, and allowed while suspended [+31 collateral]
killed   C3A-REV-03     key revoke: a malformed id or an unready context never reaches the store [+31 collateral]
killed   C3A-REV-04     the supabase key store scopes revoke/find to the org, the consumer audience and (revoke) active keys [+31 collateral]
killed   C3A-REV-05     the supabase key store scopes revoke/find to the org, the consumer audience and (revoke) active keys [+31 collateral]
killed   C3A-REV-06     key revoke: a revoke that changed nothing is ok only when the key really is revoked [+31 collateral]
killed   C3A-SEAM-01    action seam: a cross-site request is refused before any session, store or refresh [+33 collateral]
killed   C3A-SEAM-02    action seam: a cross-site request is refused before any session, store or refresh [+33 collateral]
killed   C3A-SEAM-03    action seam: a cross-site request is refused before any session, store or refresh [+31 collateral]
killed   C3A-SEAM-04    action seam: the read model is refreshed only after an acknowledged change [+31 collateral]
killed   C3A-SEAM-05    action seam: the read model is refreshed only after an acknowledged change [+31 collateral]
killed   C3A-SEAM-06    action seam: the operator action is the session's, and with no port it is unavailable [+31 collateral]
killed   C3A-SEAM-07    action seam: the operator action is the session's, and with no port it is unavailable [+31 collateral]
killed   C3A-WALK-01    no client component reaches lib/services, however indirectly [+31 collateral]
killed   CAP-01         consent history is capped, and the cap is the documented one [+32 collateral]
killed   CAP-02         usageDaily is bounded by its documented cap, not by the fixture [+31 collateral]
killed   CH-01          every page query is ordered, bounded and keyset-resumable in BOTH renderers [+31 collateral]
killed   CH-02          every page query is ordered, bounded and keyset-resumable in BOTH renderers [+31 collateral]
killed   CH-03          every page query is ordered, bounded and keyset-resumable in BOTH renderers [+31 collateral]
killed   CH-04          every page query is ordered, bounded and keyset-resumable in BOTH renderers [+31 collateral]
killed   CLIENT-01      the server-only modules carry their run-time guard as well [+31 collateral]
killed   CLIENT-02      the server-only modules carry their run-time guard as well [+31 collateral]
killed   CREDITS-01     available is the reconciled total minus reservations, on scaled integers [+31 collateral]
killed   CREDITS-02     a missing wallet function is unavailable, never the hold-blind legacy balance [+31 collateral]
killed   CREDITS-03     a missing wallet function is unavailable, never the hold-blind legacy balance [+31 collateral]
killed   CREDITS-04     a wallet row that is absent or inexact is unavailable, not a zero balance [+31 collateral]
killed   CREDITS-05     a wallet row that is absent or inexact is unavailable, not a zero balance [+32 collateral]
killed   CREDITS-06     the sidebar is handed an amount only when the wallet answered [+33 collateral]
killed   CREDITS-07     the layout hands the sidebar a result it cannot turn into a number, and the copy states none [+31 collateral]
killed   CREDITS-08     the balance read is one wallet call that cannot throw [+31 collateral]
killed   CREDITS-09     the balance read is one wallet call that cannot throw [+31 collateral]
killed   CREDITS-10     the balance read is one wallet call that cannot throw [+31 collateral]
killed   CREDITS-11     the layout hands the sidebar a result it cannot turn into a number, and the copy states none [+31 collateral]
killed   CREDITS-12     the layout hands the sidebar a result it cannot turn into a number, and the copy states none [+31 collateral]
killed   CREDITS-13     the layout hands the sidebar a result it cannot turn into a number, and the copy states none [+31 collateral]
killed   CURSOR-01      rejects a cursor it did not issue for this query [+37 collateral]
killed   CURSOR-02      rejects a cursor it did not issue for this query [+36 collateral]
killed   CURSOR-03      the page size is not part of the scope, so it may change mid-walk [+31 collateral]
killed   CURSOR-04      an over-long cursor is refused before it is hashed, even when it authenticates [+31 collateral]
killed   CURSOR-05      a caller who knows the format still cannot mint or edit a cursor [+31 collateral]
killed   ENT-01         entitlements fail closed: R24's three states are never reached by coercion [+31 collateral]
killed   FEEDBACK-01    has_feedback filters in both directions, and the two halves add up [+31 collateral]
killed   FIELD-01       no operation accepts a field the caller invented [+33 collateral]
killed   FILTER-01      a filter outside its vocabulary is invalid_request, not an empty page [+31 collateral]
killed   FILTER-02      a filter outside its vocabulary is invalid_request, not an empty page [+31 collateral]
killed   FILTER-03      a filter value is checked before it is bound: vocabulary, length and timestamp form [+31 collateral]
killed   FILTER-04      a filter value is checked before it is bound: vocabulary, length and timestamp form [+33 collateral]
killed   GUARD-01       a query port that fails is a Result error, never a thrown promise [+40 collateral]
killed   JUDGE-01       a judge sample is projected field by field, so a stored blob cannot widen it [+31 collateral]
killed   KEYMODE-C1     the accounting regime is read from the row, and an unrecognised one is refused [+43 collateral]
killed   KEYNAME-01     a usage row survives a deleted key, and says so [+47 collateral]
killed   KEYNAME-02     a usage row survives a deleted key, and says so [+31 collateral]
killed   KEYNAME-03     a usage row survives a deleted key, and says so [+33 collateral]
killed   LABEL-01       a calibration label never reaches a feedback list or a trace detail, for anyone (R49/R35) [+31 collateral]
killed   LIMIT-01       rejects a limit above the hard bound and a limit that is not a positive integer [+32 collateral]
killed   MASK-01        a principal is masked unless the row says explicitly that no operator was involved [+31 collateral]
killed   MONEY-01       money arrives as text: a number is accepted only where a double still holds eight digits [+31 collateral]
killed   MONEY-02       a wallet amount that arrives as a number is bounded by what a double can hold [+32 collateral]
killed   MONEY-03       money arrives as text: a number is accepted only where a double still holds eight digits [+31 collateral]
killed   MONEY-04       a wallet amount that arrives as a number is bounded by what a double can hold [+31 collateral]
killed   PAGE-01        a page is bounded by the contract's default and its look-ahead row never escapes [+31 collateral]
killed   PAGE-02        a page is bounded by the contract's default and its look-ahead row never escapes [+31 collateral]
killed   PORT-01        every port passes through the tenant check, whatever the port does [+33 collateral]
killed   PORT-02        every port passes through the tenant check, whatever the port does [+31 collateral]
killed   PORT-03        every port passes through the tenant check, whatever the port does [+31 collateral]
killed   PORT-04        every port passes through the tenant check, whatever the port does [+31 collateral]
killed   PORT-05        every port passes through the tenant check, whatever the port does [+31 collateral]
killed   PORT-06        every port passes through the tenant check, whatever the port does [+60 collateral]
killed   PORT-07        an aggregate carries its tenant as a grouping column, and is ordered and bounded [+39 collateral]
killed   PORT-08        every port passes through the tenant check, whatever the port does [+31 collateral]
killed   PORT-09        an aggregate carries its tenant as a grouping column, and is ordered and bounded [+32 collateral]
killed   PREVIEW-01     a production build serves no fixtures whatever environment it is handed [+31 collateral]
killed   PROJECT-01     an operator's identity never reaches a customer view, in any actor field (R41) [+32 collateral]
killed   PROJECT-02     the same masking covers feedback and consent history, which only a write can create [+31 collateral]
killed   PROJECT-03     the same masking covers feedback and consent history, which only a write can create [+31 collateral]
killed   PROJECT-04     ledger and trace pages walk every row exactly once [+31 collateral]
killed   PROTO-01       a prototype key is not a filter, on any query that has filters [+31 collateral]
killed   PROV-01        C-PROV-01 a consumer gets a 404 from the provider-route guard; an operator is let through [+31 collateral]
killed   PROV-02        C-PROV-01 a consumer gets a 404 from the provider-route guard; an operator is let through [+31 collateral]
killed   PROV-03        C-PROV-01 a consumer gets a 404 from the provider-route guard; an operator is let through [+31 collateral]
killed   PROV-04        C-PROV-02 each provider page runs the guard first, before any read [+31 collateral]
killed   PROV-05        C-PROV-02 each provider page runs the guard first, before any read [+31 collateral]
killed   PROV-06        C-PROV-02 each provider page runs the guard first, before any read [+31 collateral]
killed   PROV-07        C-PROV-02 each provider page runs the guard first, before any read [+31 collateral]
killed   REGIME-C1      the accounting regime is read from the row, and an unrecognised one is refused [+31 collateral]
killed   REGIME-C2      the accounting regime is read from the row, and an unrecognised one is refused [+34 collateral]
killed   REGIME-C3      the accounting regime is read from the row, and an unrecognised one is refused [+41 collateral]
killed   REGIME-C4      the rendered statements are the shipped SQL: one relation, named columns, bounded [+31 collateral]
killed   ROLE-01        a non-operator can neither grant nor see other organizations [+33 collateral]
killed   ROLE-02        operator authority is the flag and never a substitute for the organization role [+31 collateral]
killed   ROLE-03        a member can read but cannot mutate settings or keys [+32 collateral]
killed   ROLE-04        a principal is masked unless the row says explicitly that no operator was involved [+31 collateral]
killed   ROLE-05        a truthy isOperator is not authority on the authorization path either [+31 collateral]
killed   ROLE-06        a truthy isOperator is not authority on the authorization path either [+31 collateral]
killed   SAMPLE-C1      a judge sample is projected field by field, so a stored blob cannot widen it [+40 collateral]
killed   SAMPLE-C2      a judge sample is projected field by field, so a stored blob cannot widen it [+40 collateral]
killed   SCAN-01        every case in this track asserts success through a helper, never as a bare ok check [+31 collateral]
killed   SCOPE-01       a cursor belongs to the list that minted it, across every paged list [+31 collateral]
killed   SCOPE-02       a cursor does not survive a change of filter, on every filtered list [+31 collateral]
killed   SCOPE-03       a cursor does not survive a change of filter, on every filtered list [+31 collateral]
killed   SECRET-01      the services hold no secret and no client: a cursor secret is required and never echoed [+31 collateral]
killed   STRICT-01      a stored value that is not what the DTO says is a typed refusal, not a blank [+31 collateral]
killed   STRICT-02      a stored value that is not what the DTO says is a typed refusal, not a blank [+32 collateral]
killed   STRICT-03      a stored value that is not what the DTO says is a typed refusal, not a blank [+31 collateral]
killed   STRICT-04      entitlements fail closed: R24's three states are never reached by coercion [+31 collateral]
killed   STRICT-05      a boolean column is a boolean: a suspension flag is never guessed at [+31 collateral]
killed   STRICT-06      a judge sample is projected field by field, so a stored blob cannot widen it [+31 collateral]
killed   SUMMARY-01     pending_reconciliation counts held unknown usage and nothing else [+31 collateral]
killed   SUSPEND-01     a suspended organization reads everything and is refused only new work (R33) [+32 collateral]
killed   SUSPEND-02     a suspended organization reads everything and is refused only new work (R33) [+31 collateral]
killed   TENANT-01      identifiers from another organization are not_found, in both directions [+88 collateral]
killed   TENANT-02      every page query is ordered, bounded and keyset-resumable in BOTH renderers [+31 collateral]
killed   TENANT-03      identifiers from another organization are not_found, in both directions [+36 collateral]
killed   TENANT-04      the tenanted set is exactly the pinned one, and nothing else is untenanted [+37 collateral]
killed   TENANT-05      a ClickHouse parameter map cannot lose its tenant to a caller parameter [+32 collateral]
killed   TS-01          both UTC timestamp forms are accepted and normalised, microseconds and all [+37 collateral]
killed   TS-02          both UTC timestamp forms are accepted and normalised, microseconds and all [+31 collateral]
killed   TS-04          both UTC timestamp forms are accepted and normalised, microseconds and all [+37 collateral]
killed   WINDOW-C1      the accounting regime is read from the row, and an unrecognised one is refused [+32 collateral]
killed   ZERO-01        an empty window is zeros, not a failure [+31 collateral]
killed   ZERO-02        an empty window is zeros, not a failure [+31 collateral]
killed   ZERO-03        an empty window is zeros, not a failure [+31 collateral]

183 mutants: 183 killed by a named declared case, 0 survived, 0 stale, 0 runner errors, 97.8s
