TAP version 13
# file://<worktree>/apps/app/tests/c/provider-routes.test.ts:14
# import { providerRoute } from "../../lib/services/console.ts";
#          ^^^^^^^^^^^^^
# SyntaxError: The requested module '../../lib/services/console.ts' does not provide an export named 'providerRoute'
#     at ModuleJob._instantiate (node:internal/modules/esm/module_job:226:21)
#     at async ModuleJob.run (node:internal/modules/esm/module_job:335:5)
#     at async onImport.tracePromise.__proto__ (node:internal/modules/esm/loader:681:26)
#     at async asyncRunEntryPointWithESMLoader (node:internal/modules/run_main:117:5)
# Node.js v22.23.1
# Subtest: tests/c/provider-routes.test.ts
not ok 1 - tests/c/provider-routes.test.ts
  ---
  duration_ms: 176.23946
  type: 'test'
  location: '<worktree>/apps/app/tests/c/provider-routes.test.ts:1:1'
  failureType: 'testCodeFailure'
  exitCode: 1
  signal: ~
  error: 'test failed'
  code: 'ERR_TEST_FAILURE'
  ...
1..1
# tests 1
# suites 0
# pass 0
# fail 1
# cancelled 0
# skipped 0
# todo 0
# duration_ms 184.632672
