TAP version 13
# (node:2007968) [MODULE_TYPELESS_PACKAGE_JSON] Warning: Module type of file://<worktree>/apps/app/tests/a/middleware.test.ts is not specified and it doesn't parse as CommonJS.
# Reparsing as ES module because module syntax was detected. This incurs a performance overhead.
# To eliminate this warning, add "type": "module" to <worktree>/apps/app/package.json.
# (Use `node --trace-warnings ...` to show where the warning was created)
# Subtest: A2-MW-01 a signed-in navigation to sign-in or signup is sent to /models
ok 1 - A2-MW-01 a signed-in navigation to sign-in or signup is sent to /models
  ---
  duration_ms: 6.021052
  type: 'test'
  ...
# Subtest: A2-MW-02 a signed-in server action POST to /login or /signup passes through (the sign-in claim runs)
ok 2 - A2-MW-02 a signed-in server action POST to /login or /signup passes through (the sign-in claim runs)
  ---
  duration_ms: 1.091905
  type: 'test'
  ...
# Subtest: A2-MW-03 a signed-out visitor to a guarded route goes to /login with next; public routes are served
ok 3 - A2-MW-03 a signed-out visitor to a guarded route goes to /login with next; public routes are served
  ---
  duration_ms: 0.813062
  type: 'test'
  ...
1..3
# tests 3
# suites 0
# pass 3
# fail 0
# cancelled 0
# skipped 0
# todo 0
# duration_ms 207.35746
