TAP version 13
# (node:2007894) [MODULE_TYPELESS_PACKAGE_JSON] Warning: Module type of file://<worktree>/apps/app/tests/a/middleware.test.ts is not specified and it doesn't parse as CommonJS.
# Reparsing as ES module because module syntax was detected. This incurs a performance overhead.
# To eliminate this warning, add "type": "module" to <worktree>/apps/app/package.json.
# (Use `node --trace-warnings ...` to show where the warning was created)
# Subtest: A2-MW-01 a signed-in navigation to sign-in or signup is sent to /models
ok 1 - A2-MW-01 a signed-in navigation to sign-in or signup is sent to /models
  ---
  duration_ms: 5.147207
  type: 'test'
  ...
# Subtest: A2-MW-02 a signed-in server action POST to /login or /signup passes through (the sign-in claim runs)
not ok 2 - A2-MW-02 a signed-in server action POST to /login or /signup passes through (the sign-in claim runs)
  ---
  duration_ms: 1.886323
  type: 'test'
  location: '<worktree>/apps/app/tests/a/middleware.test.ts:26:1'
  failureType: 'testCodeFailure'
  error: |-
    POST /login must reach its server action
    + actual - expected
    
    + NextURL {
    +   [Symbol(NextURLInternal)]: {
    +     basePath: '',
    +     buildId: undefined,
    +     defaultLocale: undefined,
    +     domainLocale: undefined,
    +     locale: undefined,
    +     options: {
    +       headers: {
    +         'next-action': '0123abcd'
    +       },
    +       nextConfig: undefined
    +     },
    +     trailingSlash: false,
    +     url: http://localhost:3000/models
    +   }
    + }
    - null
    
  code: 'ERR_ASSERTION'
  name: 'AssertionError'
  expected: ~
  actual:
  operator: 'strictEqual'
  stack: |-
    TestContext.<anonymous> (file://<worktree>/apps/app/tests/a/middleware.test.ts:28:12)
    Test.runInAsyncScope (node:async_hooks:214:14)
    Test.run (node:internal/test_runner/test:1047:25)
    Test.processPendingSubtests (node:internal/test_runner/test:744:18)
    Test.postRun (node:internal/test_runner/test:1173:19)
    Test.run (node:internal/test_runner/test:1101:12)
    async startSubtestAfterBootstrap (node:internal/test_runner/harness:296:3)
  ...
# Subtest: A2-MW-03 a signed-out visitor to a guarded route goes to /login with next; public routes are served
ok 3 - A2-MW-03 a signed-out visitor to a guarded route goes to /login with next; public routes are served
  ---
  duration_ms: 1.291385
  type: 'test'
  ...
1..3
# tests 3
# suites 0
# pass 2
# fail 1
# cancelled 0
# skipped 0
# todo 0
# duration_ms 225.309512
