.......s....Fss..F                                                                                                                                                                                                                                                                                                                                                                                       [100%]
=================================================================================================================================================================================================== FAILURES ===================================================================================================================================================================================================
____________________________________________________________________________________________________________________________________________________________________________ test_o05_every_lab_route_family_answers_a_lab_session _____________________________________________________________________________________________________________________________________________________________________________

on = namespace(trip=<pilotbox.Journey object at 0x7c07cdf57410>, procs={'lab-eval': Proc(name='lab-eval', process=<Popen: r..."unavailable"}', 'teacher-batches': '503 {"refusal":"unavailable"}', 'optimizations': '503 {"refusal":"unavailable"}'})

    def test_o05_every_lab_route_family_answers_a_lab_session(on):
        """On the gateway with EVERY switch ON (the dedicated runtime login ROLLOUT_ROUTING needs)."""
        need(on, "gateway")
        wrong = _families(on.trip.box.url, operate.session(operate.ADMIN_A), lambda s: s == 200)
>       assert not wrong, f"route families not serving a Lab session (all switches ON): {wrong}"
E       AssertionError: route families not serving a Lab session (all switches ON): {'control': '503 {"refusal":"unavailable"}', 'traces': '503 {"refusal":"unavailable"}', 'evals': '503 {"refusal":"unavailable"}', 'pipelines': '503 {"refusal":"unavailable"}', 'teacher-batches': '503 {"refusal":"unavailable"}', 'releases': '503 {"refusal":"unavailable"}', 'optimizations': '503 {"refusal":"unavailable"}', 'datasets': '503 {"detail":"the datasets service failed"}'}
E       assert not {'control': '503 {"refusal":"unavailable"}', 'traces': '503 {"refusal":"unavailable"}', 'evals': '503 {"refusal":"unavailable"}', 'pipelines': '503 {"refusal":"unavailable"}', ...}

tests/integration/lab_local/scenarios_on.py:174: AssertionError
___________________________________________________________________________________________________________________________________________________________________________ test_o07_the_lab_web_renders_every_page_family_signed_in ___________________________________________________________________________________________________________________________________________________________________________

    @contextlib.contextmanager
    def map_httpcore_exceptions() -> typing.Iterator[None]:
        global HTTPCORE_EXC_MAP
        if len(HTTPCORE_EXC_MAP) == 0:
            HTTPCORE_EXC_MAP = _load_httpcore_exceptions()
        try:
>           yield

apps/infrx-api/.venv/lib/python3.12/site-packages/httpx/_transports/default.py:101: 
_ _ _ _ _ _ _ _ _ _ _ _ _ _ _ _ _ _ _ _ _ _ _ _ _ _ _ _ _ _ _ _ _ _ _ _ _ _ _ _ _ _ _ _ _ _ _ _ _ _ _ _ _ _ _ _ _ _ _ _ _ _ _ _ _ _ _ _ _ _ _ _ _ _ _ _ _ _ _ _ _ _ _ _ _ _ _ _ _ _ _ _ _ _ _ _ _ _ _ _ _ _ _ _ _ _ _ _ _ _ _ _ _ _ _ _ _ _ _ _ _ _ _ _ _ _ _ _ _ _ _ _ _ _ _ _ _ _ _ _ _ _ _ _ _ _ _ _ _ _ _ _ _ _ _ _ _ _ _ _ _ _ _ _ _ _ _ _ _ _ _ _ _ _ _ _ _ _ _ _ _ _ _ _ _ _ _ _ _ _ _ _ _ _ _ _ _ _ _ _ 
apps/infrx-api/.venv/lib/python3.12/site-packages/httpx/_transports/default.py:250: in handle_request
    resp = self._pool.handle_request(req)
           ^^^^^^^^^^^^^^^^^^^^^^^^^^^^^^
apps/infrx-api/.venv/lib/python3.12/site-packages/httpcore/_sync/connection_pool.py:256: in handle_request
    raise exc from None
apps/infrx-api/.venv/lib/python3.12/site-packages/httpcore/_sync/connection_pool.py:236: in handle_request
    response = connection.handle_request(
apps/infrx-api/.venv/lib/python3.12/site-packages/httpcore/_sync/connection.py:101: in handle_request
    raise exc
apps/infrx-api/.venv/lib/python3.12/site-packages/httpcore/_sync/connection.py:78: in handle_request
    stream = self._connect(request)
             ^^^^^^^^^^^^^^^^^^^^^^
apps/infrx-api/.venv/lib/python3.12/site-packages/httpcore/_sync/connection.py:124: in _connect
    stream = self._network_backend.connect_tcp(**kwargs)
             ^^^^^^^^^^^^^^^^^^^^^^^^^^^^^^^^^^^^^^^^^^^
apps/infrx-api/.venv/lib/python3.12/site-packages/httpcore/_backends/sync.py:207: in connect_tcp
    with map_exceptions(exc_map):
         ^^^^^^^^^^^^^^^^^^^^^^^
/home/rey/.local/share/uv/python/cpython-3.12.13-linux-x86_64-gnu/lib/python3.12/contextlib.py:158: in __exit__
    self.gen.throw(value)
_ _ _ _ _ _ _ _ _ _ _ _ _ _ _ _ _ _ _ _ _ _ _ _ _ _ _ _ _ _ _ _ _ _ _ _ _ _ _ _ _ _ _ _ _ _ _ _ _ _ _ _ _ _ _ _ _ _ _ _ _ _ _ _ _ _ _ _ _ _ _ _ _ _ _ _ _ _ _ _ _ _ _ _ _ _ _ _ _ _ _ _ _ _ _ _ _ _ _ _ _ _ _ _ _ _ _ _ _ _ _ _ _ _ _ _ _ _ _ _ _ _ _ _ _ _ _ _ _ _ _ _ _ _ _ _ _ _ _ _ _ _ _ _ _ _ _ _ _ _ _ _ _ _ _ _ _ _ _ _ _ _ _ _ _ _ _ _ _ _ _ _ _ _ _ _ _ _ _ _ _ _ _ _ _ _ _ _ _ _ _ _ _ _ _ _ _ _ _ _ 

map = {<class 'TimeoutError'>: <class 'httpcore.ConnectTimeout'>, <class 'OSError'>: <class 'httpcore.ConnectError'>}

    @contextlib.contextmanager
    def map_exceptions(map: ExceptionMapping) -> typing.Iterator[None]:
        try:
            yield
        except Exception as exc:  # noqa: PIE786
            for from_exc, to_exc in map.items():
                if isinstance(exc, from_exc):
>                   raise to_exc(exc) from exc
E                   httpcore.ConnectError: [Errno 111] Connection refused

apps/infrx-api/.venv/lib/python3.12/site-packages/httpcore/_exceptions.py:14: ConnectError

The above exception was the direct cause of the following exception:

on = namespace(trip=<pilotbox.Journey object at 0x7c07cdf57410>, procs={'lab-eval': Proc(name='lab-eval', process=<Popen: r..."unavailable"}', 'teacher-batches': '503 {"refusal":"unavailable"}', 'optimizations': '503 {"refusal":"unavailable"}'})

    def test_o07_the_lab_web_renders_every_page_family_signed_in(on):
        import httpx
        need(on, "lab-gateway")
        with lw.lab_web(on.workdir, on.labgw.url, on.standin.url,
                        str(on.control.http.base_url).rstrip("/")) as web:
            assert web.why is None, f"the Lab web did not start: {web.why}"
            cookie = (f"{lw.session_cookie(operate.ADMIN_A)}; "
                      f"infrx-lab-workspace={A}")
            found = {}
            with httpx.Client(base_url=web.origin, verify=False, timeout=60.0) as http:
                for page in PAGES:
>                   answer = http.get(page, headers={"Cookie": cookie})
                             ^^^^^^^^^^^^^^^^^^^^^^^^^^^^^^^^^^^^^^^^^^

tests/integration/lab_local/scenarios_on.py:247: 
_ _ _ _ _ _ _ _ _ _ _ _ _ _ _ _ _ _ _ _ _ _ _ _ _ _ _ _ _ _ _ _ _ _ _ _ _ _ _ _ _ _ _ _ _ _ _ _ _ _ _ _ _ _ _ _ _ _ _ _ _ _ _ _ _ _ _ _ _ _ _ _ _ _ _ _ _ _ _ _ _ _ _ _ _ _ _ _ _ _ _ _ _ _ _ _ _ _ _ _ _ _ _ _ _ _ _ _ _ _ _ _ _ _ _ _ _ _ _ _ _ _ _ _ _ _ _ _ _ _ _ _ _ _ _ _ _ _ _ _ _ _ _ _ _ _ _ _ _ _ _ _ _ _ _ _ _ _ _ _ _ _ _ _ _ _ _ _ _ _ _ _ _ _ _ _ _ _ _ _ _ _ _ _ _ _ _ _ _ _ _ _ _ _ _ _ _ _ _ _ 
apps/infrx-api/.venv/lib/python3.12/site-packages/httpx/_client.py:1053: in get
    return self.request(
apps/infrx-api/.venv/lib/python3.12/site-packages/httpx/_client.py:825: in request
    return self.send(request, auth=auth, follow_redirects=follow_redirects)
           ^^^^^^^^^^^^^^^^^^^^^^^^^^^^^^^^^^^^^^^^^^^^^^^^^^^^^^^^^^^^^^^^
apps/infrx-api/.venv/lib/python3.12/site-packages/httpx/_client.py:914: in send
    response = self._send_handling_auth(
apps/infrx-api/.venv/lib/python3.12/site-packages/httpx/_client.py:942: in _send_handling_auth
    response = self._send_handling_redirects(
apps/infrx-api/.venv/lib/python3.12/site-packages/httpx/_client.py:979: in _send_handling_redirects
    response = self._send_single_request(request)
               ^^^^^^^^^^^^^^^^^^^^^^^^^^^^^^^^^^
apps/infrx-api/.venv/lib/python3.12/site-packages/httpx/_client.py:1014: in _send_single_request
    response = transport.handle_request(request)
               ^^^^^^^^^^^^^^^^^^^^^^^^^^^^^^^^^
apps/infrx-api/.venv/lib/python3.12/site-packages/httpx/_transports/default.py:249: in handle_request
    with map_httpcore_exceptions():
         ^^^^^^^^^^^^^^^^^^^^^^^^^
/home/rey/.local/share/uv/python/cpython-3.12.13-linux-x86_64-gnu/lib/python3.12/contextlib.py:158: in __exit__
    self.gen.throw(value)
_ _ _ _ _ _ _ _ _ _ _ _ _ _ _ _ _ _ _ _ _ _ _ _ _ _ _ _ _ _ _ _ _ _ _ _ _ _ _ _ _ _ _ _ _ _ _ _ _ _ _ _ _ _ _ _ _ _ _ _ _ _ _ _ _ _ _ _ _ _ _ _ _ _ _ _ _ _ _ _ _ _ _ _ _ _ _ _ _ _ _ _ _ _ _ _ _ _ _ _ _ _ _ _ _ _ _ _ _ _ _ _ _ _ _ _ _ _ _ _ _ _ _ _ _ _ _ _ _ _ _ _ _ _ _ _ _ _ _ _ _ _ _ _ _ _ _ _ _ _ _ _ _ _ _ _ _ _ _ _ _ _ _ _ _ _ _ _ _ _ _ _ _ _ _ _ _ _ _ _ _ _ _ _ _ _ _ _ _ _ _ _ _ _ _ _ _ _ _ _ 

    @contextlib.contextmanager
    def map_httpcore_exceptions() -> typing.Iterator[None]:
        global HTTPCORE_EXC_MAP
        if len(HTTPCORE_EXC_MAP) == 0:
            HTTPCORE_EXC_MAP = _load_httpcore_exceptions()
        try:
            yield
        except Exception as exc:
            mapped_exc = None
    
            for from_exc, to_exc in HTTPCORE_EXC_MAP.items():
                if not isinstance(exc, from_exc):
                    continue
                # We want to map to the most specific exception we can find.
                # Eg if `exc` is an `httpcore.ReadTimeout`, we want to map to
                # `httpx.ReadTimeout`, not just `httpx.TimeoutException`.
                if mapped_exc is None or issubclass(to_exc, mapped_exc):
                    mapped_exc = to_exc
    
            if mapped_exc is None:  # pragma: no cover
                raise
    
            message = str(exc)
>           raise mapped_exc(message) from exc
E           httpx.ConnectError: [Errno 111] Connection refused

apps/infrx-api/.venv/lib/python3.12/site-packages/httpx/_transports/default.py:118: ConnectError
=========================================================================================================================================================================================== short test summary info ============================================================================================================================================================================================
FAILED tests/integration/lab_local/scenarios_on.py::test_o05_every_lab_route_family_answers_a_lab_session - AssertionError: route families not serving a Lab session (all switches ON): {'control': '503 {"refusal":"unavailable"}', 'traces': '503 {"refusal":"unavailable"}', 'evals': '503 {"refusal":"unavailable"}', 'pipelines': '503 {"refusal":"unavailable"}', 'teacher-batches': '503 {"refusal":"u...
FAILED tests/integration/lab_local/scenarios_on.py::test_o07_the_lab_web_renders_every_page_family_signed_in - httpx.ConnectError: [Errno 111] Connection refused
SKIPPED [1] tests/integration/lab_local/scenarios_on.py:105: NOT RUN[P-11] lab-training refuses by name until its work source lands (R198/R211): botocore.credentials Found credentials in environment variables. | infrx.lab.workers: refusing to start: INFRX_MODE='lab-training': training has no worker pass: the manual-bundle run is prepared, submitted and finished through the Lab route
SKIPPED [1] tests/integration/lab_local/scenarios_on.py:59: NOT RUN[WR-B4-2,WR-LAB2-4,WR-R4-1] typed unavailable until the lane lands: ['evals', 'optimizations', 'pipelines']
SKIPPED [1] tests/integration/lab_local/scenarios_on.py:59: NOT RUN[WR-B4-2,WR-LAB2-4,WR-P4B-1,WR-R4-1] typed unavailable until the lane lands: ['evals', 'optimizations', 'pipelines', 'teacher-batches']
2 failed, 13 passed, 3 skipped in 17.24s
