....s..ss..FFs..s                                                                                                                                                                                                                                                                                                                                                                                        [100%]
=================================================================================================================================================================================================== FAILURES ===================================================================================================================================================================================================
____________________________________________________________________________________________________________________________________________________________________________ test_o04_the_control_factory_is_ready_on_its_own_login ____________________________________________________________________________________________________________________________________________________________________________

on = namespace(trip=<pilotbox.Journey object at 0x75837e13cce0>, procs={'lab-eval': Proc(name='lab-eval', process=<Popen: r...ER needs an evaluator source (WR-B-2(b)) and a dev target source (WR-B-3)", labgw=<world.Box object at 0x75837e9f7c20>)

    def test_o04_the_control_factory_is_ready_on_its_own_login(on):
        """LDP-R4: the factory on 0043's `infrx_lab_control` (the box's L5 login), not the owner,
        answers /readyz. (LDP-F5: off the transaction pooler it `set role service_role`, which that
        login is refused: a finding for I2L's WR-I2L-4b, never patched here.)"""
>       assert "lab-control-login" not in on.refused, \
            f"the control factory on {lw.CONTROL_LOGIN}: {on.refused.get('lab-control-login')}"
E       AssertionError: the control factory on infrx_lab_control: not within 60 s: the control service ready (last: False)
E       assert 'lab-control-login' not in {'lab-checkpoints': "exited 2: infrx.lab.workers: refusing to start: INFRX_MODE='lab-checkpoints': checkpoints needs a...adable yet; emergency-rollback works", 'lab-control-login': 'not within 60 s: the control service ready (last: False)'}
E        +  where {'lab-checkpoints': "exited 2: infrx.lab.workers: refusing to start: INFRX_MODE='lab-checkpoints': checkpoints needs a...adable yet; emergency-rollback works", 'lab-control-login': 'not within 60 s: the control service ready (last: False)'} = namespace(trip=<pilotbox.Journey object at 0x75837e13cce0>, procs={'lab-eval': Proc(name='lab-eval', process=<Popen: r...ER needs an evaluator source (WR-B-2(b)) and a dev target source (WR-B-3)", labgw=<world.Box object at 0x75837e9f7c20>).refused

tests/integration/lab_local/scenarios_on.py:143: AssertionError
____________________________________________________________________________________________________________________________________________________________________________ test_o05_every_lab_route_family_answers_a_lab_session _____________________________________________________________________________________________________________________________________________________________________________

on = namespace(trip=<pilotbox.Journey object at 0x75837e13cce0>, procs={'lab-eval': Proc(name='lab-eval', process=<Popen: r...ER needs an evaluator source (WR-B-2(b)) and a dev target source (WR-B-3)", labgw=<world.Box object at 0x75837e9f7c20>)

    def test_o05_every_lab_route_family_answers_a_lab_session(on):
        """On the gateway with EVERY switch ON (the dedicated runtime login ROLLOUT_ROUTING needs)."""
        need(on, "gateway")
        wrong = _families(on.trip.box.url, operate.session(operate.ADMIN_A), lambda s: s == 200)
>       assert not wrong, f"route families not serving a Lab session (all switches ON): {wrong}"
E       AssertionError: route families not serving a Lab session (all switches ON): {'control': '503 {"refusal":"unavailable"}', 'traces': '503 {"refusal":"unavailable"}', 'evals': '503 {"refusal":"unavailable"}', 'pipelines': '503 {"refusal":"unavailable"}', 'teacher-batches': '503 {"refusal":"unavailable"}', 'releases': '503 {"refusal":"unavailable"}', 'optimizations': '503 {"refusal":"unavailable"}', 'datasets': '500 {"error":{"message":"An internal error occurred.","type":"server_error","code":"internal_error","request_id":"0cb77ed5-f017-4c96-8e09-7bbb54865dff"}}'}
E       assert not {'control': '503 {"refusal":"unavailable"}', 'traces': '503 {"refusal":"unavailable"}', 'evals': '503 {"refusal":"unavailable"}', 'pipelines': '503 {"refusal":"unavailable"}', ...}

tests/integration/lab_local/scenarios_on.py:173: AssertionError
=========================================================================================================================================================================================== short test summary info ============================================================================================================================================================================================
FAILED tests/integration/lab_local/scenarios_on.py::test_o04_the_control_factory_is_ready_on_its_own_login - AssertionError: the control factory on infrx_lab_control: not within 60 s: the control service ready (last: False)
FAILED tests/integration/lab_local/scenarios_on.py::test_o05_every_lab_route_family_answers_a_lab_session - AssertionError: route families not serving a Lab session (all switches ON): {'control': '503 {"refusal":"unavailable"}', 'traces': '503 {"refusal":"unavailable"}', 'evals': '503 {"refusal":"unavailable"}', 'pipelines': '503 {"refusal":"unavailable"}', 'teacher-batches': '503 {"refusal":"u...
SKIPPED [1] tests/integration/lab_local/scenarios_on.py:104: NOT RUN[WR-B3-3] lab-checkpoints refuses by name until its work source lands (R198/R211): exited 2: infrx.lab.workers: refusing to start: INFRX_MODE='lab-checkpoints': checkpoints needs a registry adapter and L3's dev deployer (WR-B3-3): without them B3 would reject every checkpoint
SKIPPED [1] tests/integration/lab_local/scenarios_on.py:104: NOT RUN[P-11] lab-training refuses by name until its work source lands (R198/R211): botocore.credentials Found credentials in environment variables. | infrx.lab.workers: refusing to start: INFRX_MODE='lab-training': training has no worker pass: the manual-bundle run is prepared, submitted and finished through the Lab route
SKIPPED [1] tests/integration/lab_local/scenarios_on.py:104: NOT RUN[WR-LSQ-9] lab-rollout refuses by name until its work source lands (R198/R211): start: INFRX_MODE='lab-rollout': the rollout pass needs every running or rolled-back D9 release with its frozen plan, R1's live aggregates, the stored B2 report and L3's alias reads (WR-LSQ-9): none is readable yet; emergency-rollback works
SKIPPED [2] tests/integration/lab_local/scenarios_on.py:59: NOT RUN[WR-B4-2,WR-LAB2-4,WR-R4-1] typed unavailable until the lane lands: ['evals', 'optimizations', 'pipelines', 'releases']
2 failed, 10 passed, 5 skipped in 80.28s (0:01:20)
