B1-20260928T1130Z.json -> W5-LAB-SQL-INTEGRATION 5b79ef5c +0 evidence 
B3-20260928T1130Z.json -> W5-LAB-SQL-INTEGRATION 5b79ef5c +0 evidence 
B3-20260928T2030Z.json -> W5-LAB-SQL-INTEGRATION-2 d07470b5 +0 evidence 
B4-20260928T1030Z.json -> W5-LAB-API-2 2e238e36 +0 evidence 
B4-20260928T1620Z.json -> W5-LAB-UI-SWAP 6f627953 +0 evidence 
C2-20260927T2100Z.json -> W5-CONTENT 3df6f537 +0 evidence 
C2-20260928T1130Z.json -> W5-LAB-SQL-LW3 a9752e7f +0 evidence 
C2-20260928T2030Z.json -> W5-LAB-SQL-INTEGRATION-2 d07470b5 +0 evidence 
COMPOSITION-2-20260928T2040Z.json -> W5-COMPOSITION-2 3529168d +0 evidence 
COMPOSITION-2-20260928T2059Z.json -> W5-COMPOSITION-2 3529168d +0 evidence 
COMPOSITION-20260927T2310Z.json -> W5-COMPOSITION 3df6f537 +0 evidence 
COMPOSITION-3-20260929T0110Z.json -> W5-COMPOSITION-3 9698e51b +0 evidence 
COMPOSITION-4-20260929T0540Z.json -> W5-COMPOSITION-4 1cc8a0f0 +0 evidence 
COMPOSITION-5-20260929T2330Z.json -> W5-COMPOSITION-5 a484957e +1 evidence LATER
COMPOSITION-6-20260929T1315Z.json -> W5-COMPOSITION-6 993d481c +1 evidence 
COMPOSITION-7-20260929T1836Z.json -> W5-COMPOSITION-7 b6b7bdae +1 evidence 
D8-20260928T1310Z.json -> W5-LAB-SQL-LW3 a9752e7f +1 evidence 
D8-20260928T1530Z.json -> W5-LAB-SQL-LW3 a9752e7f +2 evidence 
E3L-20260928T2316Z.json -> W5-E3L-BIND 0ab7da7c +1 evidence 
E3L-20260929T0632Z.json -> W5-LAB-OPERATE-2 b0504b44 +0 evidence 
E3L-20260929T0730Z.json -> W5-LAB-APP-CONTROL 72dc76ad +1 evidence 
E3L-20260929T1019Z.json -> W5-LAB-CONTROL-2 084ddc6a +0 evidence 
E3L-F1-20260929T0136Z.json -> W5-E3L-F1 c2a652b9 +1 evidence 
E5L-20260929T1040Z.json -> W5-LAB-OBSERVE-2 21fcb54e +1 evidence LATER
E5L-20260929T1214Z.json -> W5-LAB-E2E c155603e +4 evidence 
E5L-20260929T1308Z.json -> W5-LAB-E2E c155603e +1 evidence 
E5L-20260929T1500Z.json -> W5-LAB-OBSERVE-3 be6b2fde +3 evidence 
E5L-20260929T2045Z.json -> W5-LAB-OBSERVE-4 d719b2d2 +5 evidence 
E5L-20260930T0155Z.json -> W5-LAB-OBSERVE-5 f2ef6b2e +4 evidence 
E6L-20260929T1214Z.json -> W5-LAB-E2E c155603e +0 evidence 
E6L-20260929T1217Z.json -> W5-LAB-EVALUATE-2 fe3c2043 +5 evidence 
E6L-20260929T1308Z.json -> W5-LAB-E2E c155603e +0 evidence 
E6L-20260929T1320Z.json -> W5-LAB-EVAL-MEDIA be1ae258 +2 evidence 
E6L-20260929T2330Z.json -> W5-COMPOSITION-5 a484957e +0 evidence LATER
E7L-20260928T2030Z.json -> W5-LAB-IMPROVE 21ee48de +3 evidence 
E7L-20260928T2347Z.json -> W5-PIPELINES-LINEAGE 8a8096d6 +1 evidence 
E7L-20260929T0000Z.json -> W5-PIPELINES-LINEAGE 8a8096d6 +1 evidence 
E7L-20260929T0540Z.json -> W5-COMPOSITION-4 1cc8a0f0 +0 evidence 
E7L-20260929T1214Z.json -> W5-LAB-E2E c155603e +0 evidence 
E7L-20260929T1308Z.json -> W5-LAB-E2E c155603e +0 evidence 
E7L-20260929T1500Z.json -> W5-LAB-IMPROVE-2 d9392541 +0 evidence LATER
E7L-20260929T1730Z.json -> W5-LAB-IMPROVE-2 d9392541 +0 evidence LATER
E7L-20260929T2000Z.json -> W5-LAB-IMPROVE-2 d9392541 +0 evidence LATER
E8L-20260928T1907Z.json -> W5-LAB-ROLLOUT ef37d72a +1 evidence 
E8L-20260928T2000Z.json -> W5-LAB-ROLLOUT ef37d72a +0 evidence 
E8L-20260929T0230Z.json -> W5-LAB-ROLLOUT-2 5b14c55f +0 evidence 
E8L-20260929T0440Z.json -> W5-ROLLOUT-IDENTITY 57a779af +1 evidence 
E8L-20260929T0852Z.json -> W5-LAB-ROLLOUT-3 512f02a7 +0 evidence 
E8L-20260929T1214Z.json -> W5-LAB-E2E c155603e +0 evidence 
E8L-20260929T1215Z.json -> W5-LAB-ROLLOUT-4 187f95d4 +5 evidence 
E8L-20260929T1308Z.json -> W5-LAB-E2E c155603e +0 evidence 
E8L-20260929T1625Z.json -> W5-LAB-ROLLOUT-5 0716abb4 +4 evidence 
E8L-20260929T1715Z.json -> W5-LAB-ROLLOUT-5 0716abb4 +2 evidence 
E8L-20260929T1900Z.json -> W5-LAB-ROLLOUT-6 f7f98016 +3 evidence 
E8L-20260929T2330Z.json -> W5-COMPOSITION-5 a484957e +0 evidence LATER
E8L-20260929T2355Z.json -> W5-LAB-ROLLOUT-7 3c1b1d34 +3 evidence LATER
G4T-20260927T2100Z.json -> W5-CONTENT 3df6f537 +0 evidence 
I2L-20260929T0950Z.json -> W5-LAB-DEPLOY-PREP 536d0063 +3 evidence 
I2L-20260929T1304Z.json -> W5-LAB-DEPLOY-PREP 536d0063 +2 evidence 
I2L-20260929T1500Z.json -> W5-LAB-CONTROL-ROUTES 828d877d +1 evidence 
I2L-20260929T2215Z.json -> W5-LAB-LOCAL-2 16d7b789 +3 evidence LATER
I2L-20260929T2308Z.json -> W5-LAB-LOCAL-3 27feb079 +4 evidence 
I5-20260928T2040Z.json -> W5-COMPOSITION-2 3529168d +0 evidence 
I6-20260928T2040Z.json -> W5-COMPOSITION-2 3529168d +0 evidence 
I7-20260928T2040Z.json -> W5-COMPOSITION-2 3529168d +0 evidence 
I7-LAB-C7-GAPS-20260929T2108Z.json -> W5-LAB-C7-GAPS 65bdfd7c +2 evidence 
I7-LAB-C7-GAPS-20260929T2135Z.json -> W5-LAB-C7-GAPS 65bdfd7c +0 evidence 
I8-20260928T2337Z.json -> W5-I-HARNESS-KEY 1ca0dd83 +0 evidence 
I8-20260929T0917Z.json -> W5-KNOWN-GOOD-REPROOF ef838acb +0 evidence 
I8-20260929T1245Z.json -> W5-KNOWN-GOOD-REPROOF-2 a3912b07 +1 evidence 
J2-20260928T1130Z.json -> W5-LAB-SQL-INTEGRATION 5b79ef5c +0 evidence 
J3-20260928T0831Z.json -> W5-JUDGE-LW4 3df6f537 +0 evidence 
J3-20260928T2030Z.json -> W5-LAB-SQL-INTEGRATION-2 d07470b5 +0 evidence 
J3-20260929T0110Z.json -> W5-COMPOSITION-3 9698e51b +0 evidence 
KNOWN-GOOD-REPROOF-3-20260929T2118Z.json -> W5-KNOWN-GOOD-REPROOF-3 cae94fe0 +1 evidence 
KNOWN-GOOD-REPROOF-4-20260930T0122Z.json -> W5-KNOWN-GOOD-REPROOF-4 3ec8139d +1 evidence 
L3-20260928T2029Z.json -> W5-LAB-SQL-LW4 aca38b30 +0 evidence 
L3-20260929T1019Z.json -> W5-LAB-CONTROL-2 084ddc6a +0 evidence 
L3-20260929T1712Z.json -> W5-LAB-SQL-LW7 7431e875 +2 evidence 
L3-20260929T1800Z.json -> W5-LAB-SQL-LW8 c77e75ac +1 evidence 
L3-20260929T2301Z.json -> W5-LAB-SQL-LW9 6ca7879f +2 evidence 
L4-20260929T0730Z.json -> W5-LAB-APP-CONTROL 72dc76ad +0 evidence 
LAB-CAPTURE-20260929T1702Z.json -> W5-LAB-CAPTURE 7880f3c5 +5 evidence 
LAB-E2E-20260929T1214Z.json -> W5-LAB-E2E c155603e +0 evidence 
LAB-E2E-20260929T1308Z.json -> W5-LAB-E2E c155603e +0 evidence 
LAB-R3-IDENTITIES-20260930T0214Z.json -> W5-LAB-R3-IDENTITIES e13b1ce7 +2 evidence 
LSQ5-20260929T0030Z.json -> W5-LAB-SQL-LW5 eb561d5f +0 evidence 
LSQ5-20260929T0230Z.json -> W5-LAB-SQL-LW5 eb561d5f +0 evidence LATER
LSQ6-20260929T0322Z.json -> W5-LAB-SQL-LW6 b816f974 +0 evidence 
N3-20260928T2030Z.json -> W5-LAB-SQL-INTEGRATION-2 d07470b5 +0 evidence 
N3-20260928T2335Z.json -> W5-DATASETS-LW5 1d26fd59 +0 evidence LATER
P1-20260928T2030Z.json -> W5-LAB-SQL-INTEGRATION-2 d07470b5 +0 evidence 
P2-20260928T0831Z.json -> W5-JUDGE-LW4 3df6f537 +0 evidence 
P2-20260928T2030Z.json -> W5-LAB-SQL-INTEGRATION-2 d07470b5 +0 evidence 
P2-20260929T0110Z.json -> W5-COMPOSITION-3 9698e51b +0 evidence 
P3-20260928T2030Z.json -> W5-LAB-SQL-INTEGRATION-2 d07470b5 +0 evidence 
P4-20260928T1030Z.json -> W5-LAB-API-2 2e238e36 +0 evidence 
P4-20260928T1620Z.json -> W5-LAB-UI-SWAP 6f627953 +0 evidence 
P4-20260928T2100Z.json -> W5-PIPELINE-UI-2 4bbf5e6c +0 evidence 
R1-20260927T2300Z.json -> W5-ROLLOUT-ROUTING 3df6f537 +1 evidence 
R1-20260928T1130Z.json -> W5-LAB-SQL-INTEGRATION 5b79ef5c +0 evidence 
R1-20260928T2030Z.json -> W5-LAB-SQL-INTEGRATION-2 d07470b5 +0 evidence 
R2-20260928T1130Z.json -> W5-LAB-SQL-INTEGRATION 5b79ef5c +0 evidence 
R2-LAB-C7-GAPS-20260929T2108Z.json -> W5-LAB-C7-GAPS 65bdfd7c +0 evidence 
R2-LAB-C7-GAPS-20260929T2135Z.json -> W5-LAB-C7-GAPS 65bdfd7c +0 evidence 
R2-LAB-LIVE-20260929T1545Z.json -> W5-LAB-LIVE 6ee21d2f +1 evidence 
R3-20260928T1130Z.json -> W5-LAB-SQL-INTEGRATION 5b79ef5c +0 evidence 
R4-20260928T1030Z.json -> W5-LAB-API-2 2e238e36 +0 evidence 
R4-20260928T1620Z.json -> W5-LAB-UI-SWAP 6f627953 +0 evidence 
T2-LAB-CAPTURE-2-20260929T2316Z.json -> W5-LAB-CAPTURE-2 661978e8 +3 evidence 
TRACKER-WAVES-20260928T2052Z.json -> W5-TRACKER-WAVES 2f3a4e83 +0 evidence LATER
V1M-20260928T1123Z.json -> W5-V1M ae72957f +3 evidence 
WR-C3L-2-20260928T0831Z.json -> W5-JUDGE-LW4 3df6f537 +0 evidence 
overlay revision 346 -> 347
files 113 evidence appended 96 missing (not appended) [('I2L-20260929T1304Z.json', 'research/plan/evidence/i/LAB-DEPLOY-PREP-24512389.md (Fix round section)')]
update at later than lane updated: 12
  COMPOSITION-5-20260929T2330Z.json 2026-09-29T23:30:00Z W5-COMPOSITION-5 2026-09-29T11:35:08Z
  E5L-20260929T1040Z.json 2026-09-29T10:40:00Z W5-LAB-OBSERVE-2 2026-09-29T10:30:56Z
  E6L-20260929T2330Z.json 2026-09-29T23:30:00Z W5-COMPOSITION-5 2026-09-29T11:35:08Z
  E7L-20260929T1500Z.json 2026-09-29T15:00:00Z W5-LAB-IMPROVE-2 2026-09-29T02:35:23Z
  E7L-20260929T1730Z.json 2026-09-29T17:30:00Z W5-LAB-IMPROVE-2 2026-09-29T02:35:23Z
  E7L-20260929T2000Z.json 2026-09-29T20:00:00Z W5-LAB-IMPROVE-2 2026-09-29T02:35:23Z
  E8L-20260929T2330Z.json 2026-09-29T23:30:00Z W5-COMPOSITION-5 2026-09-29T11:35:08Z
  E8L-20260929T2355Z.json 2026-09-29T23:55:00Z W5-LAB-ROLLOUT-7 2026-09-29T23:21:53Z
  I2L-20260929T2215Z.json 2026-09-29T22:15:00Z W5-LAB-LOCAL-2 2026-09-29T21:57:57Z
  LSQ5-20260929T0230Z.json 2026-09-29T02:30:00Z W5-LAB-SQL-LW5 2026-09-29T01:46:16Z
  N3-20260928T2335Z.json 2026-09-29T01:30:00Z W5-DATASETS-LW5 2026-09-29T00:52:29Z
  TRACKER-WAVES-20260928T2052Z.json 2026-09-28T21:10:00Z W5-TRACKER-WAVES 2026-09-28T21:09:05Z
