FAIL INT-01 main = 41693d5d -- dff31efc
FAIL INT-01 integration_head = the wave base -- a807869a
FAIL INT-01 deployed: runtime 41693d5d CREDIT -- 
FAIL INT-01 deployed: hosted 0001-0059 + digests, Lab 7ecbab0e, lab.callbill.ai, lab-control edge -- 
FAIL INT-01 E4C next_action = the four remaining steps -- prerequisites: P-06 enacted (2026-09-26), known-good proof through 0026, SNS topic + role grant (subscription pending the user), SSM parameters created, hosted confirmed at 0018 with 0019–0026 pending; left: G2 green at RELEASE (G2-FIX), the operator items B-03..B-11, the window itself
FAIL INT-03 seven gate records -- []
FAIL INT-03 E3L: candidate, decision, cells, classes+reruns, evidence exist -- bad=[] missing=[]
FAIL INT-03 E5L: candidate, decision, cells, classes+reruns, evidence exist -- bad=[] missing=[]
FAIL INT-03 E6L: candidate, decision, cells, classes+reruns, evidence exist -- bad=[] missing=[]
FAIL INT-03 E7L: candidate, decision, cells, classes+reruns, evidence exist -- bad=[] missing=[]
FAIL INT-03 E8L: candidate, decision, cells, classes+reruns, evidence exist -- bad=[] missing=[]
FAIL INT-03 E4-ON: candidate, decision, cells, classes+reruns, evidence exist -- bad=[] missing=[]
FAIL INT-03 COMPLETE-LOCAL: candidate, decision, cells, classes+reruns, evidence exist -- bad=[] missing=[]
FAIL INT-03 APP-LOCAL decision as recorded (note cites session-03) -- 
FAIL INT-03 APP-PILOT decision as recorded (note cites session-03) -- 
FAIL INT-04 E5L closure_note -- 
FAIL INT-04 E6L closure_note -- 
FAIL INT-04 E8L closure_note -- 
FAIL INT-04 I2A closure_note -- 
FAIL INT-04 E3A closure_note -- 
ok   INT-04 no manifest status changed
FAIL INT-02 every update file is ingested -- 113 pending
FAIL INT-07 register names every pending item -- ['A1', 'A11', 'A12', 'A13', 'A14', 'A2', 'A3', 'A4', 'A5', 'A6', 'A7', 'A8', 'CMO-4', 'DT-02', 'DT-04', 'DT-10', 'DT-13', 'INFRA-01', 'INFRA-02', 'INFRA-03', 'INT-01', 'INT-07', 'INT-09', 'INT-10', 'INT-11', 'LAB-01', 'LAB-02', 'LAB-03', 'LAB-04', 'LAB-05', 'LAB-06', 'LAB-07', 'LAB-08', 'LAB-09', 'LAB-10', 'LAB-11', 'LAB-12', 'LAB-14', 'P-01', 'P-02']
FAIL INT-06 migrations README: LOCAL-ONLY convention + state of record -- 
ok   INT-06 no migration changed
FAIL INT-10 COMPOSITION-7:119 carries the 0058 tally sentence -- 
FAIL INT-10 COMPOSITION-7 log line -- 
FAIL INT-11 X1/X3/X5 not activated -- 
FAIL INT-11 inputs P-08 resolved, P-11 open, P-21 resolved -- 
FAIL P-08 ENACTED row in the decisions table -- 
ok   tracker check 0 errors
FAIL tracker: no overlapping-writer / unapplied-update warning -- ['WARNING: stale estimate: lane I2A estimated at 2026-09-26T00:33:19Z (older than 6 h)', 'WARNING: stale estimate: lane E3A estimated at 2026-09-26T22:00:00Z (older than 6 h)', 'WARNING: stale estimate: lane I3 estimated at 2026-09-26T02:11:40Z (older than 6 h)', 'WARNING: stale estimate: lane W5-EVAL-RUNNER estimated at 2026-09-27T16:22:00Z (older than 6 h)', 'WARNING: overlapping writers: E4C (queued) and E3A (queued) both own tests/integration/backend/ / tests/integration/', 'WARNING: overlapping writers: E4C (queued) and I3 (queued) both own tests/integration/backend/ / tests/integration/', 'WARNING: overlapping writers: I2A (review) and E3A (queued) both own apps/app/ / apps/app/tests/', 'WARNING: overlapping writers: E3A (queued) and I3 (queued) both own tests/integration/ / tests/integration/', 'WARNING: 113 update file(s) not applied yet: B1-20260928T1130Z.json, B3-20260928T1130Z.json, B3-20260928T2030Z.json, B4-20260928T1030Z.json, B4-20260928T1620Z.json, C2-20260927T2100Z.json, C2-20260928T1130Z.json, C2-20260928T2030Z.json, COMPOSITION-2-20260928T2040Z.json, COMPOSITION-2-20260928T2059Z.json, COMPOSITION-20260927T2310Z.json, COMPOSITION-3-20260929T0110Z.json, COMPOSITION-4-20260929T0540Z.json, COMPOSITION-5-20260929T2330Z.json, COMPOSITION-6-20260929T1315Z.json, COMPOSITION-7-20260929T1836Z.json, D8-20260928T1310Z.json, D8-20260928T1530Z.json, E3L-20260928T2316Z.json, E3L-20260929T0632Z.json, E3L-20260929T0730Z.json, E3L-20260929T1019Z.json, E3L-F1-20260929T0136Z.json, E5L-20260929T1040Z.json, E5L-20260929T1214Z.json, E5L-20260929T1308Z.json, E5L-20260929T1500Z.json, E5L-20260929T2045Z.json, E5L-20260930T0155Z.json, E6L-20260929T1214Z.json, E6L-20260929T1217Z.json, E6L-20260929T1308Z.json, E6L-20260929T1320Z.json, E6L-20260929T2330Z.json, E7L-20260928T2030Z.json, E7L-20260928T2347Z.json, E7L-20260929T0000Z.json, E7L-20260929T0540Z.json, E7L-20260929T1214Z.json, E7L-20260929T1308Z.json, E7L-20260929T1500Z.json, E7L-20260929T1730Z.json, E7L-20260929T2000Z.json, E8L-20260928T1907Z.json, E8L-20260928T2000Z.json, E8L-20260929T0230Z.json, E8L-20260929T0440Z.json, E8L-20260929T0852Z.json, E8L-20260929T1214Z.json, E8L-20260929T1215Z.json, E8L-20260929T1308Z.json, E8L-20260929T1625Z.json, E8L-20260929T1715Z.json, E8L-20260929T1900Z.json, E8L-20260929T2330Z.json, E8L-20260929T2355Z.json, G4T-20260927T2100Z.json, I2L-20260929T0950Z.json, I2L-20260929T1304Z.json, I2L-20260929T1500Z.json, I2L-20260929T2215Z.json, I2L-20260929T2308Z.json, I5-20260928T2040Z.json, I6-20260928T2040Z.json, I7-20260928T2040Z.json, I7-LAB-C7-GAPS-20260929T2108Z.json, I7-LAB-C7-GAPS-20260929T2135Z.json, I8-20260928T2337Z.json, I8-20260929T0917Z.json, I8-20260929T1245Z.json, J2-20260928T1130Z.json, J3-20260928T0831Z.json, J3-20260928T2030Z.json, J3-20260929T0110Z.json, KNOWN-GOOD-REPROOF-3-20260929T2118Z.json, KNOWN-GOOD-REPROOF-4-20260930T0122Z.json, L3-20260928T2029Z.json, L3-20260929T1019Z.json, L3-20260929T1712Z.json, L3-20260929T1800Z.json, L3-20260929T2301Z.json, L4-20260929T0730Z.json, LAB-CAPTURE-20260929T1702Z.json, LAB-E2E-20260929T1214Z.json, LAB-E2E-20260929T1308Z.json, LAB-R3-IDENTITIES-20260930T0214Z.json, LSQ5-20260929T0030Z.json, LSQ5-20260929T0230Z.json, LSQ6-20260929T0322Z.json, N3-20260928T2030Z.json, N3-20260928T2335Z.json, P1-20260928T2030Z.json, P2-20260928T0831Z.json, P2-20260928T2030Z.json, P2-20260929T0110Z.json, P3-20260928T2030Z.json, P4-20260928T1030Z.json, P4-20260928T1620Z.json, P4-20260928T2100Z.json, R1-20260927T2300Z.json, R1-20260928T1130Z.json, R1-20260928T2030Z.json, R2-20260928T1130Z.json, R2-LAB-C7-GAPS-20260929T2108Z.json, R2-LAB-C7-GAPS-20260929T2135Z.json, R2-LAB-LIVE-20260929T1545Z.json, R3-20260928T1130Z.json, R4-20260928T1030Z.json, R4-20260928T1620Z.json, T2-LAB-CAPTURE-2-20260929T2316Z.json, TRACKER-WAVES-20260928T2052Z.json, V1M-20260928T1123Z.json, WR-C3L-2-20260928T0831Z.json (run apply-updates)']
remaining warnings:
  WARNING: stale estimate: lane I2A estimated at 2026-09-26T00:33:19Z (older than 6 h)
  WARNING: stale estimate: lane E3A estimated at 2026-09-26T22:00:00Z (older than 6 h)
  WARNING: stale estimate: lane I3 estimated at 2026-09-26T02:11:40Z (older than 6 h)
  WARNING: stale estimate: lane W5-EVAL-RUNNER estimated at 2026-09-27T16:22:00Z (older than 6 h)
  WARNING: overlapping writers: E4C (queued) and E3A (queued) both own tests/integration/backend/ / tests/integration/
  WARNING: overlapping writers: E4C (queued) and I3 (queued) both own tests/integration/backend/ / tests/integration/
  WARNING: overlapping writers: I2A (review) and E3A (queued) both own apps/app/ / apps/app/tests/
  WARNING: overlapping writers: E3A (queued) and I3 (queued) both own tests/integration/ / tests/integration/
  WARNING: 113 update file(s) not applied yet: B1-20260928T1130Z.json, B3-20260928T1130Z.json, B3-20260928T2030Z.json, B4-20260928T1030Z.json, B4-20260928T1620Z.json, C2-20260927T2100Z.json, C2-20260928T1130Z.json, C2-20260928T2030Z.json, COMPOSITION-2-20260928T2040Z.json, COMPOSITION-2-20260928T2059Z.json, COMPOSITION-20260927T2310Z.json, COMPOSITION-3-20260929T0110Z.json, COMPOSITION-4-20260929T0540Z.json, COMPOSITION-5-20260929T2330Z.json, COMPOSITION-6-20260929T1315Z.json, COMPOSITION-7-20260929T1836Z.json, D8-20260928T1310Z.json, D8-20260928T1530Z.json, E3L-20260928T2316Z.json, E3L-20260929T0632Z.json, E3L-20260929T0730Z.json, E3L-20260929T1019Z.json, E3L-F1-20260929T0136Z.json, E5L-20260929T1040Z.json, E5L-20260929T1214Z.json, E5L-20260929T1308Z.json, E5L-20260929T1500Z.json, E5L-20260929T2045Z.json, E5L-20260930T0155Z.json, E6L-20260929T1214Z.json, E6L-20260929T1217Z.json, E6L-20260929T1308Z.json, E6L-20260929T1320Z.json, E6L-20260929T2330Z.json, E7L-20260928T2030Z.json, E7L-20260928T2347Z.json, E7L-20260929T0000Z.json, E7L-20260929T0540Z.json, E7L-20260929T1214Z.json, E7L-20260929T1308Z.json, E7L-20260929T1500Z.json, E7L-20260929T1730Z.json, E7L-20260929T2000Z.json, E8L-20260928T1907Z.json, E8L-20260928T2000Z.json, E8L-20260929T0230Z.json, E8L-20260929T0440Z.json, E8L-20260929T0852Z.json, E8L-20260929T1214Z.json, E8L-20260929T1215Z.json, E8L-20260929T1308Z.json, E8L-20260929T1625Z.json, E8L-20260929T1715Z.json, E8L-20260929T1900Z.json, E8L-20260929T2330Z.json, E8L-20260929T2355Z.json, G4T-20260927T2100Z.json, I2L-20260929T0950Z.json, I2L-20260929T1304Z.json, I2L-20260929T1500Z.json, I2L-20260929T2215Z.json, I2L-20260929T2308Z.json, I5-20260928T2040Z.json, I6-20260928T2040Z.json, I7-20260928T2040Z.json, I7-LAB-C7-GAPS-20260929T2108Z.json, I7-LAB-C7-GAPS-20260929T2135Z.json, I8-20260928T2337Z.json, I8-20260929T0917Z.json, I8-20260929T1245Z.json, J2-20260928T1130Z.json, J3-20260928T0831Z.json, J3-20260928T2030Z.json, J3-20260929T0110Z.json, KNOWN-GOOD-REPROOF-3-20260929T2118Z.json, KNOWN-GOOD-REPROOF-4-20260930T0122Z.json, L3-20260928T2029Z.json, L3-20260929T1019Z.json, L3-20260929T1712Z.json, L3-20260929T1800Z.json, L3-20260929T2301Z.json, L4-20260929T0730Z.json, LAB-CAPTURE-20260929T1702Z.json, LAB-E2E-20260929T1214Z.json, LAB-E2E-20260929T1308Z.json, LAB-R3-IDENTITIES-20260930T0214Z.json, LSQ5-20260929T0030Z.json, LSQ5-20260929T0230Z.json, LSQ6-20260929T0322Z.json, N3-20260928T2030Z.json, N3-20260928T2335Z.json, P1-20260928T2030Z.json, P2-20260928T0831Z.json, P2-20260928T2030Z.json, P2-20260929T0110Z.json, P3-20260928T2030Z.json, P4-20260928T1030Z.json, P4-20260928T1620Z.json, P4-20260928T2100Z.json, R1-20260927T2300Z.json, R1-20260928T1130Z.json, R1-20260928T2030Z.json, R2-20260928T1130Z.json, R2-LAB-C7-GAPS-20260929T2108Z.json, R2-LAB-C7-GAPS-20260929T2135Z.json, R2-LAB-LIVE-20260929T1545Z.json, R3-20260928T1130Z.json, R4-20260928T1030Z.json, R4-20260928T1620Z.json, T2-LAB-CAPTURE-2-20260929T2316Z.json, TRACKER-WAVES-20260928T2052Z.json, V1M-20260928T1123Z.json, WR-C3L-2-20260928T0831Z.json (run apply-updates)
ok   validate_plan PASS
FAIL PROGRESS.md shows the launch (lab.callbill.ai) -- 
FAIL: 30 failing item(s)
